ESP-ROM:esp32s3-20210327
Build:Mar 27 2021
rst:0x1 (POWERON),boot:0x4 (SPI_FLASH_BOOT)
SPIWP:0xee
mode:DIO, clock div:1
load:0x3fce2820,len:0x14f0
load:0x403c8700,len:0xde4
load:0x403cb700,len:0x2f58
entry 0x403c8904
I (32) boot: ESP-IDF fff9895c 2nd stage bootloader
I (32) boot: compile time Oct  9 2026 00:37:29
I (32) boot: Multicore bootloader
I (33) boot: chip revision: v0.0
I (36) boot: efuse block revision: v0.0
I (39) boot.esp32s3: Boot SPI Speed : 80MHz
I (43) boot.esp32s3: SPI Mode       : DIO
I (47) boot.esp32s3: SPI Flash Size : 4MB
I (51) boot: Enabling RNG early entropy source...
I (55) boot: Partition Table:
I (58) boot: ## Label            Usage          Type ST Offset   Length
I (64) boot:  0 nvs              WiFi data        01 02 00009000 00006000
I (71) boot:  1 phy_init         RF data          01 01 0000f000 00001000
I (77) boot:  2 factory          factory app      00 00 00010000 00100000
I (84) boot: End of partition table
I (87) esp_image: segment 0: paddr=00010020 vaddr=3c020020 size=0b008h ( 45064) map
I (94) esp_image: segment 1: paddr=0001b030 vaddr=3fc90700 size=031d8h ( 12760) load
I (102) esp_image: segment 2: paddr=0001e210 vaddr=40374000 size=01e08h (  7688) load
I (109) esp_image: segment 3: paddr=00020020 vaddr=42000020 size=15b38h ( 88888) map
I (117) esp_image: segment 4: paddr=00035b60 vaddr=40375e08 size=0a894h ( 43156) load
I (125) esp_image: segment 5: paddr=000403fc vaddr=50000000 size=00024h (    36) load
I (132) boot: Loaded app from partition at offset 0x10000
I (137) boot: Disabling RNG early entropy source...
W (318) rtcinit: o_code calibration fail

I (159) cpu_start: Multicore app
I (181) cpu_start: GPIO 44 and 43 are used as console UART I/O pins
I (181) cpu_start: Pro cpu start user code
I (181) cpu_start: cpu freq: 160000000 Hz
I (183) app_init: Application information:
I (187) app_init: Project name:     esp32s3_i2c_native
I (192) app_init: App version:      1
I (195) app_init: Compile time:     Oct  9 2026 00:37:14
I (200) app_init: ELF file SHA256:  9bd0b6e25...
I (205) app_init: ESP-IDF:          fff9895c
I (209) efuse_init: Min chip rev:     v0.0
I (212) efuse_init: Max chip rev:     v0.99 
I (216) efuse_init: Chip rev:         v0.0
I (220) heap_init: Initializing. RAM available for dynamic allocation:
I (227) heap_init: At 3FC94350 len 000553C0 (340 KiB): RAM
I (232) heap_init: At 3FCE9710 len 00005724 (21 KiB): RAM
I (237) heap_init: At 3FCF0000 len 00008000 (32 KiB): DRAM
I (242) heap_init: At 600FE000 len 00001FE8 (7 KiB): RTCRAM
I (247) spi_flash: detected chip: gd
I (251) spi_flash: flash io: dio
I (254) sleep_gpio: Configure to isolate all GPIO pins in sleep state
I (260) sleep_gpio: Enable automatic switching of GPIO sleep configuration
I (267) main_task: Started on CPU0
I (269) main_task: Calling app_main()
I2C_NATIVE_BOOT profile=connected
I2C_NATIVE_PHASE port=0 profile=connected sda=8 scl=9 speed_hz=100000 pullup=external
I2C_NATIVE_STATUS port=0 name=new_bus actual=ESP_OK expected=ESP_OK
I2C_NATIVE_CHECK port=0 name=new_bus result=PASS
I2C_NATIVE_STATUS port=0 name=probe_sht21 actual=ESP_OK expected=ESP_OK
I2C_NATIVE_CHECK port=0 name=probe_sht21 result=PASS
I2C_NATIVE_STATUS port=0 name=probe_eeprom actual=ESP_OK expected=ESP_OK
I2C_NATIVE_CHECK port=0 name=probe_eeprom result=PASS
I2C_NATIVE_STATUS port=0 name=absent_address_nack actual=ESP_ERR_NOT_FOUND expected=ESP_ERR_NOT_FOUND
I2C_NATIVE_CHECK port=0 name=absent_address_nack result=PASS
I2C_NATIVE_STATUS port=0 name=add_sensor actual=ESP_OK expected=ESP_OK
I2C_NATIVE_CHECK port=0 name=add_sensor result=PASS
I2C_NATIVE_STATUS port=0 name=unsupported_data_nack actual=ESP_ERR_INVALID_RESPONSE expected=ESP_ERR_INVALID_RESPONSE
I2C_NATIVE_CHECK port=0 name=unsupported_data_nack result=PASS
I2C_NATIVE_STATUS port=0 name=conversion_command actual=ESP_OK expected=ESP_OK
I2C_NATIVE_CHECK port=0 name=conversion_command result=PASS
I2C_NATIVE_STATUS port=0 name=conversion_busy_nack actual=ESP_ERR_INVALID_RESPONSE expected=ESP_ERR_INVALID_RESPONSE
I2C_NATIVE_CHECK port=0 name=conversion_busy_nack result=PASS
I2C_NATIVE_STATUS port=0 name=conversion_read actual=ESP_OK expected=ESP_OK
I2C_NATIVE_CHECK port=0 name=conversion_read result=PASS
I2C_NATIVE_BYTES port=0 name=temperature data=6830a7
I2C_NATIVE_CONVERSION port=0 command=f3 elapsed_us=128457
I2C_NATIVE_CHECK port=0 name=conversion_delay result=PASS
I2C_NATIVE_CHECK port=0 name=sample_crc8 result=PASS
I2C_NATIVE_CHECK port=0 name=sample_status result=PASS
I2C_NATIVE_STATUS port=0 name=conversion_command actual=ESP_OK expected=ESP_OK
I2C_NATIVE_CHECK port=0 name=conversion_command result=PASS
I2C_NATIVE_STATUS port=0 name=conversion_busy_nack actual=ESP_ERR_INVALID_RESPONSE expected=ESP_ERR_INVALID_RESPONSE
I2C_NATIVE_CHECK port=0 name=conversion_busy_nack result=PASS
I2C_NATIVE_STATUS port=0 name=conversion_read actual=ESP_OK expected=ESP_OK
I2C_NATIVE_CHECK port=0 name=conversion_read result=PASS
I2C_NATIVE_BYTES port=0 name=temperature data=68709a
I2C_NATIVE_CONVERSION port=0 command=f3 elapsed_us=128523
I2C_NATIVE_CHECK port=0 name=conversion_delay result=PASS
I2C_NATIVE_CHECK port=0 name=sample_crc8 result=PASS
I2C_NATIVE_CHECK port=0 name=sample_status result=PASS
I2C_NATIVE_CHECK port=0 name=consecutive_conversion_change result=PASS
I2C_NATIVE_STATUS port=0 name=conversion_command actual=ESP_OK expected=ESP_OK
I2C_NATIVE_CHECK port=0 name=conversion_command result=PASS
I2C_NATIVE_STATUS port=0 name=conversion_busy_nack actual=ESP_ERR_INVALID_RESPONSE expected=ESP_ERR_INVALID_RESPONSE
I2C_NATIVE_CHECK port=0 name=conversion_busy_nack result=PASS
I2C_NATIVE_STATUS port=0 name=conversion_read actual=ESP_OK expected=ESP_OK
I2C_NATIVE_CHECK port=0 name=conversion_read result=PASS
I2C_NATIVE_BYTES port=0 name=humidity data=720280
I2C_NATIVE_CONVERSION port=0 command=f5 elapsed_us=68274
I2C_NATIVE_CHECK port=0 name=conversion_delay result=PASS
I2C_NATIVE_CHECK port=0 name=sample_crc8 result=PASS
I2C_NATIVE_CHECK port=0 name=sample_status result=PASS
I2C_NATIVE_STATUS port=0 name=remove_sensor actual=ESP_OK expected=ESP_OK
I2C_NATIVE_CHECK port=0 name=remove_sensor result=PASS
I2C_NATIVE_STATUS port=0 name=add_eeprom actual=ESP_OK expected=ESP_OK
I2C_NATIVE_CHECK port=0 name=add_eeprom result=PASS
I2C_NATIVE_STATUS port=0 name=page_write actual=ESP_OK expected=ESP_OK
I2C_NATIVE_CHECK port=0 name=page_write result=PASS
I2C_NATIVE_STATUS port=0 name=page_write actual=ESP_OK expected=ESP_OK
I2C_NATIVE_CHECK port=0 name=page_write result=PASS
I2C_NATIVE_STATUS port=0 name=page_write actual=ESP_OK expected=ESP_OK
I2C_NATIVE_CHECK port=0 name=page_write result=PASS
I2C_NATIVE_STATUS port=0 name=initial_repeated_start_read actual=ESP_OK expected=ESP_OK
I2C_NATIVE_CHECK port=0 name=initial_repeated_start_read result=PASS
I2C_NATIVE_BYTES port=0 name=initial_eeprom48 data=030a11181f262d343b424950575e656c737a81888f969da4abb2b9c0c7ced5dce3eaf1f8ff060d141b222930373e454c
I2C_NATIVE_CHECK port=0 name=initial_eeprom48_matches result=PASS
I2C_NATIVE_STATUS port=0 name=burst65_write actual=ESP_OK expected=ESP_OK
I2C_NATIVE_CHECK port=0 name=burst65_write result=PASS
I2C_NATIVE_STATUS port=0 name=repeated_start_read48 actual=ESP_OK expected=ESP_OK
I2C_NATIVE_CHECK port=0 name=repeated_start_read48 result=PASS
I2C_NATIVE_BYTES port=0 name=changed_eeprom48 data=d0d1d2d3d4d5d6d7d8d9dadbdcdddedf737a81888f969da4abb2b9c0c7ced5dce3eaf1f8ff060d141b222930373e454c
I2C_NATIVE_CHECK port=0 name=eeprom_page_wrap_and_change result=PASS
I2C_NATIVE_STATUS port=0 name=stop_pointer_write actual=ESP_OK expected=ESP_OK
I2C_NATIVE_CHECK port=0 name=stop_pointer_write result=PASS
I2C_NATIVE_STATUS port=0 name=stop_separated_read48 actual=ESP_OK expected=ESP_OK
I2C_NATIVE_CHECK port=0 name=stop_separated_read48 result=PASS
I2C_NATIVE_BYTES port=0 name=stop_eeprom48 data=d0d1d2d3d4d5d6d7d8d9dadbdcdddedf737a81888f969da4abb2b9c0c7ced5dce3eaf1f8ff060d141b222930373e454c
I2C_NATIVE_CHECK port=0 name=restart_vs_stop result=PASS
I2C_NATIVE_STATUS port=0 name=staged_write_restart_read actual=ESP_OK expected=ESP_OK
I2C_NATIVE_CHECK port=0 name=staged_write_restart_read result=PASS
I2C_NATIVE_BYTES port=0 name=before_stop_page16 data=d0d1d2d3d4d5d6d7d8d9dadbdcdddedf
I2C_NATIVE_CHECK port=0 name=restart_does_not_commit result=PASS
I2C_NATIVE_STATUS port=0 name=committed_after_stop_read actual=ESP_OK expected=ESP_OK
I2C_NATIVE_CHECK port=0 name=committed_after_stop_read result=PASS
I2C_NATIVE_BYTES port=0 name=after_stop_eeprom48 data=505152535455565758595a5b5c5d5e5f737a81888f969da4abb2b9c0c7ced5dce3eaf1f8ff060d141b222930373e454c
I2C_NATIVE_CHECK port=0 name=stop_commits_staged_page result=PASS
I2C_NATIVE_STATUS port=0 name=remove_eeprom actual=ESP_OK expected=ESP_OK
I2C_NATIVE_CHECK port=0 name=remove_eeprom result=PASS
I2C_NATIVE_STATUS port=0 name=delete_bus actual=ESP_OK expected=ESP_OK
I2C_NATIVE_CHECK port=0 name=delete_bus result=PASS
I2C_NATIVE_PHASE port=1 profile=connected sda=10 scl=11 speed_hz=100000 pullup=external
I2C_NATIVE_STATUS port=1 name=new_bus actual=ESP_OK expected=ESP_OK
I2C_NATIVE_CHECK port=1 name=new_bus result=PASS
I2C_NATIVE_STATUS port=1 name=probe_sht21 actual=ESP_OK expected=ESP_OK
I2C_NATIVE_CHECK port=1 name=probe_sht21 result=PASS
I2C_NATIVE_STATUS port=1 name=probe_eeprom actual=ESP_OK expected=ESP_OK
I2C_NATIVE_CHECK port=1 name=probe_eeprom result=PASS
I2C_NATIVE_STATUS port=1 name=absent_address_nack actual=ESP_ERR_NOT_FOUND expected=ESP_ERR_NOT_FOUND
I2C_NATIVE_CHECK port=1 name=absent_address_nack result=PASS
I2C_NATIVE_STATUS port=1 name=add_sensor actual=ESP_OK expected=ESP_OK
I2C_NATIVE_CHECK port=1 name=add_sensor result=PASS
I2C_NATIVE_STATUS port=1 name=unsupported_data_nack actual=ESP_ERR_INVALID_RESPONSE expected=ESP_ERR_INVALID_RESPONSE
I2C_NATIVE_CHECK port=1 name=unsupported_data_nack result=PASS
I2C_NATIVE_STATUS port=1 name=conversion_command actual=ESP_OK expected=ESP_OK
I2C_NATIVE_CHECK port=1 name=conversion_command result=PASS
I2C_NATIVE_STATUS port=1 name=conversion_busy_nack actual=ESP_ERR_INVALID_RESPONSE expected=ESP_ERR_INVALID_RESPONSE
I2C_NATIVE_CHECK port=1 name=conversion_busy_nack result=PASS
I2C_NATIVE_STATUS port=1 name=conversion_read actual=ESP_OK expected=ESP_OK
I2C_NATIVE_CHECK port=1 name=conversion_read result=PASS
I2C_NATIVE_BYTES port=1 name=temperature data=6830a7
I2C_NATIVE_CONVERSION port=1 command=f3 elapsed_us=127966
I2C_NATIVE_CHECK port=1 name=conversion_delay result=PASS
I2C_NATIVE_CHECK port=1 name=sample_crc8 result=PASS
I2C_NATIVE_CHECK port=1 name=sample_status result=PASS
I2C_NATIVE_STATUS port=1 name=conversion_command actual=ESP_OK expected=ESP_OK
I2C_NATIVE_CHECK port=1 name=conversion_command result=PASS
I2C_NATIVE_STATUS port=1 name=conversion_busy_nack actual=ESP_ERR_INVALID_RESPONSE expected=ESP_ERR_INVALID_RESPONSE
I2C_NATIVE_CHECK port=1 name=conversion_busy_nack result=PASS
I2C_NATIVE_STATUS port=1 name=conversion_read actual=ESP_OK expected=ESP_OK
I2C_NATIVE_CHECK port=1 name=conversion_read result=PASS
I2C_NATIVE_BYTES port=1 name=temperature data=68709a
I2C_NATIVE_CONVERSION port=1 command=f3 elapsed_us=128523
I2C_NATIVE_CHECK port=1 name=conversion_delay result=PASS
I2C_NATIVE_CHECK port=1 name=sample_crc8 result=PASS
I2C_NATIVE_CHECK port=1 name=sample_status result=PASS
I2C_NATIVE_CHECK port=1 name=consecutive_conversion_change result=PASS
I2C_NATIVE_STATUS port=1 name=conversion_command actual=ESP_OK expected=ESP_OK
I2C_NATIVE_CHECK port=1 name=conversion_command result=PASS
I2C_NATIVE_STATUS port=1 name=conversion_busy_nack actual=ESP_ERR_INVALID_RESPONSE expected=ESP_ERR_INVALID_RESPONSE
I2C_NATIVE_CHECK port=1 name=conversion_busy_nack result=PASS
I2C_NATIVE_STATUS port=1 name=conversion_read actual=ESP_OK expected=ESP_OK
I2C_NATIVE_CHECK port=1 name=conversion_read result=PASS
I2C_NATIVE_BYTES port=1 name=humidity data=720280
I2C_NATIVE_CONVERSION port=1 command=f5 elapsed_us=68274
I2C_NATIVE_CHECK port=1 name=conversion_delay result=PASS
I2C_NATIVE_CHECK port=1 name=sample_crc8 result=PASS
I2C_NATIVE_CHECK port=1 name=sample_status result=PASS
I2C_NATIVE_STATUS port=1 name=remove_sensor actual=ESP_OK expected=ESP_OK
I2C_NATIVE_CHECK port=1 name=remove_sensor result=PASS
I2C_NATIVE_STATUS port=1 name=add_eeprom actual=ESP_OK expected=ESP_OK
I2C_NATIVE_CHECK port=1 name=add_eeprom result=PASS
I2C_NATIVE_STATUS port=1 name=page_write actual=ESP_OK expected=ESP_OK
I2C_NATIVE_CHECK port=1 name=page_write result=PASS
I2C_NATIVE_STATUS port=1 name=page_write actual=ESP_OK expected=ESP_OK
I2C_NATIVE_CHECK port=1 name=page_write result=PASS
I2C_NATIVE_STATUS port=1 name=page_write actual=ESP_OK expected=ESP_OK
I2C_NATIVE_CHECK port=1 name=page_write result=PASS
I2C_NATIVE_STATUS port=1 name=initial_repeated_start_read actual=ESP_OK expected=ESP_OK
I2C_NATIVE_CHECK port=1 name=initial_repeated_start_read result=PASS
I2C_NATIVE_BYTES port=1 name=initial_eeprom48 data=161d242b323940474e555c636a71787f868d949ba2a9b0b7bec5ccd3dae1e8eff6fd040b121920272e353c434a51585f
I2C_NATIVE_CHECK port=1 name=initial_eeprom48_matches result=PASS
I2C_NATIVE_STATUS port=1 name=burst65_write actual=ESP_OK expected=ESP_OK
I2C_NATIVE_CHECK port=1 name=burst65_write result=PASS
I2C_NATIVE_STATUS port=1 name=repeated_start_read48 actual=ESP_OK expected=ESP_OK
I2C_NATIVE_CHECK port=1 name=repeated_start_read48 result=PASS
I2C_NATIVE_BYTES port=1 name=changed_eeprom48 data=d1d2d3d4d5d6d7d8d9dadbdcdddedfe0868d949ba2a9b0b7bec5ccd3dae1e8eff6fd040b121920272e353c434a51585f
I2C_NATIVE_CHECK port=1 name=eeprom_page_wrap_and_change result=PASS
I2C_NATIVE_STATUS port=1 name=stop_pointer_write actual=ESP_OK expected=ESP_OK
I2C_NATIVE_CHECK port=1 name=stop_pointer_write result=PASS
I2C_NATIVE_STATUS port=1 name=stop_separated_read48 actual=ESP_OK expected=ESP_OK
I2C_NATIVE_CHECK port=1 name=stop_separated_read48 result=PASS
I2C_NATIVE_BYTES port=1 name=stop_eeprom48 data=d1d2d3d4d5d6d7d8d9dadbdcdddedfe0868d949ba2a9b0b7bec5ccd3dae1e8eff6fd040b121920272e353c434a51585f
I2C_NATIVE_CHECK port=1 name=restart_vs_stop result=PASS
I2C_NATIVE_STATUS port=1 name=staged_write_restart_read actual=ESP_OK expected=ESP_OK
I2C_NATIVE_CHECK port=1 name=staged_write_restart_read result=PASS
I2C_NATIVE_BYTES port=1 name=before_stop_page16 data=d1d2d3d4d5d6d7d8d9dadbdcdddedfe0
I2C_NATIVE_CHECK port=1 name=restart_does_not_commit result=PASS
I2C_NATIVE_STATUS port=1 name=committed_after_stop_read actual=ESP_OK expected=ESP_OK
I2C_NATIVE_CHECK port=1 name=committed_after_stop_read result=PASS
I2C_NATIVE_BYTES port=1 name=after_stop_eeprom48 data=5152535455565758595a5b5c5d5e5f60868d949ba2a9b0b7bec5ccd3dae1e8eff6fd040b121920272e353c434a51585f
I2C_NATIVE_CHECK port=1 name=stop_commits_staged_page result=PASS
I2C_NATIVE_STATUS port=1 name=remove_eeprom actual=ESP_OK expected=ESP_OK
I2C_NATIVE_CHECK port=1 name=remove_eeprom result=PASS
I2C_NATIVE_STATUS port=1 name=delete_bus actual=ESP_OK expected=ESP_OK
I2C_NATIVE_CHECK port=1 name=delete_bus result=PASS
I2C_NATIVE_DONE profile=connected failures=0 result=PASS