ESP-ROM:esp32s3-20210327
Build:Mar 27 2021
rst:0x1 (POWERON),boot:0x4 (SPI_FLASH_BOOT)
SPIWP:0xee
mode:DIO, clock div:1
load:0x3fce2820,len:0x14f0
load:0x403c8700,len:0xde4
load:0x403cb700,len:0x2f58
entry 0x403c8904
I (32) boot: ESP-IDF fff9895c 2nd stage bootloader
I (32) boot: compile time Oct  9 2026 22:18:23
I (32) boot: Multicore bootloader
I (33) boot: chip revision: v0.0
I (36) boot: efuse block revision: v0.0
I (39) boot.esp32s3: Boot SPI Speed : 80MHz
I (43) boot.esp32s3: SPI Mode       : DIO
I (47) boot.esp32s3: SPI Flash Size : 4MB
I (51) boot: Enabling RNG early entropy source...
I (55) boot: Partition Table:
I (58) boot: ## Label            Usage          Type ST Offset   Length
I (64) boot:  0 nvs              WiFi data        01 02 00009000 00006000
I (71) boot:  1 phy_init         RF data          01 01 0000f000 00001000
I (77) boot:  2 factory          factory app      00 00 00010000 00100000
I (84) boot: End of partition table
I (87) esp_image: segment 0: paddr=00010020 vaddr=3c020020 size=0c54ch ( 50508) map
I (94) esp_image: segment 1: paddr=0001c574 vaddr=3fc92200 size=033f0h ( 13296) load
I (102) esp_image: segment 2: paddr=0001f96c vaddr=40374000 size=006ach (  1708) load
I (109) esp_image: segment 3: paddr=00020020 vaddr=42000020 size=191d4h (102868) map
I (117) esp_image: segment 4: paddr=000391fc vaddr=403746ac size=0da78h ( 55928) load
I (125) esp_image: segment 5: paddr=00046c7c vaddr=50000000 size=00024h (    36) load
I (132) boot: Loaded app from partition at offset 0x10000
I (137) boot: Disabling RNG early entropy source...
W (318) rtcinit: o_code calibration fail

I (159) cpu_start: Multicore app
I (181) cpu_start: GPIO 44 and 43 are used as console UART I/O pins
I (181) cpu_start: Pro cpu start user code
I (181) cpu_start: cpu freq: 160000000 Hz
I (183) app_init: Application information:
I (187) app_init: Project name:     rmt_native
I (191) app_init: App version:      1
I (195) app_init: Compile time:     Oct  9 2026 22:18:11
I (200) app_init: ELF file SHA256:  6b598a6ce...
I (204) app_init: ESP-IDF:          fff9895c
I (208) efuse_init: Min chip rev:     v0.0
I (212) efuse_init: Max chip rev:     v0.99 
I (216) efuse_init: Chip rev:         v0.0
I (220) heap_init: Initializing. RAM available for dynamic allocation:
I (226) heap_init: At 3FC96F00 len 00052810 (330 KiB): RAM
I (231) heap_init: At 3FCE9710 len 00005724 (21 KiB): RAM
I (236) heap_init: At 3FCF0000 len 00008000 (32 KiB): DRAM
I (241) heap_init: At 600FE000 len 00001FE8 (7 KiB): RTCRAM
I (247) spi_flash: detected chip: gd
I (250) spi_flash: flash io: dio
I (253) sleep_gpio: Configure to isolate all GPIO pins in sleep state
I (259) sleep_gpio: Enable automatic switching of GPIO sleep configuration
I (266) main_task: Started on CPU0
I (268) main_task: Calling app_main()
RMT_NATIVE_BOOT profile=connected idf=6.1 tx_gpio=4 rx_gpio=5 sync_tx_gpio=6 sync_rx_gpio=7
RMT_NATIVE_LIMIT name=idle_terminal_half qualification=printed_verbatim_not_specified_by_TRM
RMT_NATIVE_LIMIT name=sync_start_timestamp qualification=requires_model_edge_trace_not_ISR_latency
RMT_NATIVE_PHASE name=external_nec resolution_hz=1000000 payload_symbols=33
RMT_NATIVE_CONTENT phase=external_nec protocol=NEC address=34 command=a7 bytes=34cba758 origin=external_model
RMT_NATIVE_STATUS phase=external_nec name=power_monitor_input actual=ESP_OK expected=ESP_OK
RMT_NATIVE_CHECK phase=external_nec name=power_monitor_input result=PASS
RMT_NATIVE_CHECK phase=external_nec name=initial_power_off result=PASS
RMT_NATIVE_STATUS phase=external_nec name=new_rx actual=ESP_OK expected=ESP_OK
RMT_NATIVE_CHECK phase=external_nec name=new_rx result=PASS
RMT_NATIVE_STATUS phase=external_nec name=rx_callback actual=ESP_OK expected=ESP_OK
RMT_NATIVE_CHECK phase=external_nec name=rx_callback result=PASS
RMT_NATIVE_STATUS phase=external_nec name=enable_rx actual=ESP_OK expected=ESP_OK
RMT_NATIVE_CHECK phase=external_nec name=enable_rx result=PASS
RMT_NATIVE_STATUS phase=external_nec name=receive actual=ESP_OK expected=ESP_OK
RMT_NATIVE_CHECK phase=external_nec name=receive result=PASS
RMT_NATIVE_EXTERNAL_READY rx_gpio=8 armed_us=390744
RMT_NATIVE_POWER phase=external_nec gpio=9 level=1 observed_us=483890
RMT_NATIVE_CHECK phase=external_nec name=before_first_frame_empty result=PASS
RMT_NATIVE_TIME phase=external_nec lane=0 submit_us=390744 tx_done_us=0 rx_done_us=662875 tx_events=0 rx_events=1 partial_events=0 tx_symbols=0 rx_symbols=34
RMT_NATIVE_SYMBOL phase=external_nec lane=0 index=0 l0=0 d0=9000 l1=1 d1=4500
RMT_NATIVE_SYMBOL phase=external_nec lane=0 index=1 l0=0 d0=560 l1=1 d1=560
RMT_NATIVE_SYMBOL phase=external_nec lane=0 index=2 l0=0 d0=560 l1=1 d1=560
RMT_NATIVE_SYMBOL phase=external_nec lane=0 index=3 l0=0 d0=560 l1=1 d1=1690
RMT_NATIVE_SYMBOL phase=external_nec lane=0 index=4 l0=0 d0=560 l1=1 d1=560
RMT_NATIVE_SYMBOL phase=external_nec lane=0 index=5 l0=0 d0=560 l1=1 d1=1690
RMT_NATIVE_SYMBOL phase=external_nec lane=0 index=6 l0=0 d0=560 l1=1 d1=1690
RMT_NATIVE_SYMBOL phase=external_nec lane=0 index=7 l0=0 d0=560 l1=1 d1=560
RMT_NATIVE_SYMBOL phase=external_nec lane=0 index=8 l0=0 d0=560 l1=1 d1=560
RMT_NATIVE_SYMBOL phase=external_nec lane=0 index=9 l0=0 d0=560 l1=1 d1=1690
RMT_NATIVE_SYMBOL phase=external_nec lane=0 index=10 l0=0 d0=560 l1=1 d1=1690
RMT_NATIVE_SYMBOL phase=external_nec lane=0 index=11 l0=0 d0=560 l1=1 d1=560
RMT_NATIVE_SYMBOL phase=external_nec lane=0 index=12 l0=0 d0=560 l1=1 d1=1690
RMT_NATIVE_SYMBOL phase=external_nec lane=0 index=13 l0=0 d0=560 l1=1 d1=560
RMT_NATIVE_SYMBOL phase=external_nec lane=0 index=14 l0=0 d0=560 l1=1 d1=560
RMT_NATIVE_SYMBOL phase=external_nec lane=0 index=15 l0=0 d0=560 l1=1 d1=1690
RMT_NATIVE_SYMBOL phase=external_nec lane=0 index=16 l0=0 d0=560 l1=1 d1=1690
RMT_NATIVE_SYMBOL phase=external_nec lane=0 index=17 l0=0 d0=560 l1=1 d1=1690
RMT_NATIVE_SYMBOL phase=external_nec lane=0 index=18 l0=0 d0=560 l1=1 d1=1690
RMT_NATIVE_SYMBOL phase=external_nec lane=0 index=19 l0=0 d0=560 l1=1 d1=1690
RMT_NATIVE_SYMBOL phase=external_nec lane=0 index=20 l0=0 d0=560 l1=1 d1=560
RMT_NATIVE_SYMBOL phase=external_nec lane=0 index=21 l0=0 d0=560 l1=1 d1=560
RMT_NATIVE_SYMBOL phase=external_nec lane=0 index=22 l0=0 d0=560 l1=1 d1=1690
RMT_NATIVE_SYMBOL phase=external_nec lane=0 index=23 l0=0 d0=560 l1=1 d1=560
RMT_NATIVE_SYMBOL phase=external_nec lane=0 index=24 l0=0 d0=560 l1=1 d1=1690
RMT_NATIVE_SYMBOL phase=external_nec lane=0 index=25 l0=0 d0=560 l1=1 d1=560
RMT_NATIVE_SYMBOL phase=external_nec lane=0 index=26 l0=0 d0=560 l1=1 d1=560
RMT_NATIVE_SYMBOL phase=external_nec lane=0 index=27 l0=0 d0=560 l1=1 d1=560
RMT_NATIVE_SYMBOL phase=external_nec lane=0 index=28 l0=0 d0=560 l1=1 d1=1690
RMT_NATIVE_SYMBOL phase=external_nec lane=0 index=29 l0=0 d0=560 l1=1 d1=1690
RMT_NATIVE_SYMBOL phase=external_nec lane=0 index=30 l0=0 d0=560 l1=1 d1=560
RMT_NATIVE_SYMBOL phase=external_nec lane=0 index=31 l0=0 d0=560 l1=1 d1=1690
RMT_NATIVE_SYMBOL phase=external_nec lane=0 index=32 l0=0 d0=560 l1=1 d1=560
RMT_NATIVE_SYMBOL phase=external_nec lane=0 index=33 l0=0 d0=560 l1=1 d1=0
RMT_NATIVE_CHECK phase=external_nec name=external_no_tx result=PASS
RMT_NATIVE_CHECK phase=external_nec name=rx_idle_completion result=PASS
RMT_NATIVE_CHECK phase=external_nec name=rx_exact_count result=PASS
RMT_NATIVE_CHECK phase=external_nec name=rx_exact_payload result=PASS
RMT_NATIVE_CHECK phase=external_nec name=rx_guard_pulse result=PASS
RMT_NATIVE_DECODE phase=external_nec address=34 command=a7 bytes=34cba758
RMT_NATIVE_CHECK phase=external_nec name=external_nec_decode result=PASS
RMT_NATIVE_STATUS phase=external_nec name=disable_rx actual=ESP_OK expected=ESP_OK
RMT_NATIVE_CHECK phase=external_nec name=disable_rx result=PASS
RMT_NATIVE_STATUS phase=external_nec name=delete_rx actual=ESP_OK expected=ESP_OK
RMT_NATIVE_CHECK phase=external_nec name=delete_rx result=PASS
RMT_NATIVE_STATUS phase=setup name=copy_encoder actual=ESP_OK expected=ESP_OK
RMT_NATIVE_CHECK phase=setup name=copy_encoder result=PASS
RMT_NATIVE_STATUS phase=apb_1mhz name=new_tx actual=ESP_OK expected=ESP_OK
RMT_NATIVE_CHECK phase=apb_1mhz name=new_tx result=PASS
RMT_NATIVE_STATUS phase=apb_1mhz name=new_rx actual=ESP_OK expected=ESP_OK
RMT_NATIVE_CHECK phase=apb_1mhz name=new_rx result=PASS
RMT_NATIVE_STATUS phase=apb_1mhz name=tx_callback actual=ESP_OK expected=ESP_OK
RMT_NATIVE_CHECK phase=apb_1mhz name=tx_callback result=PASS
RMT_NATIVE_STATUS phase=apb_1mhz name=rx_callback actual=ESP_OK expected=ESP_OK
RMT_NATIVE_CHECK phase=apb_1mhz name=rx_callback result=PASS
RMT_NATIVE_STATUS phase=apb_1mhz name=enable_tx actual=ESP_OK expected=ESP_OK
RMT_NATIVE_CHECK phase=apb_1mhz name=enable_tx result=PASS
RMT_NATIVE_STATUS phase=apb_1mhz name=enable_rx actual=ESP_OK expected=ESP_OK
RMT_NATIVE_CHECK phase=apb_1mhz name=enable_rx result=PASS
RMT_NATIVE_PHASE name=apb_1mhz resolution_hz=1000000 payload_symbols=8
RMT_NATIVE_EXPECT phase=apb_1mhz index=0 l0=1 d0=31 l1=0 d1=43 edge0_ns=0
RMT_NATIVE_EXPECT phase=apb_1mhz index=1 l0=1 d0=48 l1=0 d1=56 edge0_ns=74000
RMT_NATIVE_EXPECT phase=apb_1mhz index=2 l0=1 d0=65 l1=0 d1=69 edge0_ns=178000
RMT_NATIVE_EXPECT phase=apb_1mhz index=3 l0=1 d0=82 l1=0 d1=82 edge0_ns=312000
RMT_NATIVE_EXPECT phase=apb_1mhz index=4 l0=1 d0=99 l1=0 d1=95 edge0_ns=476000
RMT_NATIVE_EXPECT phase=apb_1mhz index=5 l0=1 d0=45 l1=0 d1=108 edge0_ns=670000
RMT_NATIVE_EXPECT phase=apb_1mhz index=6 l0=1 d0=62 l1=0 d1=121 edge0_ns=823000
RMT_NATIVE_EXPECT phase=apb_1mhz index=7 l0=1 d0=79 l1=0 d1=51 edge0_ns=1006000
RMT_NATIVE_STATUS phase=apb_1mhz name=receive actual=ESP_OK expected=ESP_OK
RMT_NATIVE_CHECK phase=apb_1mhz name=receive result=PASS
RMT_NATIVE_STATUS phase=apb_1mhz name=transmit actual=ESP_OK expected=ESP_OK
RMT_NATIVE_CHECK phase=apb_1mhz name=transmit result=PASS
RMT_NATIVE_STATUS phase=apb_1mhz name=wait_tx actual=ESP_OK expected=ESP_OK
RMT_NATIVE_CHECK phase=apb_1mhz name=wait_tx result=PASS
RMT_NATIVE_TIME phase=apb_1mhz lane=0 submit_us=1122753 tx_done_us=1123939 rx_done_us=1124929 tx_events=1 rx_events=1 partial_events=0 tx_symbols=10 rx_symbols=9
RMT_NATIVE_SYMBOL phase=apb_1mhz lane=0 index=0 l0=1 d0=31 l1=0 d1=43
RMT_NATIVE_SYMBOL phase=apb_1mhz lane=0 index=1 l0=1 d0=48 l1=0 d1=56
RMT_NATIVE_SYMBOL phase=apb_1mhz lane=0 index=2 l0=1 d0=65 l1=0 d1=69
RMT_NATIVE_SYMBOL phase=apb_1mhz lane=0 index=3 l0=1 d0=82 l1=0 d1=82
RMT_NATIVE_SYMBOL phase=apb_1mhz lane=0 index=4 l0=1 d0=99 l1=0 d1=95
RMT_NATIVE_SYMBOL phase=apb_1mhz lane=0 index=5 l0=1 d0=45 l1=0 d1=108
RMT_NATIVE_SYMBOL phase=apb_1mhz lane=0 index=6 l0=1 d0=62 l1=0 d1=121
RMT_NATIVE_SYMBOL phase=apb_1mhz lane=0 index=7 l0=1 d0=79 l1=0 d1=51
RMT_NATIVE_SYMBOL phase=apb_1mhz lane=0 index=8 l0=1 d0=37 l1=0 d1=0
RMT_NATIVE_CHECK phase=apb_1mhz name=tx_single_done result=PASS
RMT_NATIVE_CHECK phase=apb_1mhz name=tx_not_immediate result=PASS
RMT_NATIVE_CHECK phase=apb_1mhz name=rx_idle_completion result=PASS
RMT_NATIVE_CHECK phase=apb_1mhz name=rx_exact_count result=PASS
RMT_NATIVE_CHECK phase=apb_1mhz name=rx_exact_payload result=PASS
RMT_NATIVE_CHECK phase=apb_1mhz name=rx_guard_pulse result=PASS
RMT_NATIVE_PHASE name=long_refill resolution_hz=1000000 payload_symbols=120
RMT_NATIVE_EXPECT phase=long_refill index=0 l0=1 d0=31 l1=0 d1=43 edge0_ns=0
RMT_NATIVE_EXPECT phase=long_refill index=1 l0=1 d0=48 l1=0 d1=56 edge0_ns=74000
RMT_NATIVE_EXPECT phase=long_refill index=2 l0=1 d0=65 l1=0 d1=69 edge0_ns=178000
RMT_NATIVE_EXPECT phase=long_refill index=3 l0=1 d0=82 l1=0 d1=82 edge0_ns=312000
RMT_NATIVE_EXPECT phase=long_refill index=4 l0=1 d0=99 l1=0 d1=95 edge0_ns=476000
RMT_NATIVE_EXPECT phase=long_refill index=5 l0=1 d0=45 l1=0 d1=108 edge0_ns=670000
RMT_NATIVE_EXPECT phase=long_refill index=6 l0=1 d0=62 l1=0 d1=121 edge0_ns=823000
RMT_NATIVE_EXPECT phase=long_refill index=7 l0=1 d0=79 l1=0 d1=51 edge0_ns=1006000
RMT_NATIVE_EXPECT phase=long_refill index=8 l0=1 d0=96 l1=0 d1=64 edge0_ns=1136000
RMT_NATIVE_EXPECT phase=long_refill index=9 l0=1 d0=42 l1=0 d1=77 edge0_ns=1296000
RMT_NATIVE_EXPECT phase=long_refill index=10 l0=1 d0=59 l1=0 d1=90 edge0_ns=1415000
RMT_NATIVE_EXPECT phase=long_refill index=11 l0=1 d0=76 l1=0 d1=103 edge0_ns=1564000
RMT_NATIVE_EXPECT phase=long_refill index=12 l0=1 d0=93 l1=0 d1=116 edge0_ns=1743000
RMT_NATIVE_EXPECT phase=long_refill index=13 l0=1 d0=39 l1=0 d1=46 edge0_ns=1952000
RMT_NATIVE_EXPECT phase=long_refill index=14 l0=1 d0=56 l1=0 d1=59 edge0_ns=2037000
RMT_NATIVE_EXPECT phase=long_refill index=15 l0=1 d0=73 l1=0 d1=72 edge0_ns=2152000
RMT_NATIVE_EXPECT phase=long_refill index=16 l0=1 d0=90 l1=0 d1=85 edge0_ns=2297000
RMT_NATIVE_EXPECT phase=long_refill index=17 l0=1 d0=36 l1=0 d1=98 edge0_ns=2472000
RMT_NATIVE_EXPECT phase=long_refill index=18 l0=1 d0=53 l1=0 d1=111 edge0_ns=2606000
RMT_NATIVE_EXPECT phase=long_refill index=19 l0=1 d0=70 l1=0 d1=124 edge0_ns=2770000
RMT_NATIVE_EXPECT phase=long_refill index=20 l0=1 d0=87 l1=0 d1=54 edge0_ns=2964000
RMT_NATIVE_EXPECT phase=long_refill index=21 l0=1 d0=33 l1=0 d1=67 edge0_ns=3105000
RMT_NATIVE_EXPECT phase=long_refill index=22 l0=1 d0=50 l1=0 d1=80 edge0_ns=3205000
RMT_NATIVE_EXPECT phase=long_refill index=23 l0=1 d0=67 l1=0 d1=93 edge0_ns=3335000
RMT_NATIVE_EXPECT phase=long_refill index=24 l0=1 d0=84 l1=0 d1=106 edge0_ns=3495000
RMT_NATIVE_EXPECT phase=long_refill index=25 l0=1 d0=101 l1=0 d1=119 edge0_ns=3685000
RMT_NATIVE_EXPECT phase=long_refill index=26 l0=1 d0=47 l1=0 d1=49 edge0_ns=3905000
RMT_NATIVE_EXPECT phase=long_refill index=27 l0=1 d0=64 l1=0 d1=62 edge0_ns=4001000
RMT_NATIVE_EXPECT phase=long_refill index=28 l0=1 d0=81 l1=0 d1=75 edge0_ns=4127000
RMT_NATIVE_EXPECT phase=long_refill index=29 l0=1 d0=98 l1=0 d1=88 edge0_ns=4283000
RMT_NATIVE_EXPECT phase=long_refill index=30 l0=1 d0=44 l1=0 d1=101 edge0_ns=4469000
RMT_NATIVE_EXPECT phase=long_refill index=31 l0=1 d0=61 l1=0 d1=114 edge0_ns=4614000
RMT_NATIVE_EXPECT phase=long_refill index=32 l0=1 d0=78 l1=0 d1=44 edge0_ns=4789000
RMT_NATIVE_EXPECT phase=long_refill index=33 l0=1 d0=95 l1=0 d1=57 edge0_ns=4911000
RMT_NATIVE_EXPECT phase=long_refill index=34 l0=1 d0=41 l1=0 d1=70 edge0_ns=5063000
RMT_NATIVE_EXPECT phase=long_refill index=35 l0=1 d0=58 l1=0 d1=83 edge0_ns=5174000
RMT_NATIVE_EXPECT phase=long_refill index=36 l0=1 d0=75 l1=0 d1=96 edge0_ns=5315000
RMT_NATIVE_EXPECT phase=long_refill index=37 l0=1 d0=92 l1=0 d1=109 edge0_ns=5486000
RMT_NATIVE_EXPECT phase=long_refill index=38 l0=1 d0=38 l1=0 d1=122 edge0_ns=5687000
RMT_NATIVE_EXPECT phase=long_refill index=39 l0=1 d0=55 l1=0 d1=52 edge0_ns=5847000
RMT_NATIVE_EXPECT phase=long_refill index=40 l0=1 d0=72 l1=0 d1=65 edge0_ns=5954000
RMT_NATIVE_EXPECT phase=long_refill index=41 l0=1 d0=89 l1=0 d1=78 edge0_ns=6091000
RMT_NATIVE_EXPECT phase=long_refill index=42 l0=1 d0=35 l1=0 d1=91 edge0_ns=6258000
RMT_NATIVE_EXPECT phase=long_refill index=43 l0=1 d0=52 l1=0 d1=104 edge0_ns=6384000
RMT_NATIVE_EXPECT phase=long_refill index=44 l0=1 d0=69 l1=0 d1=117 edge0_ns=6540000
RMT_NATIVE_EXPECT phase=long_refill index=45 l0=1 d0=86 l1=0 d1=47 edge0_ns=6726000
RMT_NATIVE_EXPECT phase=long_refill index=46 l0=1 d0=32 l1=0 d1=60 edge0_ns=6859000
RMT_NATIVE_EXPECT phase=long_refill index=47 l0=1 d0=49 l1=0 d1=73 edge0_ns=6951000
RMT_NATIVE_EXPECT phase=long_refill index=48 l0=1 d0=66 l1=0 d1=86 edge0_ns=7073000
RMT_NATIVE_EXPECT phase=long_refill index=49 l0=1 d0=83 l1=0 d1=99 edge0_ns=7225000
RMT_NATIVE_EXPECT phase=long_refill index=50 l0=1 d0=100 l1=0 d1=112 edge0_ns=7407000
RMT_NATIVE_EXPECT phase=long_refill index=51 l0=1 d0=46 l1=0 d1=125 edge0_ns=7619000
RMT_NATIVE_EXPECT phase=long_refill index=52 l0=1 d0=63 l1=0 d1=55 edge0_ns=7790000
RMT_NATIVE_EXPECT phase=long_refill index=53 l0=1 d0=80 l1=0 d1=68 edge0_ns=7908000
RMT_NATIVE_EXPECT phase=long_refill index=54 l0=1 d0=97 l1=0 d1=81 edge0_ns=8056000
RMT_NATIVE_EXPECT phase=long_refill index=55 l0=1 d0=43 l1=0 d1=94 edge0_ns=8234000
RMT_NATIVE_EXPECT phase=long_refill index=56 l0=1 d0=60 l1=0 d1=107 edge0_ns=8371000
RMT_NATIVE_EXPECT phase=long_refill index=57 l0=1 d0=77 l1=0 d1=120 edge0_ns=8538000
RMT_NATIVE_EXPECT phase=long_refill index=58 l0=1 d0=94 l1=0 d1=50 edge0_ns=8735000
RMT_NATIVE_EXPECT phase=long_refill index=59 l0=1 d0=40 l1=0 d1=63 edge0_ns=8879000
RMT_NATIVE_EXPECT phase=long_refill index=60 l0=1 d0=57 l1=0 d1=76 edge0_ns=8982000
RMT_NATIVE_EXPECT phase=long_refill index=61 l0=1 d0=74 l1=0 d1=89 edge0_ns=9115000
RMT_NATIVE_EXPECT phase=long_refill index=62 l0=1 d0=91 l1=0 d1=102 edge0_ns=9278000
RMT_NATIVE_EXPECT phase=long_refill index=63 l0=1 d0=37 l1=0 d1=115 edge0_ns=9471000
RMT_NATIVE_EXPECT phase=long_refill index=64 l0=1 d0=54 l1=0 d1=45 edge0_ns=9623000
RMT_NATIVE_EXPECT phase=long_refill index=65 l0=1 d0=71 l1=0 d1=58 edge0_ns=9722000
RMT_NATIVE_EXPECT phase=long_refill index=66 l0=1 d0=88 l1=0 d1=71 edge0_ns=9851000
RMT_NATIVE_EXPECT phase=long_refill index=67 l0=1 d0=34 l1=0 d1=84 edge0_ns=10010000
RMT_NATIVE_EXPECT phase=long_refill index=68 l0=1 d0=51 l1=0 d1=97 edge0_ns=10128000
RMT_NATIVE_EXPECT phase=long_refill index=69 l0=1 d0=68 l1=0 d1=110 edge0_ns=10276000
RMT_NATIVE_EXPECT phase=long_refill index=70 l0=1 d0=85 l1=0 d1=123 edge0_ns=10454000
RMT_NATIVE_EXPECT phase=long_refill index=71 l0=1 d0=31 l1=0 d1=53 edge0_ns=10662000
RMT_NATIVE_EXPECT phase=long_refill index=72 l0=1 d0=48 l1=0 d1=66 edge0_ns=10746000
RMT_NATIVE_EXPECT phase=long_refill index=73 l0=1 d0=65 l1=0 d1=79 edge0_ns=10860000
RMT_NATIVE_EXPECT phase=long_refill index=74 l0=1 d0=82 l1=0 d1=92 edge0_ns=11004000
RMT_NATIVE_EXPECT phase=long_refill index=75 l0=1 d0=99 l1=0 d1=105 edge0_ns=11178000
RMT_NATIVE_EXPECT phase=long_refill index=76 l0=1 d0=45 l1=0 d1=118 edge0_ns=11382000
RMT_NATIVE_EXPECT phase=long_refill index=77 l0=1 d0=62 l1=0 d1=48 edge0_ns=11545000
RMT_NATIVE_EXPECT phase=long_refill index=78 l0=1 d0=79 l1=0 d1=61 edge0_ns=11655000
RMT_NATIVE_EXPECT phase=long_refill index=79 l0=1 d0=96 l1=0 d1=74 edge0_ns=11795000
RMT_NATIVE_EXPECT phase=long_refill index=80 l0=1 d0=42 l1=0 d1=87 edge0_ns=11965000
RMT_NATIVE_EXPECT phase=long_refill index=81 l0=1 d0=59 l1=0 d1=100 edge0_ns=12094000
RMT_NATIVE_EXPECT phase=long_refill index=82 l0=1 d0=76 l1=0 d1=113 edge0_ns=12253000
RMT_NATIVE_EXPECT phase=long_refill index=83 l0=1 d0=93 l1=0 d1=43 edge0_ns=12442000
RMT_NATIVE_EXPECT phase=long_refill index=84 l0=1 d0=39 l1=0 d1=56 edge0_ns=12578000
RMT_NATIVE_EXPECT phase=long_refill index=85 l0=1 d0=56 l1=0 d1=69 edge0_ns=12673000
RMT_NATIVE_EXPECT phase=long_refill index=86 l0=1 d0=73 l1=0 d1=82 edge0_ns=12798000
RMT_NATIVE_EXPECT phase=long_refill index=87 l0=1 d0=90 l1=0 d1=95 edge0_ns=12953000
RMT_NATIVE_EXPECT phase=long_refill index=88 l0=1 d0=36 l1=0 d1=108 edge0_ns=13138000
RMT_NATIVE_EXPECT phase=long_refill index=89 l0=1 d0=53 l1=0 d1=121 edge0_ns=13282000
RMT_NATIVE_EXPECT phase=long_refill index=90 l0=1 d0=70 l1=0 d1=51 edge0_ns=13456000
RMT_NATIVE_EXPECT phase=long_refill index=91 l0=1 d0=87 l1=0 d1=64 edge0_ns=13577000
RMT_NATIVE_EXPECT phase=long_refill index=92 l0=1 d0=33 l1=0 d1=77 edge0_ns=13728000
RMT_NATIVE_EXPECT phase=long_refill index=93 l0=1 d0=50 l1=0 d1=90 edge0_ns=13838000
RMT_NATIVE_EXPECT phase=long_refill index=94 l0=1 d0=67 l1=0 d1=103 edge0_ns=13978000
RMT_NATIVE_EXPECT phase=long_refill index=95 l0=1 d0=84 l1=0 d1=116 edge0_ns=14148000
RMT_NATIVE_EXPECT phase=long_refill index=96 l0=1 d0=101 l1=0 d1=46 edge0_ns=14348000
RMT_NATIVE_EXPECT phase=long_refill index=97 l0=1 d0=47 l1=0 d1=59 edge0_ns=14495000
RMT_NATIVE_EXPECT phase=long_refill index=98 l0=1 d0=64 l1=0 d1=72 edge0_ns=14601000
RMT_NATIVE_EXPECT phase=long_refill index=99 l0=1 d0=81 l1=0 d1=85 edge0_ns=14737000
RMT_NATIVE_EXPECT phase=long_refill index=100 l0=1 d0=98 l1=0 d1=98 edge0_ns=14903000
RMT_NATIVE_EXPECT phase=long_refill index=101 l0=1 d0=44 l1=0 d1=111 edge0_ns=15099000
RMT_NATIVE_EXPECT phase=long_refill index=102 l0=1 d0=61 l1=0 d1=124 edge0_ns=15254000
RMT_NATIVE_EXPECT phase=long_refill index=103 l0=1 d0=78 l1=0 d1=54 edge0_ns=15439000
RMT_NATIVE_EXPECT phase=long_refill index=104 l0=1 d0=95 l1=0 d1=67 edge0_ns=15571000
RMT_NATIVE_EXPECT phase=long_refill index=105 l0=1 d0=41 l1=0 d1=80 edge0_ns=15733000
RMT_NATIVE_EXPECT phase=long_refill index=106 l0=1 d0=58 l1=0 d1=93 edge0_ns=15854000
RMT_NATIVE_EXPECT phase=long_refill index=107 l0=1 d0=75 l1=0 d1=106 edge0_ns=16005000
RMT_NATIVE_EXPECT phase=long_refill index=108 l0=1 d0=92 l1=0 d1=119 edge0_ns=16186000
RMT_NATIVE_EXPECT phase=long_refill index=109 l0=1 d0=38 l1=0 d1=49 edge0_ns=16397000
RMT_NATIVE_EXPECT phase=long_refill index=110 l0=1 d0=55 l1=0 d1=62 edge0_ns=16484000
RMT_NATIVE_EXPECT phase=long_refill index=111 l0=1 d0=72 l1=0 d1=75 edge0_ns=16601000
RMT_NATIVE_EXPECT phase=long_refill index=112 l0=1 d0=89 l1=0 d1=88 edge0_ns=16748000
RMT_NATIVE_EXPECT phase=long_refill index=113 l0=1 d0=35 l1=0 d1=101 edge0_ns=16925000
RMT_NATIVE_EXPECT phase=long_refill index=114 l0=1 d0=52 l1=0 d1=114 edge0_ns=17061000
RMT_NATIVE_EXPECT phase=long_refill index=115 l0=1 d0=69 l1=0 d1=44 edge0_ns=17227000
RMT_NATIVE_EXPECT phase=long_refill index=116 l0=1 d0=86 l1=0 d1=57 edge0_ns=17340000
RMT_NATIVE_EXPECT phase=long_refill index=117 l0=1 d0=32 l1=0 d1=70 edge0_ns=17483000
RMT_NATIVE_EXPECT phase=long_refill index=118 l0=1 d0=49 l1=0 d1=83 edge0_ns=17585000
RMT_NATIVE_EXPECT phase=long_refill index=119 l0=1 d0=66 l1=0 d1=96 edge0_ns=17717000
RMT_NATIVE_STATUS phase=long_refill name=receive actual=ESP_OK expected=ESP_OK
RMT_NATIVE_CHECK phase=long_refill name=receive result=PASS
RMT_NATIVE_STATUS phase=long_refill name=transmit actual=ESP_OK expected=ESP_OK
RMT_NATIVE_CHECK phase=long_refill name=transmit result=PASS
RMT_NATIVE_STATUS phase=long_refill name=wait_tx actual=ESP_OK expected=ESP_OK
RMT_NATIVE_CHECK phase=long_refill name=wait_tx result=PASS
RMT_NATIVE_TIME phase=long_refill lane=0 submit_us=2162581 tx_done_us=2180510 rx_done_us=2181500 tx_events=1 rx_events=3 partial_events=2 tx_symbols=122 rx_symbols=121
RMT_NATIVE_SYMBOL phase=long_refill lane=0 index=0 l0=1 d0=31 l1=0 d1=43
RMT_NATIVE_SYMBOL phase=long_refill lane=0 index=1 l0=1 d0=48 l1=0 d1=56
RMT_NATIVE_SYMBOL phase=long_refill lane=0 index=2 l0=1 d0=65 l1=0 d1=69
RMT_NATIVE_SYMBOL phase=long_refill lane=0 index=3 l0=1 d0=82 l1=0 d1=82
RMT_NATIVE_SYMBOL phase=long_refill lane=0 index=4 l0=1 d0=99 l1=0 d1=95
RMT_NATIVE_SYMBOL phase=long_refill lane=0 index=5 l0=1 d0=45 l1=0 d1=108
RMT_NATIVE_SYMBOL phase=long_refill lane=0 index=6 l0=1 d0=62 l1=0 d1=121
RMT_NATIVE_SYMBOL phase=long_refill lane=0 index=7 l0=1 d0=79 l1=0 d1=51
RMT_NATIVE_SYMBOL phase=long_refill lane=0 index=8 l0=1 d0=96 l1=0 d1=64
RMT_NATIVE_SYMBOL phase=long_refill lane=0 index=9 l0=1 d0=42 l1=0 d1=77
RMT_NATIVE_SYMBOL phase=long_refill lane=0 index=10 l0=1 d0=59 l1=0 d1=90
RMT_NATIVE_SYMBOL phase=long_refill lane=0 index=11 l0=1 d0=76 l1=0 d1=103
RMT_NATIVE_SYMBOL phase=long_refill lane=0 index=12 l0=1 d0=93 l1=0 d1=116
RMT_NATIVE_SYMBOL phase=long_refill lane=0 index=13 l0=1 d0=39 l1=0 d1=46
RMT_NATIVE_SYMBOL phase=long_refill lane=0 index=14 l0=1 d0=56 l1=0 d1=59
RMT_NATIVE_SYMBOL phase=long_refill lane=0 index=15 l0=1 d0=73 l1=0 d1=72
RMT_NATIVE_SYMBOL phase=long_refill lane=0 index=16 l0=1 d0=90 l1=0 d1=85
RMT_NATIVE_SYMBOL phase=long_refill lane=0 index=17 l0=1 d0=36 l1=0 d1=98
RMT_NATIVE_SYMBOL phase=long_refill lane=0 index=18 l0=1 d0=53 l1=0 d1=111
RMT_NATIVE_SYMBOL phase=long_refill lane=0 index=19 l0=1 d0=70 l1=0 d1=124
RMT_NATIVE_SYMBOL phase=long_refill lane=0 index=20 l0=1 d0=87 l1=0 d1=54
RMT_NATIVE_SYMBOL phase=long_refill lane=0 index=21 l0=1 d0=33 l1=0 d1=67
RMT_NATIVE_SYMBOL phase=long_refill lane=0 index=22 l0=1 d0=50 l1=0 d1=80
RMT_NATIVE_SYMBOL phase=long_refill lane=0 index=23 l0=1 d0=67 l1=0 d1=93
RMT_NATIVE_SYMBOL phase=long_refill lane=0 index=24 l0=1 d0=84 l1=0 d1=106
RMT_NATIVE_SYMBOL phase=long_refill lane=0 index=25 l0=1 d0=101 l1=0 d1=119
RMT_NATIVE_SYMBOL phase=long_refill lane=0 index=26 l0=1 d0=47 l1=0 d1=49
RMT_NATIVE_SYMBOL phase=long_refill lane=0 index=27 l0=1 d0=64 l1=0 d1=62
RMT_NATIVE_SYMBOL phase=long_refill lane=0 index=28 l0=1 d0=81 l1=0 d1=75
RMT_NATIVE_SYMBOL phase=long_refill lane=0 index=29 l0=1 d0=98 l1=0 d1=88
RMT_NATIVE_SYMBOL phase=long_refill lane=0 index=30 l0=1 d0=44 l1=0 d1=101
RMT_NATIVE_SYMBOL phase=long_refill lane=0 index=31 l0=1 d0=61 l1=0 d1=114
RMT_NATIVE_SYMBOL phase=long_refill lane=0 index=32 l0=1 d0=78 l1=0 d1=44
RMT_NATIVE_SYMBOL phase=long_refill lane=0 index=33 l0=1 d0=95 l1=0 d1=57
RMT_NATIVE_SYMBOL phase=long_refill lane=0 index=34 l0=1 d0=41 l1=0 d1=70
RMT_NATIVE_SYMBOL phase=long_refill lane=0 index=35 l0=1 d0=58 l1=0 d1=83
RMT_NATIVE_SYMBOL phase=long_refill lane=0 index=36 l0=1 d0=75 l1=0 d1=96
RMT_NATIVE_SYMBOL phase=long_refill lane=0 index=37 l0=1 d0=92 l1=0 d1=109
RMT_NATIVE_SYMBOL phase=long_refill lane=0 index=38 l0=1 d0=38 l1=0 d1=122
RMT_NATIVE_SYMBOL phase=long_refill lane=0 index=39 l0=1 d0=55 l1=0 d1=52
RMT_NATIVE_SYMBOL phase=long_refill lane=0 index=40 l0=1 d0=72 l1=0 d1=65
RMT_NATIVE_SYMBOL phase=long_refill lane=0 index=41 l0=1 d0=89 l1=0 d1=78
RMT_NATIVE_SYMBOL phase=long_refill lane=0 index=42 l0=1 d0=35 l1=0 d1=91
RMT_NATIVE_SYMBOL phase=long_refill lane=0 index=43 l0=1 d0=52 l1=0 d1=104
RMT_NATIVE_SYMBOL phase=long_refill lane=0 index=44 l0=1 d0=69 l1=0 d1=117
RMT_NATIVE_SYMBOL phase=long_refill lane=0 index=45 l0=1 d0=86 l1=0 d1=47
RMT_NATIVE_SYMBOL phase=long_refill lane=0 index=46 l0=1 d0=32 l1=0 d1=60
RMT_NATIVE_SYMBOL phase=long_refill lane=0 index=47 l0=1 d0=49 l1=0 d1=73
RMT_NATIVE_SYMBOL phase=long_refill lane=0 index=48 l0=1 d0=66 l1=0 d1=86
RMT_NATIVE_SYMBOL phase=long_refill lane=0 index=49 l0=1 d0=83 l1=0 d1=99
RMT_NATIVE_SYMBOL phase=long_refill lane=0 index=50 l0=1 d0=100 l1=0 d1=112
RMT_NATIVE_SYMBOL phase=long_refill lane=0 index=51 l0=1 d0=46 l1=0 d1=125
RMT_NATIVE_SYMBOL phase=long_refill lane=0 index=52 l0=1 d0=63 l1=0 d1=55
RMT_NATIVE_SYMBOL phase=long_refill lane=0 index=53 l0=1 d0=80 l1=0 d1=68
RMT_NATIVE_SYMBOL phase=long_refill lane=0 index=54 l0=1 d0=97 l1=0 d1=81
RMT_NATIVE_SYMBOL phase=long_refill lane=0 index=55 l0=1 d0=43 l1=0 d1=94
RMT_NATIVE_SYMBOL phase=long_refill lane=0 index=56 l0=1 d0=60 l1=0 d1=107
RMT_NATIVE_SYMBOL phase=long_refill lane=0 index=57 l0=1 d0=77 l1=0 d1=120
RMT_NATIVE_SYMBOL phase=long_refill lane=0 index=58 l0=1 d0=94 l1=0 d1=50
RMT_NATIVE_SYMBOL phase=long_refill lane=0 index=59 l0=1 d0=40 l1=0 d1=63
RMT_NATIVE_SYMBOL phase=long_refill lane=0 index=60 l0=1 d0=57 l1=0 d1=76
RMT_NATIVE_SYMBOL phase=long_refill lane=0 index=61 l0=1 d0=74 l1=0 d1=89
RMT_NATIVE_SYMBOL phase=long_refill lane=0 index=62 l0=1 d0=91 l1=0 d1=102
RMT_NATIVE_SYMBOL phase=long_refill lane=0 index=63 l0=1 d0=37 l1=0 d1=115
RMT_NATIVE_SYMBOL phase=long_refill lane=0 index=64 l0=1 d0=54 l1=0 d1=45
RMT_NATIVE_SYMBOL phase=long_refill lane=0 index=65 l0=1 d0=71 l1=0 d1=58
RMT_NATIVE_SYMBOL phase=long_refill lane=0 index=66 l0=1 d0=88 l1=0 d1=71
RMT_NATIVE_SYMBOL phase=long_refill lane=0 index=67 l0=1 d0=34 l1=0 d1=84
RMT_NATIVE_SYMBOL phase=long_refill lane=0 index=68 l0=1 d0=51 l1=0 d1=97
RMT_NATIVE_SYMBOL phase=long_refill lane=0 index=69 l0=1 d0=68 l1=0 d1=110
RMT_NATIVE_SYMBOL phase=long_refill lane=0 index=70 l0=1 d0=85 l1=0 d1=123
RMT_NATIVE_SYMBOL phase=long_refill lane=0 index=71 l0=1 d0=31 l1=0 d1=53
RMT_NATIVE_SYMBOL phase=long_refill lane=0 index=72 l0=1 d0=48 l1=0 d1=66
RMT_NATIVE_SYMBOL phase=long_refill lane=0 index=73 l0=1 d0=65 l1=0 d1=79
RMT_NATIVE_SYMBOL phase=long_refill lane=0 index=74 l0=1 d0=82 l1=0 d1=92
RMT_NATIVE_SYMBOL phase=long_refill lane=0 index=75 l0=1 d0=99 l1=0 d1=105
RMT_NATIVE_SYMBOL phase=long_refill lane=0 index=76 l0=1 d0=45 l1=0 d1=118
RMT_NATIVE_SYMBOL phase=long_refill lane=0 index=77 l0=1 d0=62 l1=0 d1=48
RMT_NATIVE_SYMBOL phase=long_refill lane=0 index=78 l0=1 d0=79 l1=0 d1=61
RMT_NATIVE_SYMBOL phase=long_refill lane=0 index=79 l0=1 d0=96 l1=0 d1=74
RMT_NATIVE_SYMBOL phase=long_refill lane=0 index=80 l0=1 d0=42 l1=0 d1=87
RMT_NATIVE_SYMBOL phase=long_refill lane=0 index=81 l0=1 d0=59 l1=0 d1=100
RMT_NATIVE_SYMBOL phase=long_refill lane=0 index=82 l0=1 d0=76 l1=0 d1=113
RMT_NATIVE_SYMBOL phase=long_refill lane=0 index=83 l0=1 d0=93 l1=0 d1=43
RMT_NATIVE_SYMBOL phase=long_refill lane=0 index=84 l0=1 d0=39 l1=0 d1=56
RMT_NATIVE_SYMBOL phase=long_refill lane=0 index=85 l0=1 d0=56 l1=0 d1=69
RMT_NATIVE_SYMBOL phase=long_refill lane=0 index=86 l0=1 d0=73 l1=0 d1=82
RMT_NATIVE_SYMBOL phase=long_refill lane=0 index=87 l0=1 d0=90 l1=0 d1=95
RMT_NATIVE_SYMBOL phase=long_refill lane=0 index=88 l0=1 d0=36 l1=0 d1=108
RMT_NATIVE_SYMBOL phase=long_refill lane=0 index=89 l0=1 d0=53 l1=0 d1=121
RMT_NATIVE_SYMBOL phase=long_refill lane=0 index=90 l0=1 d0=70 l1=0 d1=51
RMT_NATIVE_SYMBOL phase=long_refill lane=0 index=91 l0=1 d0=87 l1=0 d1=64
RMT_NATIVE_SYMBOL phase=long_refill lane=0 index=92 l0=1 d0=33 l1=0 d1=77
RMT_NATIVE_SYMBOL phase=long_refill lane=0 index=93 l0=1 d0=50 l1=0 d1=90
RMT_NATIVE_SYMBOL phase=long_refill lane=0 index=94 l0=1 d0=67 l1=0 d1=103
RMT_NATIVE_SYMBOL phase=long_refill lane=0 index=95 l0=1 d0=84 l1=0 d1=116
RMT_NATIVE_SYMBOL phase=long_refill lane=0 index=96 l0=1 d0=101 l1=0 d1=46
RMT_NATIVE_SYMBOL phase=long_refill lane=0 index=97 l0=1 d0=47 l1=0 d1=59
RMT_NATIVE_SYMBOL phase=long_refill lane=0 index=98 l0=1 d0=64 l1=0 d1=72
RMT_NATIVE_SYMBOL phase=long_refill lane=0 index=99 l0=1 d0=81 l1=0 d1=85
RMT_NATIVE_SYMBOL phase=long_refill lane=0 index=100 l0=1 d0=98 l1=0 d1=98
RMT_NATIVE_SYMBOL phase=long_refill lane=0 index=101 l0=1 d0=44 l1=0 d1=111
RMT_NATIVE_SYMBOL phase=long_refill lane=0 index=102 l0=1 d0=61 l1=0 d1=124
RMT_NATIVE_SYMBOL phase=long_refill lane=0 index=103 l0=1 d0=78 l1=0 d1=54
RMT_NATIVE_SYMBOL phase=long_refill lane=0 index=104 l0=1 d0=95 l1=0 d1=67
RMT_NATIVE_SYMBOL phase=long_refill lane=0 index=105 l0=1 d0=41 l1=0 d1=80
RMT_NATIVE_SYMBOL phase=long_refill lane=0 index=106 l0=1 d0=58 l1=0 d1=93
RMT_NATIVE_SYMBOL phase=long_refill lane=0 index=107 l0=1 d0=75 l1=0 d1=106
RMT_NATIVE_SYMBOL phase=long_refill lane=0 index=108 l0=1 d0=92 l1=0 d1=119
RMT_NATIVE_SYMBOL phase=long_refill lane=0 index=109 l0=1 d0=38 l1=0 d1=49
RMT_NATIVE_SYMBOL phase=long_refill lane=0 index=110 l0=1 d0=55 l1=0 d1=62
RMT_NATIVE_SYMBOL phase=long_refill lane=0 index=111 l0=1 d0=72 l1=0 d1=75
RMT_NATIVE_SYMBOL phase=long_refill lane=0 index=112 l0=1 d0=89 l1=0 d1=88
RMT_NATIVE_SYMBOL phase=long_refill lane=0 index=113 l0=1 d0=35 l1=0 d1=101
RMT_NATIVE_SYMBOL phase=long_refill lane=0 index=114 l0=1 d0=52 l1=0 d1=114
RMT_NATIVE_SYMBOL phase=long_refill lane=0 index=115 l0=1 d0=69 l1=0 d1=44
RMT_NATIVE_SYMBOL phase=long_refill lane=0 index=116 l0=1 d0=86 l1=0 d1=57
RMT_NATIVE_SYMBOL phase=long_refill lane=0 index=117 l0=1 d0=32 l1=0 d1=70
RMT_NATIVE_SYMBOL phase=long_refill lane=0 index=118 l0=1 d0=49 l1=0 d1=83
RMT_NATIVE_SYMBOL phase=long_refill lane=0 index=119 l0=1 d0=66 l1=0 d1=96
RMT_NATIVE_SYMBOL phase=long_refill lane=0 index=120 l0=1 d0=37 l1=0 d1=0
RMT_NATIVE_CHECK phase=long_refill name=tx_single_done result=PASS
RMT_NATIVE_CHECK phase=long_refill name=tx_not_immediate result=PASS
RMT_NATIVE_CHECK phase=long_refill name=rx_idle_completion result=PASS
RMT_NATIVE_CHECK phase=long_refill name=rx_exact_count result=PASS
RMT_NATIVE_CHECK phase=long_refill name=rx_exact_payload result=PASS
RMT_NATIVE_CHECK phase=long_refill name=rx_guard_pulse result=PASS
RMT_NATIVE_CHECK phase=long_refill name=rx_ring_partial_progress result=PASS
RMT_NATIVE_PHASE name=noise_filter resolution_hz=1000000 payload_symbols=1
RMT_NATIVE_STATUS phase=noise_filter name=receive actual=ESP_OK expected=ESP_OK
RMT_NATIVE_CHECK phase=noise_filter name=receive result=PASS
RMT_NATIVE_STATUS phase=noise_filter name=transmit_glitch actual=ESP_OK expected=ESP_OK
RMT_NATIVE_CHECK phase=noise_filter name=transmit_glitch result=PASS
RMT_NATIVE_STATUS phase=noise_filter name=wait_glitch actual=ESP_OK expected=ESP_OK
RMT_NATIVE_CHECK phase=noise_filter name=wait_glitch result=PASS
RMT_NATIVE_CHECK phase=noise_filter name=glitch_no_completion result=PASS
RMT_NATIVE_STATUS phase=noise_filter name=transmit_valid actual=ESP_OK expected=ESP_OK
RMT_NATIVE_CHECK phase=noise_filter name=transmit_valid result=PASS
RMT_NATIVE_STATUS phase=noise_filter name=wait_valid actual=ESP_OK expected=ESP_OK
RMT_NATIVE_CHECK phase=noise_filter name=wait_valid result=PASS
RMT_NATIVE_TIME phase=noise_filter lane=0 submit_us=3055722 tx_done_us=3089170 rx_done_us=3090165 tx_events=2 rx_events=1 partial_events=0 tx_symbols=2 rx_symbols=1
RMT_NATIVE_SYMBOL phase=noise_filter lane=0 index=0 l0=1 d0=20 l1=0 d1=0
RMT_NATIVE_CHECK phase=noise_filter name=valid_exact_pulse result=PASS
RMT_NATIVE_PHASE name=disable_midstream resolution_hz=1000000 payload_symbols=1
RMT_NATIVE_STATUS phase=disable_midstream name=receive actual=ESP_OK expected=ESP_OK
RMT_NATIVE_CHECK phase=disable_midstream name=receive result=PASS
E (3160) rmt: rmt_tx_wait_all_done(588): flush timeout
RMT_NATIVE_STATUS phase=disable_midstream name=transmit_loop actual=ESP_OK expected=ESP_OK
RMT_NATIVE_CHECK phase=disable_midstream name=transmit_loop result=PASS
RMT_NATIVE_CHECK phase=disable_midstream name=loop_wait_timeout result=PASS
RMT_NATIVE_STATUS phase=disable_midstream name=disable_working_tx actual=ESP_OK expected=ESP_OK
RMT_NATIVE_CHECK phase=disable_midstream name=disable_working_tx result=PASS
RMT_NATIVE_TIME phase=disable_midstream lane=0 submit_us=3163090 tx_done_us=0 rx_done_us=3168952 tx_events=0 rx_events=1 partial_events=0 tx_symbols=0 rx_symbols=13
RMT_NATIVE_SYMBOL phase=disable_midstream lane=0 index=0 l0=1 d0=200 l1=0 d1=200
RMT_NATIVE_SYMBOL phase=disable_midstream lane=0 index=1 l0=1 d0=200 l1=0 d1=200
RMT_NATIVE_SYMBOL phase=disable_midstream lane=0 index=2 l0=1 d0=200 l1=0 d1=200
RMT_NATIVE_SYMBOL phase=disable_midstream lane=0 index=3 l0=1 d0=200 l1=0 d1=200
RMT_NATIVE_SYMBOL phase=disable_midstream lane=0 index=4 l0=1 d0=200 l1=0 d1=200
RMT_NATIVE_SYMBOL phase=disable_midstream lane=0 index=5 l0=1 d0=200 l1=0 d1=200
RMT_NATIVE_SYMBOL phase=disable_midstream lane=0 index=6 l0=1 d0=200 l1=0 d1=200
RMT_NATIVE_SYMBOL phase=disable_midstream lane=0 index=7 l0=1 d0=200 l1=0 d1=200
RMT_NATIVE_SYMBOL phase=disable_midstream lane=0 index=8 l0=1 d0=200 l1=0 d1=200
RMT_NATIVE_SYMBOL phase=disable_midstream lane=0 index=9 l0=1 d0=200 l1=0 d1=200
RMT_NATIVE_SYMBOL phase=disable_midstream lane=0 index=10 l0=1 d0=200 l1=0 d1=200
RMT_NATIVE_SYMBOL phase=disable_midstream lane=0 index=11 l0=1 d0=200 l1=0 d1=200
RMT_NATIVE_SYMBOL phase=disable_midstream lane=0 index=12 l0=1 d0=58 l1=0 d1=0
RMT_NATIVE_CHECK phase=disable_midstream name=no_fabricated_tx_done result=PASS
RMT_NATIVE_CHECK phase=disable_midstream name=loop_prefix_exact result=PASS
RMT_NATIVE_CHECK phase=disable_midstream name=stop_causes_idle result=PASS
RMT_NATIVE_STATUS phase=disable_midstream name=reenable_tx actual=ESP_OK expected=ESP_OK
RMT_NATIVE_CHECK phase=disable_midstream name=reenable_tx result=PASS
RMT_NATIVE_PHASE name=disable_recovery resolution_hz=1000000 payload_symbols=8
RMT_NATIVE_EXPECT phase=disable_recovery index=0 l0=1 d0=31 l1=0 d1=43 edge0_ns=0
RMT_NATIVE_EXPECT phase=disable_recovery index=1 l0=1 d0=48 l1=0 d1=56 edge0_ns=74000
RMT_NATIVE_EXPECT phase=disable_recovery index=2 l0=1 d0=65 l1=0 d1=69 edge0_ns=178000
RMT_NATIVE_EXPECT phase=disable_recovery index=3 l0=1 d0=82 l1=0 d1=82 edge0_ns=312000
RMT_NATIVE_EXPECT phase=disable_recovery index=4 l0=1 d0=99 l1=0 d1=95 edge0_ns=476000
RMT_NATIVE_EXPECT phase=disable_recovery index=5 l0=1 d0=45 l1=0 d1=108 edge0_ns=670000
RMT_NATIVE_EXPECT phase=disable_recovery index=6 l0=1 d0=62 l1=0 d1=121 edge0_ns=823000
RMT_NATIVE_EXPECT phase=disable_recovery index=7 l0=1 d0=79 l1=0 d1=51 edge0_ns=1006000
RMT_NATIVE_STATUS phase=disable_recovery name=receive actual=ESP_OK expected=ESP_OK
RMT_NATIVE_CHECK phase=disable_recovery name=receive result=PASS
RMT_NATIVE_STATUS phase=disable_recovery name=transmit actual=ESP_OK expected=ESP_OK
RMT_NATIVE_CHECK phase=disable_recovery name=transmit result=PASS
RMT_NATIVE_STATUS phase=disable_recovery name=wait_tx actual=ESP_OK expected=ESP_OK
RMT_NATIVE_CHECK phase=disable_recovery name=wait_tx result=PASS
RMT_NATIVE_TIME phase=disable_recovery lane=0 submit_us=3426258 tx_done_us=3427444 rx_done_us=3428434 tx_events=1 rx_events=1 partial_events=0 tx_symbols=10 rx_symbols=9
RMT_NATIVE_SYMBOL phase=disable_recovery lane=0 index=0 l0=1 d0=31 l1=0 d1=43
RMT_NATIVE_SYMBOL phase=disable_recovery lane=0 index=1 l0=1 d0=48 l1=0 d1=56
RMT_NATIVE_SYMBOL phase=disable_recovery lane=0 index=2 l0=1 d0=65 l1=0 d1=69
RMT_NATIVE_SYMBOL phase=disable_recovery lane=0 index=3 l0=1 d0=82 l1=0 d1=82
RMT_NATIVE_SYMBOL phase=disable_recovery lane=0 index=4 l0=1 d0=99 l1=0 d1=95
RMT_NATIVE_SYMBOL phase=disable_recovery lane=0 index=5 l0=1 d0=45 l1=0 d1=108
RMT_NATIVE_SYMBOL phase=disable_recovery lane=0 index=6 l0=1 d0=62 l1=0 d1=121
RMT_NATIVE_SYMBOL phase=disable_recovery lane=0 index=7 l0=1 d0=79 l1=0 d1=51
RMT_NATIVE_SYMBOL phase=disable_recovery lane=0 index=8 l0=1 d0=37 l1=0 d1=0
RMT_NATIVE_CHECK phase=disable_recovery name=tx_single_done result=PASS
RMT_NATIVE_CHECK phase=disable_recovery name=tx_not_immediate result=PASS
RMT_NATIVE_CHECK phase=disable_recovery name=rx_idle_completion result=PASS
RMT_NATIVE_CHECK phase=disable_recovery name=rx_exact_count result=PASS
RMT_NATIVE_CHECK phase=disable_recovery name=rx_exact_payload result=PASS
RMT_NATIVE_CHECK phase=disable_recovery name=rx_guard_pulse result=PASS
RMT_NATIVE_PHASE name=carrier resolution_hz=1000000 payload_symbols=1
RMT_NATIVE_STATUS phase=carrier name=apply_carrier actual=ESP_OK expected=ESP_OK
RMT_NATIVE_CHECK phase=carrier name=apply_carrier result=PASS
RMT_NATIVE_STATUS phase=carrier name=receive actual=ESP_OK expected=ESP_OK
RMT_NATIVE_CHECK phase=carrier name=receive result=PASS
RMT_NATIVE_STATUS phase=carrier name=transmit actual=ESP_OK expected=ESP_OK
RMT_NATIVE_CHECK phase=carrier name=transmit result=PASS
RMT_NATIVE_STATUS phase=carrier name=wait_tx actual=ESP_OK expected=ESP_OK
RMT_NATIVE_CHECK phase=carrier name=wait_tx result=PASS
RMT_NATIVE_TIME phase=carrier lane=0 submit_us=3598289 tx_done_us=3598441 rx_done_us=3598688 tx_events=1 rx_events=1 partial_events=0 tx_symbols=2 rx_symbols=10
RMT_NATIVE_SYMBOL phase=carrier lane=0 index=0 l0=1 d0=5 l1=0 d1=5
RMT_NATIVE_SYMBOL phase=carrier lane=0 index=1 l0=1 d0=5 l1=0 d1=5
RMT_NATIVE_SYMBOL phase=carrier lane=0 index=2 l0=1 d0=5 l1=0 d1=5
RMT_NATIVE_SYMBOL phase=carrier lane=0 index=3 l0=1 d0=5 l1=0 d1=5
RMT_NATIVE_SYMBOL phase=carrier lane=0 index=4 l0=1 d0=5 l1=0 d1=5
RMT_NATIVE_SYMBOL phase=carrier lane=0 index=5 l0=1 d0=5 l1=0 d1=5
RMT_NATIVE_SYMBOL phase=carrier lane=0 index=6 l0=1 d0=5 l1=0 d1=5
RMT_NATIVE_SYMBOL phase=carrier lane=0 index=7 l0=1 d0=5 l1=0 d1=5
RMT_NATIVE_SYMBOL phase=carrier lane=0 index=8 l0=1 d0=5 l1=0 d1=5
RMT_NATIVE_SYMBOL phase=carrier lane=0 index=9 l0=1 d0=5 l1=0 d1=0
RMT_NATIVE_CHECK phase=carrier name=carrier_exact_raw_pulses result=PASS
RMT_NATIVE_STATUS phase=carrier name=remove_carrier actual=ESP_OK expected=ESP_OK
RMT_NATIVE_CHECK phase=carrier name=remove_carrier result=PASS
RMT_NATIVE_PHASE name=synchronization resolution_hz=1000000 payload_symbols=8
RMT_NATIVE_STATUS phase=synchronization name=new_tx actual=ESP_OK expected=ESP_OK
RMT_NATIVE_CHECK phase=synchronization name=new_tx result=PASS
RMT_NATIVE_STATUS phase=synchronization name=new_rx actual=ESP_OK expected=ESP_OK
RMT_NATIVE_CHECK phase=synchronization name=new_rx result=PASS
RMT_NATIVE_STATUS phase=synchronization name=tx_callback actual=ESP_OK expected=ESP_OK
RMT_NATIVE_CHECK phase=synchronization name=tx_callback result=PASS
RMT_NATIVE_STATUS phase=synchronization name=rx_callback actual=ESP_OK expected=ESP_OK
RMT_NATIVE_CHECK phase=synchronization name=rx_callback result=PASS
RMT_NATIVE_STATUS phase=synchronization name=enable_tx actual=ESP_OK expected=ESP_OK
RMT_NATIVE_CHECK phase=synchronization name=enable_tx result=PASS
RMT_NATIVE_STATUS phase=synchronization name=enable_rx actual=ESP_OK expected=ESP_OK
RMT_NATIVE_CHECK phase=synchronization name=enable_rx result=PASS
RMT_NATIVE_STATUS phase=synchronization name=new_sync actual=ESP_OK expected=ESP_OK
RMT_NATIVE_CHECK phase=synchronization name=new_sync result=PASS
RMT_NATIVE_EXPECT phase=synchronization index=0 l0=1 d0=31 l1=0 d1=43 edge0_ns=0
RMT_NATIVE_EXPECT phase=synchronization index=1 l0=1 d0=48 l1=0 d1=56 edge0_ns=74000
RMT_NATIVE_EXPECT phase=synchronization index=2 l0=1 d0=65 l1=0 d1=69 edge0_ns=178000
RMT_NATIVE_EXPECT phase=synchronization index=3 l0=1 d0=82 l1=0 d1=82 edge0_ns=312000
RMT_NATIVE_EXPECT phase=synchronization index=4 l0=1 d0=99 l1=0 d1=95 edge0_ns=476000
RMT_NATIVE_EXPECT phase=synchronization index=5 l0=1 d0=45 l1=0 d1=108 edge0_ns=670000
RMT_NATIVE_EXPECT phase=synchronization index=6 l0=1 d0=62 l1=0 d1=121 edge0_ns=823000
RMT_NATIVE_EXPECT phase=synchronization index=7 l0=1 d0=79 l1=0 d1=51 edge0_ns=1006000
RMT_NATIVE_STATUS phase=synchronization name=receive actual=ESP_OK expected=ESP_OK
RMT_NATIVE_CHECK phase=synchronization name=receive result=PASS
RMT_NATIVE_STATUS phase=synchronization name=receive actual=ESP_OK expected=ESP_OK
RMT_NATIVE_CHECK phase=synchronization name=receive result=PASS
RMT_NATIVE_STATUS phase=synchronization name=queue_first actual=ESP_OK expected=ESP_OK
RMT_NATIVE_CHECK phase=synchronization name=queue_first result=PASS
RMT_NATIVE_CHECK phase=synchronization name=first_withheld result=PASS
RMT_NATIVE_STATUS phase=synchronization name=second_encoder actual=ESP_OK expected=ESP_OK
RMT_NATIVE_CHECK phase=synchronization name=second_encoder result=PASS
RMT_NATIVE_STATUS phase=synchronization name=queue_second actual=ESP_OK expected=ESP_OK
RMT_NATIVE_CHECK phase=synchronization name=queue_second result=PASS
RMT_NATIVE_STATUS phase=synchronization name=wait_tx actual=ESP_OK expected=ESP_OK
RMT_NATIVE_CHECK phase=synchronization name=wait_tx result=PASS
RMT_NATIVE_TIME phase=synchronization lane=0 submit_us=3899128 tx_done_us=3934338 rx_done_us=3935330 tx_events=1 rx_events=1 partial_events=0 tx_symbols=10 rx_symbols=9
RMT_NATIVE_SYMBOL phase=synchronization lane=0 index=0 l0=1 d0=31 l1=0 d1=43
RMT_NATIVE_SYMBOL phase=synchronization lane=0 index=1 l0=1 d0=48 l1=0 d1=56
RMT_NATIVE_SYMBOL phase=synchronization lane=0 index=2 l0=1 d0=65 l1=0 d1=69
RMT_NATIVE_SYMBOL phase=synchronization lane=0 index=3 l0=1 d0=82 l1=0 d1=82
RMT_NATIVE_SYMBOL phase=synchronization lane=0 index=4 l0=1 d0=99 l1=0 d1=95
RMT_NATIVE_SYMBOL phase=synchronization lane=0 index=5 l0=1 d0=45 l1=0 d1=108
RMT_NATIVE_SYMBOL phase=synchronization lane=0 index=6 l0=1 d0=62 l1=0 d1=121
RMT_NATIVE_SYMBOL phase=synchronization lane=0 index=7 l0=1 d0=79 l1=0 d1=51
RMT_NATIVE_SYMBOL phase=synchronization lane=0 index=8 l0=1 d0=37 l1=0 d1=0
RMT_NATIVE_CHECK phase=synchronization name=tx_single_done result=PASS
RMT_NATIVE_CHECK phase=synchronization name=rx_idle_completion result=PASS
RMT_NATIVE_CHECK phase=synchronization name=rx_exact_count result=PASS
RMT_NATIVE_CHECK phase=synchronization name=rx_exact_payload result=PASS
RMT_NATIVE_CHECK phase=synchronization name=rx_guard_pulse result=PASS
RMT_NATIVE_STATUS phase=synchronization name=wait_tx actual=ESP_OK expected=ESP_OK
RMT_NATIVE_CHECK phase=synchronization name=wait_tx result=PASS
RMT_NATIVE_TIME phase=synchronization lane=1 submit_us=3933152 tx_done_us=3934338 rx_done_us=3935329 tx_events=1 rx_events=1 partial_events=0 tx_symbols=10 rx_symbols=9
RMT_NATIVE_SYMBOL phase=synchronization lane=1 index=0 l0=1 d0=31 l1=0 d1=43
RMT_NATIVE_SYMBOL phase=synchronization lane=1 index=1 l0=1 d0=48 l1=0 d1=56
RMT_NATIVE_SYMBOL phase=synchronization lane=1 index=2 l0=1 d0=65 l1=0 d1=69
RMT_NATIVE_SYMBOL phase=synchronization lane=1 index=3 l0=1 d0=82 l1=0 d1=82
RMT_NATIVE_SYMBOL phase=synchronization lane=1 index=4 l0=1 d0=99 l1=0 d1=95
RMT_NATIVE_SYMBOL phase=synchronization lane=1 index=5 l0=1 d0=45 l1=0 d1=108
RMT_NATIVE_SYMBOL phase=synchronization lane=1 index=6 l0=1 d0=62 l1=0 d1=121
RMT_NATIVE_SYMBOL phase=synchronization lane=1 index=7 l0=1 d0=79 l1=0 d1=51
RMT_NATIVE_SYMBOL phase=synchronization lane=1 index=8 l0=1 d0=37 l1=0 d1=0
RMT_NATIVE_CHECK phase=synchronization name=tx_single_done result=PASS
RMT_NATIVE_CHECK phase=synchronization name=rx_idle_completion result=PASS
RMT_NATIVE_CHECK phase=synchronization name=rx_exact_count result=PASS
RMT_NATIVE_CHECK phase=synchronization name=rx_exact_payload result=PASS
RMT_NATIVE_CHECK phase=synchronization name=rx_guard_pulse result=PASS
RMT_NATIVE_CHECK phase=synchronization name=both_start_after_second result=PASS
RMT_NATIVE_STATUS phase=synchronization name=reset_sync actual=ESP_OK expected=ESP_OK
RMT_NATIVE_CHECK phase=synchronization name=reset_sync result=PASS
RMT_NATIVE_STATUS phase=synchronization name=delete_sync actual=ESP_OK expected=ESP_OK
RMT_NATIVE_CHECK phase=synchronization name=delete_sync result=PASS
RMT_NATIVE_STATUS phase=synchronization name=delete_second_encoder actual=ESP_OK expected=ESP_OK
RMT_NATIVE_CHECK phase=synchronization name=delete_second_encoder result=PASS
RMT_NATIVE_STATUS phase=synchronization name=disable_rx actual=ESP_OK expected=ESP_OK
RMT_NATIVE_CHECK phase=synchronization name=disable_rx result=PASS
RMT_NATIVE_STATUS phase=synchronization name=delete_rx actual=ESP_OK expected=ESP_OK
RMT_NATIVE_CHECK phase=synchronization name=delete_rx result=PASS
RMT_NATIVE_STATUS phase=synchronization name=disable_tx actual=ESP_OK expected=ESP_OK
RMT_NATIVE_CHECK phase=synchronization name=disable_tx result=PASS
RMT_NATIVE_STATUS phase=synchronization name=delete_tx actual=ESP_OK expected=ESP_OK
RMT_NATIVE_CHECK phase=synchronization name=delete_tx result=PASS
RMT_NATIVE_PHASE name=nec_ir resolution_hz=1000000 payload_symbols=33
RMT_NATIVE_CONTENT phase=nec_ir protocol=NEC address=34 command=a7 bytes=34cba758
RMT_NATIVE_STATUS phase=nec_ir name=receive actual=ESP_OK expected=ESP_OK
RMT_NATIVE_CHECK phase=nec_ir name=receive result=PASS
RMT_NATIVE_STATUS phase=nec_ir name=transmit actual=ESP_OK expected=ESP_OK
RMT_NATIVE_CHECK phase=nec_ir name=transmit result=PASS
RMT_NATIVE_STATUS phase=nec_ir name=wait_tx actual=ESP_OK expected=ESP_OK
RMT_NATIVE_CHECK phase=nec_ir name=wait_tx result=PASS
RMT_NATIVE_TIME phase=nec_ir lane=0 submit_us=4315579 tx_done_us=4384562 rx_done_us=4395562 tx_events=1 rx_events=1 partial_events=0 tx_symbols=35 rx_symbols=34
RMT_NATIVE_SYMBOL phase=nec_ir lane=0 index=0 l0=1 d0=9000 l1=0 d1=4500
RMT_NATIVE_SYMBOL phase=nec_ir lane=0 index=1 l0=1 d0=560 l1=0 d1=560
RMT_NATIVE_SYMBOL phase=nec_ir lane=0 index=2 l0=1 d0=560 l1=0 d1=560
RMT_NATIVE_SYMBOL phase=nec_ir lane=0 index=3 l0=1 d0=560 l1=0 d1=1690
RMT_NATIVE_SYMBOL phase=nec_ir lane=0 index=4 l0=1 d0=560 l1=0 d1=560
RMT_NATIVE_SYMBOL phase=nec_ir lane=0 index=5 l0=1 d0=560 l1=0 d1=1690
RMT_NATIVE_SYMBOL phase=nec_ir lane=0 index=6 l0=1 d0=560 l1=0 d1=1690
RMT_NATIVE_SYMBOL phase=nec_ir lane=0 index=7 l0=1 d0=560 l1=0 d1=560
RMT_NATIVE_SYMBOL phase=nec_ir lane=0 index=8 l0=1 d0=560 l1=0 d1=560
RMT_NATIVE_SYMBOL phase=nec_ir lane=0 index=9 l0=1 d0=560 l1=0 d1=1690
RMT_NATIVE_SYMBOL phase=nec_ir lane=0 index=10 l0=1 d0=560 l1=0 d1=1690
RMT_NATIVE_SYMBOL phase=nec_ir lane=0 index=11 l0=1 d0=560 l1=0 d1=560
RMT_NATIVE_SYMBOL phase=nec_ir lane=0 index=12 l0=1 d0=560 l1=0 d1=1690
RMT_NATIVE_SYMBOL phase=nec_ir lane=0 index=13 l0=1 d0=560 l1=0 d1=560
RMT_NATIVE_SYMBOL phase=nec_ir lane=0 index=14 l0=1 d0=560 l1=0 d1=560
RMT_NATIVE_SYMBOL phase=nec_ir lane=0 index=15 l0=1 d0=560 l1=0 d1=1690
RMT_NATIVE_SYMBOL phase=nec_ir lane=0 index=16 l0=1 d0=560 l1=0 d1=1690
RMT_NATIVE_SYMBOL phase=nec_ir lane=0 index=17 l0=1 d0=560 l1=0 d1=1690
RMT_NATIVE_SYMBOL phase=nec_ir lane=0 index=18 l0=1 d0=560 l1=0 d1=1690
RMT_NATIVE_SYMBOL phase=nec_ir lane=0 index=19 l0=1 d0=560 l1=0 d1=1690
RMT_NATIVE_SYMBOL phase=nec_ir lane=0 index=20 l0=1 d0=560 l1=0 d1=560
RMT_NATIVE_SYMBOL phase=nec_ir lane=0 index=21 l0=1 d0=560 l1=0 d1=560
RMT_NATIVE_SYMBOL phase=nec_ir lane=0 index=22 l0=1 d0=560 l1=0 d1=1690
RMT_NATIVE_SYMBOL phase=nec_ir lane=0 index=23 l0=1 d0=560 l1=0 d1=560
RMT_NATIVE_SYMBOL phase=nec_ir lane=0 index=24 l0=1 d0=560 l1=0 d1=1690
RMT_NATIVE_SYMBOL phase=nec_ir lane=0 index=25 l0=1 d0=560 l1=0 d1=560
RMT_NATIVE_SYMBOL phase=nec_ir lane=0 index=26 l0=1 d0=560 l1=0 d1=560
RMT_NATIVE_SYMBOL phase=nec_ir lane=0 index=27 l0=1 d0=560 l1=0 d1=560
RMT_NATIVE_SYMBOL phase=nec_ir lane=0 index=28 l0=1 d0=560 l1=0 d1=1690
RMT_NATIVE_SYMBOL phase=nec_ir lane=0 index=29 l0=1 d0=560 l1=0 d1=1690
RMT_NATIVE_SYMBOL phase=nec_ir lane=0 index=30 l0=1 d0=560 l1=0 d1=560
RMT_NATIVE_SYMBOL phase=nec_ir lane=0 index=31 l0=1 d0=560 l1=0 d1=1690
RMT_NATIVE_SYMBOL phase=nec_ir lane=0 index=32 l0=1 d0=560 l1=0 d1=560
RMT_NATIVE_SYMBOL phase=nec_ir lane=0 index=33 l0=1 d0=560 l1=0 d1=0
RMT_NATIVE_CHECK phase=nec_ir name=tx_single_done result=PASS
RMT_NATIVE_CHECK phase=nec_ir name=tx_not_immediate result=PASS
RMT_NATIVE_CHECK phase=nec_ir name=rx_idle_completion result=PASS
RMT_NATIVE_CHECK phase=nec_ir name=rx_exact_count result=PASS
RMT_NATIVE_CHECK phase=nec_ir name=rx_exact_payload result=PASS
RMT_NATIVE_CHECK phase=nec_ir name=rx_guard_pulse result=PASS
RMT_NATIVE_STATUS phase=apb_1mhz name=disable_rx actual=ESP_OK expected=ESP_OK
RMT_NATIVE_CHECK phase=apb_1mhz name=disable_rx result=PASS
RMT_NATIVE_STATUS phase=apb_1mhz name=delete_rx actual=ESP_OK expected=ESP_OK
RMT_NATIVE_CHECK phase=apb_1mhz name=delete_rx result=PASS
RMT_NATIVE_STATUS phase=apb_1mhz name=disable_tx actual=ESP_OK expected=ESP_OK
RMT_NATIVE_CHECK phase=apb_1mhz name=disable_tx result=PASS
RMT_NATIVE_STATUS phase=apb_1mhz name=delete_tx actual=ESP_OK expected=ESP_OK
RMT_NATIVE_CHECK phase=apb_1mhz name=delete_tx result=PASS
RMT_NATIVE_STATUS phase=xtal_2mhz name=new_tx actual=ESP_OK expected=ESP_OK
RMT_NATIVE_CHECK phase=xtal_2mhz name=new_tx result=PASS
RMT_NATIVE_STATUS phase=xtal_2mhz name=new_rx actual=ESP_OK expected=ESP_OK
RMT_NATIVE_CHECK phase=xtal_2mhz name=new_rx result=PASS
RMT_NATIVE_STATUS phase=xtal_2mhz name=tx_callback actual=ESP_OK expected=ESP_OK
RMT_NATIVE_CHECK phase=xtal_2mhz name=tx_callback result=PASS
RMT_NATIVE_STATUS phase=xtal_2mhz name=rx_callback actual=ESP_OK expected=ESP_OK
RMT_NATIVE_CHECK phase=xtal_2mhz name=rx_callback result=PASS
RMT_NATIVE_STATUS phase=xtal_2mhz name=enable_tx actual=ESP_OK expected=ESP_OK
RMT_NATIVE_CHECK phase=xtal_2mhz name=enable_tx result=PASS
RMT_NATIVE_STATUS phase=xtal_2mhz name=enable_rx actual=ESP_OK expected=ESP_OK
RMT_NATIVE_CHECK phase=xtal_2mhz name=enable_rx result=PASS
RMT_NATIVE_PHASE name=xtal_2mhz resolution_hz=2000000 payload_symbols=8
RMT_NATIVE_EXPECT phase=xtal_2mhz index=0 l0=1 d0=31 l1=0 d1=43 edge0_ns=0
RMT_NATIVE_EXPECT phase=xtal_2mhz index=1 l0=1 d0=48 l1=0 d1=56 edge0_ns=37000
RMT_NATIVE_EXPECT phase=xtal_2mhz index=2 l0=1 d0=65 l1=0 d1=69 edge0_ns=89000
RMT_NATIVE_EXPECT phase=xtal_2mhz index=3 l0=1 d0=82 l1=0 d1=82 edge0_ns=156000
RMT_NATIVE_EXPECT phase=xtal_2mhz index=4 l0=1 d0=99 l1=0 d1=95 edge0_ns=238000
RMT_NATIVE_EXPECT phase=xtal_2mhz index=5 l0=1 d0=45 l1=0 d1=108 edge0_ns=335000
RMT_NATIVE_EXPECT phase=xtal_2mhz index=6 l0=1 d0=62 l1=0 d1=121 edge0_ns=411500
RMT_NATIVE_EXPECT phase=xtal_2mhz index=7 l0=1 d0=79 l1=0 d1=51 edge0_ns=503000
RMT_NATIVE_STATUS phase=xtal_2mhz name=receive actual=ESP_OK expected=ESP_OK
RMT_NATIVE_CHECK phase=xtal_2mhz name=receive result=PASS
RMT_NATIVE_STATUS phase=xtal_2mhz name=transmit actual=ESP_OK expected=ESP_OK
RMT_NATIVE_CHECK phase=xtal_2mhz name=transmit result=PASS
RMT_NATIVE_STATUS phase=xtal_2mhz name=wait_tx actual=ESP_OK expected=ESP_OK
RMT_NATIVE_CHECK phase=xtal_2mhz name=wait_tx result=PASS
RMT_NATIVE_TIME phase=xtal_2mhz lane=0 submit_us=4841122 tx_done_us=4841716 rx_done_us=4842711 tx_events=1 rx_events=1 partial_events=0 tx_symbols=10 rx_symbols=9
RMT_NATIVE_SYMBOL phase=xtal_2mhz lane=0 index=0 l0=1 d0=31 l1=0 d1=43
RMT_NATIVE_SYMBOL phase=xtal_2mhz lane=0 index=1 l0=1 d0=48 l1=0 d1=56
RMT_NATIVE_SYMBOL phase=xtal_2mhz lane=0 index=2 l0=1 d0=65 l1=0 d1=69
RMT_NATIVE_SYMBOL phase=xtal_2mhz lane=0 index=3 l0=1 d0=82 l1=0 d1=82
RMT_NATIVE_SYMBOL phase=xtal_2mhz lane=0 index=4 l0=1 d0=99 l1=0 d1=95
RMT_NATIVE_SYMBOL phase=xtal_2mhz lane=0 index=5 l0=1 d0=45 l1=0 d1=108
RMT_NATIVE_SYMBOL phase=xtal_2mhz lane=0 index=6 l0=1 d0=62 l1=0 d1=121
RMT_NATIVE_SYMBOL phase=xtal_2mhz lane=0 index=7 l0=1 d0=79 l1=0 d1=51
RMT_NATIVE_SYMBOL phase=xtal_2mhz lane=0 index=8 l0=1 d0=37 l1=0 d1=0
RMT_NATIVE_CHECK phase=xtal_2mhz name=tx_single_done result=PASS
RMT_NATIVE_CHECK phase=xtal_2mhz name=tx_not_immediate result=PASS
RMT_NATIVE_CHECK phase=xtal_2mhz name=rx_idle_completion result=PASS
RMT_NATIVE_CHECK phase=xtal_2mhz name=rx_exact_count result=PASS
RMT_NATIVE_CHECK phase=xtal_2mhz name=rx_exact_payload result=PASS
RMT_NATIVE_CHECK phase=xtal_2mhz name=rx_guard_pulse result=PASS
RMT_NATIVE_STATUS phase=xtal_2mhz name=disable_rx actual=ESP_OK expected=ESP_OK
RMT_NATIVE_CHECK phase=xtal_2mhz name=disable_rx result=PASS
RMT_NATIVE_STATUS phase=xtal_2mhz name=delete_rx actual=ESP_OK expected=ESP_OK
RMT_NATIVE_CHECK phase=xtal_2mhz name=delete_rx result=PASS
RMT_NATIVE_STATUS phase=xtal_2mhz name=disable_tx actual=ESP_OK expected=ESP_OK
RMT_NATIVE_CHECK phase=xtal_2mhz name=disable_tx result=PASS
RMT_NATIVE_STATUS phase=xtal_2mhz name=delete_tx actual=ESP_OK expected=ESP_OK
RMT_NATIVE_CHECK phase=xtal_2mhz name=delete_tx result=PASS
RMT_NATIVE_STATUS phase=apb_500khz name=new_tx actual=ESP_OK expected=ESP_OK
RMT_NATIVE_CHECK phase=apb_500khz name=new_tx result=PASS
RMT_NATIVE_STATUS phase=apb_500khz name=new_rx actual=ESP_OK expected=ESP_OK
RMT_NATIVE_CHECK phase=apb_500khz name=new_rx result=PASS
RMT_NATIVE_STATUS phase=apb_500khz name=tx_callback actual=ESP_OK expected=ESP_OK
RMT_NATIVE_CHECK phase=apb_500khz name=tx_callback result=PASS
RMT_NATIVE_STATUS phase=apb_500khz name=rx_callback actual=ESP_OK expected=ESP_OK
RMT_NATIVE_CHECK phase=apb_500khz name=rx_callback result=PASS
RMT_NATIVE_STATUS phase=apb_500khz name=enable_tx actual=ESP_OK expected=ESP_OK
RMT_NATIVE_CHECK phase=apb_500khz name=enable_tx result=PASS
RMT_NATIVE_STATUS phase=apb_500khz name=enable_rx actual=ESP_OK expected=ESP_OK
RMT_NATIVE_CHECK phase=apb_500khz name=enable_rx result=PASS
RMT_NATIVE_PHASE name=apb_500khz resolution_hz=500000 payload_symbols=8
RMT_NATIVE_EXPECT phase=apb_500khz index=0 l0=1 d0=31 l1=0 d1=43 edge0_ns=0
RMT_NATIVE_EXPECT phase=apb_500khz index=1 l0=1 d0=48 l1=0 d1=56 edge0_ns=148000
RMT_NATIVE_EXPECT phase=apb_500khz index=2 l0=1 d0=65 l1=0 d1=69 edge0_ns=356000
RMT_NATIVE_EXPECT phase=apb_500khz index=3 l0=1 d0=82 l1=0 d1=82 edge0_ns=624000
RMT_NATIVE_EXPECT phase=apb_500khz index=4 l0=1 d0=99 l1=0 d1=95 edge0_ns=952000
RMT_NATIVE_EXPECT phase=apb_500khz index=5 l0=1 d0=45 l1=0 d1=108 edge0_ns=1340000
RMT_NATIVE_EXPECT phase=apb_500khz index=6 l0=1 d0=62 l1=0 d1=121 edge0_ns=1646000
RMT_NATIVE_EXPECT phase=apb_500khz index=7 l0=1 d0=79 l1=0 d1=51 edge0_ns=2012000
RMT_NATIVE_STATUS phase=apb_500khz name=receive actual=ESP_OK expected=ESP_OK
RMT_NATIVE_CHECK phase=apb_500khz name=receive result=PASS
RMT_NATIVE_STATUS phase=apb_500khz name=transmit actual=ESP_OK expected=ESP_OK
RMT_NATIVE_CHECK phase=apb_500khz name=transmit result=PASS
RMT_NATIVE_STATUS phase=apb_500khz name=wait_tx actual=ESP_OK expected=ESP_OK
RMT_NATIVE_CHECK phase=apb_500khz name=wait_tx result=PASS
RMT_NATIVE_TIME phase=apb_500khz lane=0 submit_us=5169475 tx_done_us=5171845 rx_done_us=5172825 tx_events=1 rx_events=1 partial_events=0 tx_symbols=10 rx_symbols=9
RMT_NATIVE_SYMBOL phase=apb_500khz lane=0 index=0 l0=1 d0=31 l1=0 d1=43
RMT_NATIVE_SYMBOL phase=apb_500khz lane=0 index=1 l0=1 d0=48 l1=0 d1=56
RMT_NATIVE_SYMBOL phase=apb_500khz lane=0 index=2 l0=1 d0=65 l1=0 d1=69
RMT_NATIVE_SYMBOL phase=apb_500khz lane=0 index=3 l0=1 d0=82 l1=0 d1=82
RMT_NATIVE_SYMBOL phase=apb_500khz lane=0 index=4 l0=1 d0=99 l1=0 d1=95
RMT_NATIVE_SYMBOL phase=apb_500khz lane=0 index=5 l0=1 d0=45 l1=0 d1=108
RMT_NATIVE_SYMBOL phase=apb_500khz lane=0 index=6 l0=1 d0=62 l1=0 d1=121
RMT_NATIVE_SYMBOL phase=apb_500khz lane=0 index=7 l0=1 d0=79 l1=0 d1=51
RMT_NATIVE_SYMBOL phase=apb_500khz lane=0 index=8 l0=1 d0=37 l1=0 d1=0
RMT_NATIVE_CHECK phase=apb_500khz name=tx_single_done result=PASS
RMT_NATIVE_CHECK phase=apb_500khz name=tx_not_immediate result=PASS
RMT_NATIVE_CHECK phase=apb_500khz name=rx_idle_completion result=PASS
RMT_NATIVE_CHECK phase=apb_500khz name=rx_exact_count result=PASS
RMT_NATIVE_CHECK phase=apb_500khz name=rx_exact_payload result=PASS
RMT_NATIVE_CHECK phase=apb_500khz name=rx_guard_pulse result=PASS
RMT_NATIVE_STATUS phase=apb_500khz name=disable_rx actual=ESP_OK expected=ESP_OK
RMT_NATIVE_CHECK phase=apb_500khz name=disable_rx result=PASS
RMT_NATIVE_STATUS phase=apb_500khz name=delete_rx actual=ESP_OK expected=ESP_OK
RMT_NATIVE_CHECK phase=apb_500khz name=delete_rx result=PASS
RMT_NATIVE_STATUS phase=apb_500khz name=disable_tx actual=ESP_OK expected=ESP_OK
RMT_NATIVE_CHECK phase=apb_500khz name=disable_tx result=PASS
RMT_NATIVE_STATUS phase=apb_500khz name=delete_tx actual=ESP_OK expected=ESP_OK
RMT_NATIVE_CHECK phase=apb_500khz name=delete_tx result=PASS
RMT_NATIVE_STATUS phase=ws2812_grb name=new_tx actual=ESP_OK expected=ESP_OK
RMT_NATIVE_CHECK phase=ws2812_grb name=new_tx result=PASS
RMT_NATIVE_STATUS phase=ws2812_grb name=new_rx actual=ESP_OK expected=ESP_OK
RMT_NATIVE_CHECK phase=ws2812_grb name=new_rx result=PASS
RMT_NATIVE_STATUS phase=ws2812_grb name=tx_callback actual=ESP_OK expected=ESP_OK
RMT_NATIVE_CHECK phase=ws2812_grb name=tx_callback result=PASS
RMT_NATIVE_STATUS phase=ws2812_grb name=rx_callback actual=ESP_OK expected=ESP_OK
RMT_NATIVE_CHECK phase=ws2812_grb name=rx_callback result=PASS
RMT_NATIVE_STATUS phase=ws2812_grb name=enable_tx actual=ESP_OK expected=ESP_OK
RMT_NATIVE_CHECK phase=ws2812_grb name=enable_tx result=PASS
RMT_NATIVE_STATUS phase=ws2812_grb name=enable_rx actual=ESP_OK expected=ESP_OK
RMT_NATIVE_CHECK phase=ws2812_grb name=enable_rx result=PASS
RMT_NATIVE_PHASE name=ws2812_grb resolution_hz=20000000 payload_symbols=72
RMT_NATIVE_CONTENT phase=ws2812_grb protocol=WS2812 order=GRB pixels=3 bytes=1234568001feff007f
RMT_NATIVE_STATUS phase=ws2812_grb name=receive actual=ESP_OK expected=ESP_OK
RMT_NATIVE_CHECK phase=ws2812_grb name=receive result=PASS
RMT_NATIVE_STATUS phase=ws2812_grb name=transmit actual=ESP_OK expected=ESP_OK
RMT_NATIVE_CHECK phase=ws2812_grb name=transmit result=PASS
RMT_NATIVE_STATUS phase=ws2812_grb name=wait_tx actual=ESP_OK expected=ESP_OK
RMT_NATIVE_CHECK phase=ws2812_grb name=wait_tx result=PASS
RMT_NATIVE_TIME phase=ws2812_grb lane=0 submit_us=5451999 tx_done_us=5452091 rx_done_us=5453091 tx_events=1 rx_events=2 partial_events=1 tx_symbols=73 rx_symbols=72
RMT_NATIVE_SYMBOL phase=ws2812_grb lane=0 index=0 l0=1 d0=8 l1=0 d1=17
RMT_NATIVE_SYMBOL phase=ws2812_grb lane=0 index=1 l0=1 d0=8 l1=0 d1=17
RMT_NATIVE_SYMBOL phase=ws2812_grb lane=0 index=2 l0=1 d0=8 l1=0 d1=17
RMT_NATIVE_SYMBOL phase=ws2812_grb lane=0 index=3 l0=1 d0=16 l1=0 d1=9
RMT_NATIVE_SYMBOL phase=ws2812_grb lane=0 index=4 l0=1 d0=8 l1=0 d1=17
RMT_NATIVE_SYMBOL phase=ws2812_grb lane=0 index=5 l0=1 d0=8 l1=0 d1=17
RMT_NATIVE_SYMBOL phase=ws2812_grb lane=0 index=6 l0=1 d0=16 l1=0 d1=9
RMT_NATIVE_SYMBOL phase=ws2812_grb lane=0 index=7 l0=1 d0=8 l1=0 d1=17
RMT_NATIVE_SYMBOL phase=ws2812_grb lane=0 index=8 l0=1 d0=8 l1=0 d1=17
RMT_NATIVE_SYMBOL phase=ws2812_grb lane=0 index=9 l0=1 d0=8 l1=0 d1=17
RMT_NATIVE_SYMBOL phase=ws2812_grb lane=0 index=10 l0=1 d0=16 l1=0 d1=9
RMT_NATIVE_SYMBOL phase=ws2812_grb lane=0 index=11 l0=1 d0=16 l1=0 d1=9
RMT_NATIVE_SYMBOL phase=ws2812_grb lane=0 index=12 l0=1 d0=8 l1=0 d1=17
RMT_NATIVE_SYMBOL phase=ws2812_grb lane=0 index=13 l0=1 d0=16 l1=0 d1=9
RMT_NATIVE_SYMBOL phase=ws2812_grb lane=0 index=14 l0=1 d0=8 l1=0 d1=17
RMT_NATIVE_SYMBOL phase=ws2812_grb lane=0 index=15 l0=1 d0=8 l1=0 d1=17
RMT_NATIVE_SYMBOL phase=ws2812_grb lane=0 index=16 l0=1 d0=8 l1=0 d1=17
RMT_NATIVE_SYMBOL phase=ws2812_grb lane=0 index=17 l0=1 d0=16 l1=0 d1=9
RMT_NATIVE_SYMBOL phase=ws2812_grb lane=0 index=18 l0=1 d0=8 l1=0 d1=17
RMT_NATIVE_SYMBOL phase=ws2812_grb lane=0 index=19 l0=1 d0=16 l1=0 d1=9
RMT_NATIVE_SYMBOL phase=ws2812_grb lane=0 index=20 l0=1 d0=8 l1=0 d1=17
RMT_NATIVE_SYMBOL phase=ws2812_grb lane=0 index=21 l0=1 d0=16 l1=0 d1=9
RMT_NATIVE_SYMBOL phase=ws2812_grb lane=0 index=22 l0=1 d0=16 l1=0 d1=9
RMT_NATIVE_SYMBOL phase=ws2812_grb lane=0 index=23 l0=1 d0=8 l1=0 d1=17
RMT_NATIVE_SYMBOL phase=ws2812_grb lane=0 index=24 l0=1 d0=16 l1=0 d1=9
RMT_NATIVE_SYMBOL phase=ws2812_grb lane=0 index=25 l0=1 d0=8 l1=0 d1=17
RMT_NATIVE_SYMBOL phase=ws2812_grb lane=0 index=26 l0=1 d0=8 l1=0 d1=17
RMT_NATIVE_SYMBOL phase=ws2812_grb lane=0 index=27 l0=1 d0=8 l1=0 d1=17
RMT_NATIVE_SYMBOL phase=ws2812_grb lane=0 index=28 l0=1 d0=8 l1=0 d1=17
RMT_NATIVE_SYMBOL phase=ws2812_grb lane=0 index=29 l0=1 d0=8 l1=0 d1=17
RMT_NATIVE_SYMBOL phase=ws2812_grb lane=0 index=30 l0=1 d0=8 l1=0 d1=17
RMT_NATIVE_SYMBOL phase=ws2812_grb lane=0 index=31 l0=1 d0=8 l1=0 d1=17
RMT_NATIVE_SYMBOL phase=ws2812_grb lane=0 index=32 l0=1 d0=8 l1=0 d1=17
RMT_NATIVE_SYMBOL phase=ws2812_grb lane=0 index=33 l0=1 d0=8 l1=0 d1=17
RMT_NATIVE_SYMBOL phase=ws2812_grb lane=0 index=34 l0=1 d0=8 l1=0 d1=17
RMT_NATIVE_SYMBOL phase=ws2812_grb lane=0 index=35 l0=1 d0=8 l1=0 d1=17
RMT_NATIVE_SYMBOL phase=ws2812_grb lane=0 index=36 l0=1 d0=8 l1=0 d1=17
RMT_NATIVE_SYMBOL phase=ws2812_grb lane=0 index=37 l0=1 d0=8 l1=0 d1=17
RMT_NATIVE_SYMBOL phase=ws2812_grb lane=0 index=38 l0=1 d0=8 l1=0 d1=17
RMT_NATIVE_SYMBOL phase=ws2812_grb lane=0 index=39 l0=1 d0=16 l1=0 d1=9
RMT_NATIVE_SYMBOL phase=ws2812_grb lane=0 index=40 l0=1 d0=16 l1=0 d1=9
RMT_NATIVE_SYMBOL phase=ws2812_grb lane=0 index=41 l0=1 d0=16 l1=0 d1=9
RMT_NATIVE_SYMBOL phase=ws2812_grb lane=0 index=42 l0=1 d0=16 l1=0 d1=9
RMT_NATIVE_SYMBOL phase=ws2812_grb lane=0 index=43 l0=1 d0=16 l1=0 d1=9
RMT_NATIVE_SYMBOL phase=ws2812_grb lane=0 index=44 l0=1 d0=16 l1=0 d1=9
RMT_NATIVE_SYMBOL phase=ws2812_grb lane=0 index=45 l0=1 d0=16 l1=0 d1=9
RMT_NATIVE_SYMBOL phase=ws2812_grb lane=0 index=46 l0=1 d0=16 l1=0 d1=9
RMT_NATIVE_SYMBOL phase=ws2812_grb lane=0 index=47 l0=1 d0=8 l1=0 d1=17
RMT_NATIVE_SYMBOL phase=ws2812_grb lane=0 index=48 l0=1 d0=16 l1=0 d1=9
RMT_NATIVE_SYMBOL phase=ws2812_grb lane=0 index=49 l0=1 d0=16 l1=0 d1=9
RMT_NATIVE_SYMBOL phase=ws2812_grb lane=0 index=50 l0=1 d0=16 l1=0 d1=9
RMT_NATIVE_SYMBOL phase=ws2812_grb lane=0 index=51 l0=1 d0=16 l1=0 d1=9
RMT_NATIVE_SYMBOL phase=ws2812_grb lane=0 index=52 l0=1 d0=16 l1=0 d1=9
RMT_NATIVE_SYMBOL phase=ws2812_grb lane=0 index=53 l0=1 d0=16 l1=0 d1=9
RMT_NATIVE_SYMBOL phase=ws2812_grb lane=0 index=54 l0=1 d0=16 l1=0 d1=9
RMT_NATIVE_SYMBOL phase=ws2812_grb lane=0 index=55 l0=1 d0=16 l1=0 d1=9
RMT_NATIVE_SYMBOL phase=ws2812_grb lane=0 index=56 l0=1 d0=8 l1=0 d1=17
RMT_NATIVE_SYMBOL phase=ws2812_grb lane=0 index=57 l0=1 d0=8 l1=0 d1=17
RMT_NATIVE_SYMBOL phase=ws2812_grb lane=0 index=58 l0=1 d0=8 l1=0 d1=17
RMT_NATIVE_SYMBOL phase=ws2812_grb lane=0 index=59 l0=1 d0=8 l1=0 d1=17
RMT_NATIVE_SYMBOL phase=ws2812_grb lane=0 index=60 l0=1 d0=8 l1=0 d1=17
RMT_NATIVE_SYMBOL phase=ws2812_grb lane=0 index=61 l0=1 d0=8 l1=0 d1=17
RMT_NATIVE_SYMBOL phase=ws2812_grb lane=0 index=62 l0=1 d0=8 l1=0 d1=17
RMT_NATIVE_SYMBOL phase=ws2812_grb lane=0 index=63 l0=1 d0=8 l1=0 d1=17
RMT_NATIVE_SYMBOL phase=ws2812_grb lane=0 index=64 l0=1 d0=8 l1=0 d1=17
RMT_NATIVE_SYMBOL phase=ws2812_grb lane=0 index=65 l0=1 d0=16 l1=0 d1=9
RMT_NATIVE_SYMBOL phase=ws2812_grb lane=0 index=66 l0=1 d0=16 l1=0 d1=9
RMT_NATIVE_SYMBOL phase=ws2812_grb lane=0 index=67 l0=1 d0=16 l1=0 d1=9
RMT_NATIVE_SYMBOL phase=ws2812_grb lane=0 index=68 l0=1 d0=16 l1=0 d1=9
RMT_NATIVE_SYMBOL phase=ws2812_grb lane=0 index=69 l0=1 d0=16 l1=0 d1=9
RMT_NATIVE_SYMBOL phase=ws2812_grb lane=0 index=70 l0=1 d0=16 l1=0 d1=9
RMT_NATIVE_SYMBOL phase=ws2812_grb lane=0 index=71 l0=1 d0=16 l1=0 d1=0
RMT_NATIVE_CHECK phase=ws2812_grb name=tx_single_done result=PASS
RMT_NATIVE_CHECK phase=ws2812_grb name=tx_not_immediate result=PASS
RMT_NATIVE_CHECK phase=ws2812_grb name=rx_idle_completion result=PASS
RMT_NATIVE_CHECK phase=ws2812_grb name=rx_exact_count result=PASS
RMT_NATIVE_CHECK phase=ws2812_grb name=rx_exact_payload result=PASS
RMT_NATIVE_CHECK phase=ws2812_grb name=rx_final_bit result=PASS
RMT_NATIVE_CHECK phase=ws2812_grb name=rx_ring_partial_progress result=PASS
RMT_NATIVE_STATUS phase=ws2812_grb name=disable_rx actual=ESP_OK expected=ESP_OK
RMT_NATIVE_CHECK phase=ws2812_grb name=disable_rx result=PASS
RMT_NATIVE_STATUS phase=ws2812_grb name=delete_rx actual=ESP_OK expected=ESP_OK
RMT_NATIVE_CHECK phase=ws2812_grb name=delete_rx result=PASS
RMT_NATIVE_STATUS phase=ws2812_grb name=disable_tx actual=ESP_OK expected=ESP_OK
RMT_NATIVE_CHECK phase=ws2812_grb name=disable_tx result=PASS
RMT_NATIVE_STATUS phase=ws2812_grb name=delete_tx actual=ESP_OK expected=ESP_OK
RMT_NATIVE_CHECK phase=ws2812_grb name=delete_tx result=PASS
RMT_NATIVE_STATUS phase=dma_long name=new_tx actual=ESP_OK expected=ESP_OK
RMT_NATIVE_CHECK phase=dma_long name=new_tx result=PASS
RMT_NATIVE_STATUS phase=dma_long name=new_rx actual=ESP_OK expected=ESP_OK
RMT_NATIVE_CHECK phase=dma_long name=new_rx result=PASS
RMT_NATIVE_STATUS phase=dma_long name=tx_callback actual=ESP_OK expected=ESP_OK
RMT_NATIVE_CHECK phase=dma_long name=tx_callback result=PASS
RMT_NATIVE_STATUS phase=dma_long name=rx_callback actual=ESP_OK expected=ESP_OK
RMT_NATIVE_CHECK phase=dma_long name=rx_callback result=PASS
RMT_NATIVE_STATUS phase=dma_long name=enable_tx actual=ESP_OK expected=ESP_OK
RMT_NATIVE_CHECK phase=dma_long name=enable_tx result=PASS
RMT_NATIVE_STATUS phase=dma_long name=enable_rx actual=ESP_OK expected=ESP_OK
RMT_NATIVE_CHECK phase=dma_long name=enable_rx result=PASS
RMT_NATIVE_PHASE name=dma_long resolution_hz=1000000 payload_symbols=120
RMT_NATIVE_EXPECT phase=dma_long index=0 l0=1 d0=31 l1=0 d1=43 edge0_ns=0
RMT_NATIVE_EXPECT phase=dma_long index=1 l0=1 d0=48 l1=0 d1=56 edge0_ns=74000
RMT_NATIVE_EXPECT phase=dma_long index=2 l0=1 d0=65 l1=0 d1=69 edge0_ns=178000
RMT_NATIVE_EXPECT phase=dma_long index=3 l0=1 d0=82 l1=0 d1=82 edge0_ns=312000
RMT_NATIVE_EXPECT phase=dma_long index=4 l0=1 d0=99 l1=0 d1=95 edge0_ns=476000
RMT_NATIVE_EXPECT phase=dma_long index=5 l0=1 d0=45 l1=0 d1=108 edge0_ns=670000
RMT_NATIVE_EXPECT phase=dma_long index=6 l0=1 d0=62 l1=0 d1=121 edge0_ns=823000
RMT_NATIVE_EXPECT phase=dma_long index=7 l0=1 d0=79 l1=0 d1=51 edge0_ns=1006000
RMT_NATIVE_EXPECT phase=dma_long index=8 l0=1 d0=96 l1=0 d1=64 edge0_ns=1136000
RMT_NATIVE_EXPECT phase=dma_long index=9 l0=1 d0=42 l1=0 d1=77 edge0_ns=1296000
RMT_NATIVE_EXPECT phase=dma_long index=10 l0=1 d0=59 l1=0 d1=90 edge0_ns=1415000
RMT_NATIVE_EXPECT phase=dma_long index=11 l0=1 d0=76 l1=0 d1=103 edge0_ns=1564000
RMT_NATIVE_EXPECT phase=dma_long index=12 l0=1 d0=93 l1=0 d1=116 edge0_ns=1743000
RMT_NATIVE_EXPECT phase=dma_long index=13 l0=1 d0=39 l1=0 d1=46 edge0_ns=1952000
RMT_NATIVE_EXPECT phase=dma_long index=14 l0=1 d0=56 l1=0 d1=59 edge0_ns=2037000
RMT_NATIVE_EXPECT phase=dma_long index=15 l0=1 d0=73 l1=0 d1=72 edge0_ns=2152000
RMT_NATIVE_EXPECT phase=dma_long index=16 l0=1 d0=90 l1=0 d1=85 edge0_ns=2297000
RMT_NATIVE_EXPECT phase=dma_long index=17 l0=1 d0=36 l1=0 d1=98 edge0_ns=2472000
RMT_NATIVE_EXPECT phase=dma_long index=18 l0=1 d0=53 l1=0 d1=111 edge0_ns=2606000
RMT_NATIVE_EXPECT phase=dma_long index=19 l0=1 d0=70 l1=0 d1=124 edge0_ns=2770000
RMT_NATIVE_EXPECT phase=dma_long index=20 l0=1 d0=87 l1=0 d1=54 edge0_ns=2964000
RMT_NATIVE_EXPECT phase=dma_long index=21 l0=1 d0=33 l1=0 d1=67 edge0_ns=3105000
RMT_NATIVE_EXPECT phase=dma_long index=22 l0=1 d0=50 l1=0 d1=80 edge0_ns=3205000
RMT_NATIVE_EXPECT phase=dma_long index=23 l0=1 d0=67 l1=0 d1=93 edge0_ns=3335000
RMT_NATIVE_EXPECT phase=dma_long index=24 l0=1 d0=84 l1=0 d1=106 edge0_ns=3495000
RMT_NATIVE_EXPECT phase=dma_long index=25 l0=1 d0=101 l1=0 d1=119 edge0_ns=3685000
RMT_NATIVE_EXPECT phase=dma_long index=26 l0=1 d0=47 l1=0 d1=49 edge0_ns=3905000
RMT_NATIVE_EXPECT phase=dma_long index=27 l0=1 d0=64 l1=0 d1=62 edge0_ns=4001000
RMT_NATIVE_EXPECT phase=dma_long index=28 l0=1 d0=81 l1=0 d1=75 edge0_ns=4127000
RMT_NATIVE_EXPECT phase=dma_long index=29 l0=1 d0=98 l1=0 d1=88 edge0_ns=4283000
RMT_NATIVE_EXPECT phase=dma_long index=30 l0=1 d0=44 l1=0 d1=101 edge0_ns=4469000
RMT_NATIVE_EXPECT phase=dma_long index=31 l0=1 d0=61 l1=0 d1=114 edge0_ns=4614000
RMT_NATIVE_EXPECT phase=dma_long index=32 l0=1 d0=78 l1=0 d1=44 edge0_ns=4789000
RMT_NATIVE_EXPECT phase=dma_long index=33 l0=1 d0=95 l1=0 d1=57 edge0_ns=4911000
RMT_NATIVE_EXPECT phase=dma_long index=34 l0=1 d0=41 l1=0 d1=70 edge0_ns=5063000
RMT_NATIVE_EXPECT phase=dma_long index=35 l0=1 d0=58 l1=0 d1=83 edge0_ns=5174000
RMT_NATIVE_EXPECT phase=dma_long index=36 l0=1 d0=75 l1=0 d1=96 edge0_ns=5315000
RMT_NATIVE_EXPECT phase=dma_long index=37 l0=1 d0=92 l1=0 d1=109 edge0_ns=5486000
RMT_NATIVE_EXPECT phase=dma_long index=38 l0=1 d0=38 l1=0 d1=122 edge0_ns=5687000
RMT_NATIVE_EXPECT phase=dma_long index=39 l0=1 d0=55 l1=0 d1=52 edge0_ns=5847000
RMT_NATIVE_EXPECT phase=dma_long index=40 l0=1 d0=72 l1=0 d1=65 edge0_ns=5954000
RMT_NATIVE_EXPECT phase=dma_long index=41 l0=1 d0=89 l1=0 d1=78 edge0_ns=6091000
RMT_NATIVE_EXPECT phase=dma_long index=42 l0=1 d0=35 l1=0 d1=91 edge0_ns=6258000
RMT_NATIVE_EXPECT phase=dma_long index=43 l0=1 d0=52 l1=0 d1=104 edge0_ns=6384000
RMT_NATIVE_EXPECT phase=dma_long index=44 l0=1 d0=69 l1=0 d1=117 edge0_ns=6540000
RMT_NATIVE_EXPECT phase=dma_long index=45 l0=1 d0=86 l1=0 d1=47 edge0_ns=6726000
RMT_NATIVE_EXPECT phase=dma_long index=46 l0=1 d0=32 l1=0 d1=60 edge0_ns=6859000
RMT_NATIVE_EXPECT phase=dma_long index=47 l0=1 d0=49 l1=0 d1=73 edge0_ns=6951000
RMT_NATIVE_EXPECT phase=dma_long index=48 l0=1 d0=66 l1=0 d1=86 edge0_ns=7073000
RMT_NATIVE_EXPECT phase=dma_long index=49 l0=1 d0=83 l1=0 d1=99 edge0_ns=7225000
RMT_NATIVE_EXPECT phase=dma_long index=50 l0=1 d0=100 l1=0 d1=112 edge0_ns=7407000
RMT_NATIVE_EXPECT phase=dma_long index=51 l0=1 d0=46 l1=0 d1=125 edge0_ns=7619000
RMT_NATIVE_EXPECT phase=dma_long index=52 l0=1 d0=63 l1=0 d1=55 edge0_ns=7790000
RMT_NATIVE_EXPECT phase=dma_long index=53 l0=1 d0=80 l1=0 d1=68 edge0_ns=7908000
RMT_NATIVE_EXPECT phase=dma_long index=54 l0=1 d0=97 l1=0 d1=81 edge0_ns=8056000
RMT_NATIVE_EXPECT phase=dma_long index=55 l0=1 d0=43 l1=0 d1=94 edge0_ns=8234000
RMT_NATIVE_EXPECT phase=dma_long index=56 l0=1 d0=60 l1=0 d1=107 edge0_ns=8371000
RMT_NATIVE_EXPECT phase=dma_long index=57 l0=1 d0=77 l1=0 d1=120 edge0_ns=8538000
RMT_NATIVE_EXPECT phase=dma_long index=58 l0=1 d0=94 l1=0 d1=50 edge0_ns=8735000
RMT_NATIVE_EXPECT phase=dma_long index=59 l0=1 d0=40 l1=0 d1=63 edge0_ns=8879000
RMT_NATIVE_EXPECT phase=dma_long index=60 l0=1 d0=57 l1=0 d1=76 edge0_ns=8982000
RMT_NATIVE_EXPECT phase=dma_long index=61 l0=1 d0=74 l1=0 d1=89 edge0_ns=9115000
RMT_NATIVE_EXPECT phase=dma_long index=62 l0=1 d0=91 l1=0 d1=102 edge0_ns=9278000
RMT_NATIVE_EXPECT phase=dma_long index=63 l0=1 d0=37 l1=0 d1=115 edge0_ns=9471000
RMT_NATIVE_EXPECT phase=dma_long index=64 l0=1 d0=54 l1=0 d1=45 edge0_ns=9623000
RMT_NATIVE_EXPECT phase=dma_long index=65 l0=1 d0=71 l1=0 d1=58 edge0_ns=9722000
RMT_NATIVE_EXPECT phase=dma_long index=66 l0=1 d0=88 l1=0 d1=71 edge0_ns=9851000
RMT_NATIVE_EXPECT phase=dma_long index=67 l0=1 d0=34 l1=0 d1=84 edge0_ns=10010000
RMT_NATIVE_EXPECT phase=dma_long index=68 l0=1 d0=51 l1=0 d1=97 edge0_ns=10128000
RMT_NATIVE_EXPECT phase=dma_long index=69 l0=1 d0=68 l1=0 d1=110 edge0_ns=10276000
RMT_NATIVE_EXPECT phase=dma_long index=70 l0=1 d0=85 l1=0 d1=123 edge0_ns=10454000
RMT_NATIVE_EXPECT phase=dma_long index=71 l0=1 d0=31 l1=0 d1=53 edge0_ns=10662000
RMT_NATIVE_EXPECT phase=dma_long index=72 l0=1 d0=48 l1=0 d1=66 edge0_ns=10746000
RMT_NATIVE_EXPECT phase=dma_long index=73 l0=1 d0=65 l1=0 d1=79 edge0_ns=10860000
RMT_NATIVE_EXPECT phase=dma_long index=74 l0=1 d0=82 l1=0 d1=92 edge0_ns=11004000
RMT_NATIVE_EXPECT phase=dma_long index=75 l0=1 d0=99 l1=0 d1=105 edge0_ns=11178000
RMT_NATIVE_EXPECT phase=dma_long index=76 l0=1 d0=45 l1=0 d1=118 edge0_ns=11382000
RMT_NATIVE_EXPECT phase=dma_long index=77 l0=1 d0=62 l1=0 d1=48 edge0_ns=11545000
RMT_NATIVE_EXPECT phase=dma_long index=78 l0=1 d0=79 l1=0 d1=61 edge0_ns=11655000
RMT_NATIVE_EXPECT phase=dma_long index=79 l0=1 d0=96 l1=0 d1=74 edge0_ns=11795000
RMT_NATIVE_EXPECT phase=dma_long index=80 l0=1 d0=42 l1=0 d1=87 edge0_ns=11965000
RMT_NATIVE_EXPECT phase=dma_long index=81 l0=1 d0=59 l1=0 d1=100 edge0_ns=12094000
RMT_NATIVE_EXPECT phase=dma_long index=82 l0=1 d0=76 l1=0 d1=113 edge0_ns=12253000
RMT_NATIVE_EXPECT phase=dma_long index=83 l0=1 d0=93 l1=0 d1=43 edge0_ns=12442000
RMT_NATIVE_EXPECT phase=dma_long index=84 l0=1 d0=39 l1=0 d1=56 edge0_ns=12578000
RMT_NATIVE_EXPECT phase=dma_long index=85 l0=1 d0=56 l1=0 d1=69 edge0_ns=12673000
RMT_NATIVE_EXPECT phase=dma_long index=86 l0=1 d0=73 l1=0 d1=82 edge0_ns=12798000
RMT_NATIVE_EXPECT phase=dma_long index=87 l0=1 d0=90 l1=0 d1=95 edge0_ns=12953000
RMT_NATIVE_EXPECT phase=dma_long index=88 l0=1 d0=36 l1=0 d1=108 edge0_ns=13138000
RMT_NATIVE_EXPECT phase=dma_long index=89 l0=1 d0=53 l1=0 d1=121 edge0_ns=13282000
RMT_NATIVE_EXPECT phase=dma_long index=90 l0=1 d0=70 l1=0 d1=51 edge0_ns=13456000
RMT_NATIVE_EXPECT phase=dma_long index=91 l0=1 d0=87 l1=0 d1=64 edge0_ns=13577000
RMT_NATIVE_EXPECT phase=dma_long index=92 l0=1 d0=33 l1=0 d1=77 edge0_ns=13728000
RMT_NATIVE_EXPECT phase=dma_long index=93 l0=1 d0=50 l1=0 d1=90 edge0_ns=13838000
RMT_NATIVE_EXPECT phase=dma_long index=94 l0=1 d0=67 l1=0 d1=103 edge0_ns=13978000
RMT_NATIVE_EXPECT phase=dma_long index=95 l0=1 d0=84 l1=0 d1=116 edge0_ns=14148000
RMT_NATIVE_EXPECT phase=dma_long index=96 l0=1 d0=101 l1=0 d1=46 edge0_ns=14348000
RMT_NATIVE_EXPECT phase=dma_long index=97 l0=1 d0=47 l1=0 d1=59 edge0_ns=14495000
RMT_NATIVE_EXPECT phase=dma_long index=98 l0=1 d0=64 l1=0 d1=72 edge0_ns=14601000
RMT_NATIVE_EXPECT phase=dma_long index=99 l0=1 d0=81 l1=0 d1=85 edge0_ns=14737000
RMT_NATIVE_EXPECT phase=dma_long index=100 l0=1 d0=98 l1=0 d1=98 edge0_ns=14903000
RMT_NATIVE_EXPECT phase=dma_long index=101 l0=1 d0=44 l1=0 d1=111 edge0_ns=15099000
RMT_NATIVE_EXPECT phase=dma_long index=102 l0=1 d0=61 l1=0 d1=124 edge0_ns=15254000
RMT_NATIVE_EXPECT phase=dma_long index=103 l0=1 d0=78 l1=0 d1=54 edge0_ns=15439000
RMT_NATIVE_EXPECT phase=dma_long index=104 l0=1 d0=95 l1=0 d1=67 edge0_ns=15571000
RMT_NATIVE_EXPECT phase=dma_long index=105 l0=1 d0=41 l1=0 d1=80 edge0_ns=15733000
RMT_NATIVE_EXPECT phase=dma_long index=106 l0=1 d0=58 l1=0 d1=93 edge0_ns=15854000
RMT_NATIVE_EXPECT phase=dma_long index=107 l0=1 d0=75 l1=0 d1=106 edge0_ns=16005000
RMT_NATIVE_EXPECT phase=dma_long index=108 l0=1 d0=92 l1=0 d1=119 edge0_ns=16186000
RMT_NATIVE_EXPECT phase=dma_long index=109 l0=1 d0=38 l1=0 d1=49 edge0_ns=16397000
RMT_NATIVE_EXPECT phase=dma_long index=110 l0=1 d0=55 l1=0 d1=62 edge0_ns=16484000
RMT_NATIVE_EXPECT phase=dma_long index=111 l0=1 d0=72 l1=0 d1=75 edge0_ns=16601000
RMT_NATIVE_EXPECT phase=dma_long index=112 l0=1 d0=89 l1=0 d1=88 edge0_ns=16748000
RMT_NATIVE_EXPECT phase=dma_long index=113 l0=1 d0=35 l1=0 d1=101 edge0_ns=16925000
RMT_NATIVE_EXPECT phase=dma_long index=114 l0=1 d0=52 l1=0 d1=114 edge0_ns=17061000
RMT_NATIVE_EXPECT phase=dma_long index=115 l0=1 d0=69 l1=0 d1=44 edge0_ns=17227000
RMT_NATIVE_EXPECT phase=dma_long index=116 l0=1 d0=86 l1=0 d1=57 edge0_ns=17340000
RMT_NATIVE_EXPECT phase=dma_long index=117 l0=1 d0=32 l1=0 d1=70 edge0_ns=17483000
RMT_NATIVE_EXPECT phase=dma_long index=118 l0=1 d0=49 l1=0 d1=83 edge0_ns=17585000
RMT_NATIVE_EXPECT phase=dma_long index=119 l0=1 d0=66 l1=0 d1=96 edge0_ns=17717000
RMT_NATIVE_STATUS phase=dma_long name=receive actual=ESP_OK expected=ESP_OK
RMT_NATIVE_CHECK phase=dma_long name=receive result=PASS
RMT_NATIVE_STATUS phase=dma_long name=transmit actual=ESP_OK expected=ESP_OK
RMT_NATIVE_CHECK phase=dma_long name=transmit result=PASS
RMT_NATIVE_STATUS phase=dma_long name=wait_tx actual=ESP_OK expected=ESP_OK
RMT_NATIVE_CHECK phase=dma_long name=wait_tx result=PASS
RMT_NATIVE_TIME phase=dma_long lane=0 submit_us=6990128 tx_done_us=7008060 rx_done_us=7009050 tx_events=1 rx_events=2 partial_events=1 tx_symbols=122 rx_symbols=121
RMT_NATIVE_SYMBOL phase=dma_long lane=0 index=0 l0=1 d0=31 l1=0 d1=43
RMT_NATIVE_SYMBOL phase=dma_long lane=0 index=1 l0=1 d0=48 l1=0 d1=56
RMT_NATIVE_SYMBOL phase=dma_long lane=0 index=2 l0=1 d0=65 l1=0 d1=69
RMT_NATIVE_SYMBOL phase=dma_long lane=0 index=3 l0=1 d0=82 l1=0 d1=82
RMT_NATIVE_SYMBOL phase=dma_long lane=0 index=4 l0=1 d0=99 l1=0 d1=95
RMT_NATIVE_SYMBOL phase=dma_long lane=0 index=5 l0=1 d0=45 l1=0 d1=108
RMT_NATIVE_SYMBOL phase=dma_long lane=0 index=6 l0=1 d0=62 l1=0 d1=121
RMT_NATIVE_SYMBOL phase=dma_long lane=0 index=7 l0=1 d0=79 l1=0 d1=51
RMT_NATIVE_SYMBOL phase=dma_long lane=0 index=8 l0=1 d0=96 l1=0 d1=64
RMT_NATIVE_SYMBOL phase=dma_long lane=0 index=9 l0=1 d0=42 l1=0 d1=77
RMT_NATIVE_SYMBOL phase=dma_long lane=0 index=10 l0=1 d0=59 l1=0 d1=90
RMT_NATIVE_SYMBOL phase=dma_long lane=0 index=11 l0=1 d0=76 l1=0 d1=103
RMT_NATIVE_SYMBOL phase=dma_long lane=0 index=12 l0=1 d0=93 l1=0 d1=116
RMT_NATIVE_SYMBOL phase=dma_long lane=0 index=13 l0=1 d0=39 l1=0 d1=46
RMT_NATIVE_SYMBOL phase=dma_long lane=0 index=14 l0=1 d0=56 l1=0 d1=59
RMT_NATIVE_SYMBOL phase=dma_long lane=0 index=15 l0=1 d0=73 l1=0 d1=72
RMT_NATIVE_SYMBOL phase=dma_long lane=0 index=16 l0=1 d0=90 l1=0 d1=85
RMT_NATIVE_SYMBOL phase=dma_long lane=0 index=17 l0=1 d0=36 l1=0 d1=98
RMT_NATIVE_SYMBOL phase=dma_long lane=0 index=18 l0=1 d0=53 l1=0 d1=111
RMT_NATIVE_SYMBOL phase=dma_long lane=0 index=19 l0=1 d0=70 l1=0 d1=124
RMT_NATIVE_SYMBOL phase=dma_long lane=0 index=20 l0=1 d0=87 l1=0 d1=54
RMT_NATIVE_SYMBOL phase=dma_long lane=0 index=21 l0=1 d0=33 l1=0 d1=67
RMT_NATIVE_SYMBOL phase=dma_long lane=0 index=22 l0=1 d0=50 l1=0 d1=80
RMT_NATIVE_SYMBOL phase=dma_long lane=0 index=23 l0=1 d0=67 l1=0 d1=93
RMT_NATIVE_SYMBOL phase=dma_long lane=0 index=24 l0=1 d0=84 l1=0 d1=106
RMT_NATIVE_SYMBOL phase=dma_long lane=0 index=25 l0=1 d0=101 l1=0 d1=119
RMT_NATIVE_SYMBOL phase=dma_long lane=0 index=26 l0=1 d0=47 l1=0 d1=49
RMT_NATIVE_SYMBOL phase=dma_long lane=0 index=27 l0=1 d0=64 l1=0 d1=62
RMT_NATIVE_SYMBOL phase=dma_long lane=0 index=28 l0=1 d0=81 l1=0 d1=75
RMT_NATIVE_SYMBOL phase=dma_long lane=0 index=29 l0=1 d0=98 l1=0 d1=88
RMT_NATIVE_SYMBOL phase=dma_long lane=0 index=30 l0=1 d0=44 l1=0 d1=101
RMT_NATIVE_SYMBOL phase=dma_long lane=0 index=31 l0=1 d0=61 l1=0 d1=114
RMT_NATIVE_SYMBOL phase=dma_long lane=0 index=32 l0=1 d0=78 l1=0 d1=44
RMT_NATIVE_SYMBOL phase=dma_long lane=0 index=33 l0=1 d0=95 l1=0 d1=57
RMT_NATIVE_SYMBOL phase=dma_long lane=0 index=34 l0=1 d0=41 l1=0 d1=70
RMT_NATIVE_SYMBOL phase=dma_long lane=0 index=35 l0=1 d0=58 l1=0 d1=83
RMT_NATIVE_SYMBOL phase=dma_long lane=0 index=36 l0=1 d0=75 l1=0 d1=96
RMT_NATIVE_SYMBOL phase=dma_long lane=0 index=37 l0=1 d0=92 l1=0 d1=109
RMT_NATIVE_SYMBOL phase=dma_long lane=0 index=38 l0=1 d0=38 l1=0 d1=122
RMT_NATIVE_SYMBOL phase=dma_long lane=0 index=39 l0=1 d0=55 l1=0 d1=52
RMT_NATIVE_SYMBOL phase=dma_long lane=0 index=40 l0=1 d0=72 l1=0 d1=65
RMT_NATIVE_SYMBOL phase=dma_long lane=0 index=41 l0=1 d0=89 l1=0 d1=78
RMT_NATIVE_SYMBOL phase=dma_long lane=0 index=42 l0=1 d0=35 l1=0 d1=91
RMT_NATIVE_SYMBOL phase=dma_long lane=0 index=43 l0=1 d0=52 l1=0 d1=104
RMT_NATIVE_SYMBOL phase=dma_long lane=0 index=44 l0=1 d0=69 l1=0 d1=117
RMT_NATIVE_SYMBOL phase=dma_long lane=0 index=45 l0=1 d0=86 l1=0 d1=47
RMT_NATIVE_SYMBOL phase=dma_long lane=0 index=46 l0=1 d0=32 l1=0 d1=60
RMT_NATIVE_SYMBOL phase=dma_long lane=0 index=47 l0=1 d0=49 l1=0 d1=73
RMT_NATIVE_SYMBOL phase=dma_long lane=0 index=48 l0=1 d0=66 l1=0 d1=86
RMT_NATIVE_SYMBOL phase=dma_long lane=0 index=49 l0=1 d0=83 l1=0 d1=99
RMT_NATIVE_SYMBOL phase=dma_long lane=0 index=50 l0=1 d0=100 l1=0 d1=112
RMT_NATIVE_SYMBOL phase=dma_long lane=0 index=51 l0=1 d0=46 l1=0 d1=125
RMT_NATIVE_SYMBOL phase=dma_long lane=0 index=52 l0=1 d0=63 l1=0 d1=55
RMT_NATIVE_SYMBOL phase=dma_long lane=0 index=53 l0=1 d0=80 l1=0 d1=68
RMT_NATIVE_SYMBOL phase=dma_long lane=0 index=54 l0=1 d0=97 l1=0 d1=81
RMT_NATIVE_SYMBOL phase=dma_long lane=0 index=55 l0=1 d0=43 l1=0 d1=94
RMT_NATIVE_SYMBOL phase=dma_long lane=0 index=56 l0=1 d0=60 l1=0 d1=107
RMT_NATIVE_SYMBOL phase=dma_long lane=0 index=57 l0=1 d0=77 l1=0 d1=120
RMT_NATIVE_SYMBOL phase=dma_long lane=0 index=58 l0=1 d0=94 l1=0 d1=50
RMT_NATIVE_SYMBOL phase=dma_long lane=0 index=59 l0=1 d0=40 l1=0 d1=63
RMT_NATIVE_SYMBOL phase=dma_long lane=0 index=60 l0=1 d0=57 l1=0 d1=76
RMT_NATIVE_SYMBOL phase=dma_long lane=0 index=61 l0=1 d0=74 l1=0 d1=89
RMT_NATIVE_SYMBOL phase=dma_long lane=0 index=62 l0=1 d0=91 l1=0 d1=102
RMT_NATIVE_SYMBOL phase=dma_long lane=0 index=63 l0=1 d0=37 l1=0 d1=115
RMT_NATIVE_SYMBOL phase=dma_long lane=0 index=64 l0=1 d0=54 l1=0 d1=45
RMT_NATIVE_SYMBOL phase=dma_long lane=0 index=65 l0=1 d0=71 l1=0 d1=58
RMT_NATIVE_SYMBOL phase=dma_long lane=0 index=66 l0=1 d0=88 l1=0 d1=71
RMT_NATIVE_SYMBOL phase=dma_long lane=0 index=67 l0=1 d0=34 l1=0 d1=84
RMT_NATIVE_SYMBOL phase=dma_long lane=0 index=68 l0=1 d0=51 l1=0 d1=97
RMT_NATIVE_SYMBOL phase=dma_long lane=0 index=69 l0=1 d0=68 l1=0 d1=110
RMT_NATIVE_SYMBOL phase=dma_long lane=0 index=70 l0=1 d0=85 l1=0 d1=123
RMT_NATIVE_SYMBOL phase=dma_long lane=0 index=71 l0=1 d0=31 l1=0 d1=53
RMT_NATIVE_SYMBOL phase=dma_long lane=0 index=72 l0=1 d0=48 l1=0 d1=66
RMT_NATIVE_SYMBOL phase=dma_long lane=0 index=73 l0=1 d0=65 l1=0 d1=79
RMT_NATIVE_SYMBOL phase=dma_long lane=0 index=74 l0=1 d0=82 l1=0 d1=92
RMT_NATIVE_SYMBOL phase=dma_long lane=0 index=75 l0=1 d0=99 l1=0 d1=105
RMT_NATIVE_SYMBOL phase=dma_long lane=0 index=76 l0=1 d0=45 l1=0 d1=118
RMT_NATIVE_SYMBOL phase=dma_long lane=0 index=77 l0=1 d0=62 l1=0 d1=48
RMT_NATIVE_SYMBOL phase=dma_long lane=0 index=78 l0=1 d0=79 l1=0 d1=61
RMT_NATIVE_SYMBOL phase=dma_long lane=0 index=79 l0=1 d0=96 l1=0 d1=74
RMT_NATIVE_SYMBOL phase=dma_long lane=0 index=80 l0=1 d0=42 l1=0 d1=87
RMT_NATIVE_SYMBOL phase=dma_long lane=0 index=81 l0=1 d0=59 l1=0 d1=100
RMT_NATIVE_SYMBOL phase=dma_long lane=0 index=82 l0=1 d0=76 l1=0 d1=113
RMT_NATIVE_SYMBOL phase=dma_long lane=0 index=83 l0=1 d0=93 l1=0 d1=43
RMT_NATIVE_SYMBOL phase=dma_long lane=0 index=84 l0=1 d0=39 l1=0 d1=56
RMT_NATIVE_SYMBOL phase=dma_long lane=0 index=85 l0=1 d0=56 l1=0 d1=69
RMT_NATIVE_SYMBOL phase=dma_long lane=0 index=86 l0=1 d0=73 l1=0 d1=82
RMT_NATIVE_SYMBOL phase=dma_long lane=0 index=87 l0=1 d0=90 l1=0 d1=95
RMT_NATIVE_SYMBOL phase=dma_long lane=0 index=88 l0=1 d0=36 l1=0 d1=108
RMT_NATIVE_SYMBOL phase=dma_long lane=0 index=89 l0=1 d0=53 l1=0 d1=121
RMT_NATIVE_SYMBOL phase=dma_long lane=0 index=90 l0=1 d0=70 l1=0 d1=51
RMT_NATIVE_SYMBOL phase=dma_long lane=0 index=91 l0=1 d0=87 l1=0 d1=64
RMT_NATIVE_SYMBOL phase=dma_long lane=0 index=92 l0=1 d0=33 l1=0 d1=77
RMT_NATIVE_SYMBOL phase=dma_long lane=0 index=93 l0=1 d0=50 l1=0 d1=90
RMT_NATIVE_SYMBOL phase=dma_long lane=0 index=94 l0=1 d0=67 l1=0 d1=103
RMT_NATIVE_SYMBOL phase=dma_long lane=0 index=95 l0=1 d0=84 l1=0 d1=116
RMT_NATIVE_SYMBOL phase=dma_long lane=0 index=96 l0=1 d0=101 l1=0 d1=46
RMT_NATIVE_SYMBOL phase=dma_long lane=0 index=97 l0=1 d0=47 l1=0 d1=59
RMT_NATIVE_SYMBOL phase=dma_long lane=0 index=98 l0=1 d0=64 l1=0 d1=72
RMT_NATIVE_SYMBOL phase=dma_long lane=0 index=99 l0=1 d0=81 l1=0 d1=85
RMT_NATIVE_SYMBOL phase=dma_long lane=0 index=100 l0=1 d0=98 l1=0 d1=98
RMT_NATIVE_SYMBOL phase=dma_long lane=0 index=101 l0=1 d0=44 l1=0 d1=111
RMT_NATIVE_SYMBOL phase=dma_long lane=0 index=102 l0=1 d0=61 l1=0 d1=124
RMT_NATIVE_SYMBOL phase=dma_long lane=0 index=103 l0=1 d0=78 l1=0 d1=54
RMT_NATIVE_SYMBOL phase=dma_long lane=0 index=104 l0=1 d0=95 l1=0 d1=67
RMT_NATIVE_SYMBOL phase=dma_long lane=0 index=105 l0=1 d0=41 l1=0 d1=80
RMT_NATIVE_SYMBOL phase=dma_long lane=0 index=106 l0=1 d0=58 l1=0 d1=93
RMT_NATIVE_SYMBOL phase=dma_long lane=0 index=107 l0=1 d0=75 l1=0 d1=106
RMT_NATIVE_SYMBOL phase=dma_long lane=0 index=108 l0=1 d0=92 l1=0 d1=119
RMT_NATIVE_SYMBOL phase=dma_long lane=0 index=109 l0=1 d0=38 l1=0 d1=49
RMT_NATIVE_SYMBOL phase=dma_long lane=0 index=110 l0=1 d0=55 l1=0 d1=62
RMT_NATIVE_SYMBOL phase=dma_long lane=0 index=111 l0=1 d0=72 l1=0 d1=75
RMT_NATIVE_SYMBOL phase=dma_long lane=0 index=112 l0=1 d0=89 l1=0 d1=88
RMT_NATIVE_SYMBOL phase=dma_long lane=0 index=113 l0=1 d0=35 l1=0 d1=101
RMT_NATIVE_SYMBOL phase=dma_long lane=0 index=114 l0=1 d0=52 l1=0 d1=114
RMT_NATIVE_SYMBOL phase=dma_long lane=0 index=115 l0=1 d0=69 l1=0 d1=44
RMT_NATIVE_SYMBOL phase=dma_long lane=0 index=116 l0=1 d0=86 l1=0 d1=57
RMT_NATIVE_SYMBOL phase=dma_long lane=0 index=117 l0=1 d0=32 l1=0 d1=70
RMT_NATIVE_SYMBOL phase=dma_long lane=0 index=118 l0=1 d0=49 l1=0 d1=83
RMT_NATIVE_SYMBOL phase=dma_long lane=0 index=119 l0=1 d0=66 l1=0 d1=96
RMT_NATIVE_SYMBOL phase=dma_long lane=0 index=120 l0=1 d0=37 l1=0 d1=0
RMT_NATIVE_CHECK phase=dma_long name=tx_single_done result=PASS
RMT_NATIVE_CHECK phase=dma_long name=tx_not_immediate result=PASS
RMT_NATIVE_CHECK phase=dma_long name=rx_idle_completion result=PASS
RMT_NATIVE_CHECK phase=dma_long name=rx_exact_count result=PASS
RMT_NATIVE_CHECK phase=dma_long name=rx_exact_payload result=PASS
RMT_NATIVE_CHECK phase=dma_long name=rx_guard_pulse result=PASS
RMT_NATIVE_STATUS phase=dma_long name=disable_rx actual=ESP_OK expected=ESP_OK
RMT_NATIVE_CHECK phase=dma_long name=disable_rx result=PASS
RMT_NATIVE_STATUS phase=dma_long name=delete_rx actual=ESP_OK expected=ESP_OK
RMT_NATIVE_CHECK phase=dma_long name=delete_rx result=PASS
RMT_NATIVE_STATUS phase=dma_long name=disable_tx actual=ESP_OK expected=ESP_OK
RMT_NATIVE_CHECK phase=dma_long name=disable_tx result=PASS
RMT_NATIVE_STATUS phase=dma_long name=delete_tx actual=ESP_OK expected=ESP_OK
RMT_NATIVE_CHECK phase=dma_long name=delete_tx result=PASS
RMT_NATIVE_STATUS phase=cleanup name=delete_encoder actual=ESP_OK expected=ESP_OK
RMT_NATIVE_CHECK phase=cleanup name=delete_encoder result=PASS
RMT_NATIVE_DONE profile=connected failures=0
