ESP-ROM:esp32s3-20210327
Build:Mar 27 2021
rst:0x1 (POWERON),boot:0x4 (SPI_FLASH_BOOT)
SPIWP:0xee
mode:DIO, clock div:1
load:0x3fce2820,len:0x14f0
load:0x403c8700,len:0xd24
load:0x403cb700,len:0x2eec
entry 0x403c8924
I (32) boot: ESP-IDF b774170f 2nd stage bootloader
I (32) boot: compile time Oct 10 2026 21:47:59
I (32) boot: Multicore bootloader
I (33) boot: chip revision: v0.0
I (36) boot: efuse block revision: v0.0
I (39) boot.esp32s3: Boot SPI Speed : 80MHz
I (43) boot.esp32s3: SPI Mode       : DIO
I (47) boot.esp32s3: SPI Flash Size : 4MB
I (51) boot: Enabling RNG early entropy source...
I (55) boot: Partition Table:
I (58) boot: ## Label            Usage          Type ST Offset   Length
I (64) boot:  0 nvs              WiFi data        01 02 00009000 00006000
I (71) boot:  1 phy_init         RF data          01 01 0000f000 00001000
I (77) boot:  2 factory          factory app      00 00 00010000 00100000
I (84) boot: End of partition table
I (87) esp_image: segment 0: paddr=00010020 vaddr=3c020020 size=0bea0h ( 48800) map
I (94) esp_image: segment 1: paddr=0001bec8 vaddr=3fc93d00 size=02ff0h ( 12272) load
I (102) esp_image: segment 2: paddr=0001eec0 vaddr=40374000 size=01158h (  4440) load
I (109) esp_image: segment 3: paddr=00020020 vaddr=42000020 size=18410h ( 99344) map
I (117) esp_image: segment 4: paddr=00038438 vaddr=40375158 size=0eac4h ( 60100) load
I (125) esp_image: segment 5: paddr=00046f04 vaddr=50000000 size=00020h (    32) load
I (132) boot: Loaded app from partition at offset 0x10000
I (137) boot: Disabling RNG early entropy source...
W (318) rtcinit: o_code calibration fail

I (159) cpu_start: Multicore app
I (181) cpu_start: GPIO 44 and 43 are used as console UART I/O pins
I (181) cpu_start: Pro cpu start user code
I (181) cpu_start: cpu freq: 160000000 Hz
I (183) app_init: Application information:
I (187) app_init: Project name:     esp32s3_i2c_native
I (192) app_init: App version:      1
I (195) app_init: Compile time:     Oct 10 2026 21:46:46
I (200) app_init: ELF file SHA256:  cae8804db...
I (205) app_init: ESP-IDF:          b774170f
I (209) efuse_init: Min chip rev:     v0.0
I (212) efuse_init: Max chip rev:     v0.99 
I (216) efuse_init: Chip rev:         v0.0
I (220) heap_init: Initializing. RAM available for dynamic allocation:
I (227) heap_init: At 3FC97678 len 00052098 (328 KiB): RAM
I (232) heap_init: At 3FCE9710 len 00005724 (21 KiB): RAM
I (237) heap_init: At 3FCF0000 len 00008000 (32 KiB): DRAM
I (242) heap_init: At 600FE000 len 00001FE8 (7 KiB): RTCRAM
I (247) spi_flash: detected chip: gd
I (251) spi_flash: flash io: dio
I (254) sleep_gpio: Configure to isolate all GPIO pins in sleep state
I (260) sleep_gpio: Enable automatic switching of GPIO sleep configuration
I (267) main_task: Started on CPU0
I (269) main_task: Calling app_main()
I2C_NATIVE_BOOT profile=wire
I2C_WIRE_CHECK master=0 ten=0 name=new_slave result=PASS
I2C_WIRE_CHECK master=0 ten=0 name=responder_task result=PASS
I2C_WIRE_CHECK master=0 ten=0 name=callbacks result=PASS
W (291) i2c.master: Please check pull-up resistances whether be connected properly. Otherwise unexpected behavior would happen. For more detailed information, please read docs
I2C_WIRE_CHECK master=0 ten=0 name=new_master result=PASS
I2C_WIRE_CHECK master=0 ten=0 name=add_device result=PASS
I2C_WIRE_CHECK master=0 ten=0 name=write65 result=PASS
I2C_WIRE_CHECK master=0 ten=0 name=read65 result=PASS
I2C_WIRE_CHECK master=0 ten=0 name=read65_bytes result=PASS
I2C_WIRE_CHECK master=0 ten=0 name=restart17 result=PASS
I2C_WIRE_CHECK master=0 ten=0 name=restart17_bytes result=PASS
I2C_WIRE_CHECK master=0 ten=0 name=receive_bytes result=PASS
I2C_WIRE_CHECK master=0 ten=0 name=receive_ownership result=PASS
I2C_WIRE_CHECK master=0 ten=0 name=request_ownership result=PASS
I2C_WIRE_BYTES master=0 ten=0 receive=030a11181f262d343b424950575e656c737a81888f969da4abb2b9c0c7ced5dce3eaf1f8ff060d141b222930373e454c535a61686f767d848b9299a0a7aeb5bcc3030a11181f262d343b424950575e656c73
I2C_WIRE_CHECK master=0 ten=0 name=remove_device result=PASS
I2C_WIRE_CHECK master=0 ten=0 name=delete_master result=PASS
I2C_WIRE_CHECK master=0 ten=0 name=delete_slave result=PASS
I2C_WIRE_CHECK master=0 ten=1 name=new_slave result=PASS
I2C_WIRE_CHECK master=0 ten=1 name=responder_task result=PASS
I2C_WIRE_CHECK master=0 ten=1 name=callbacks result=PASS
W (408) i2c.master: Please check pull-up resistances whether be connected properly. Otherwise unexpected behavior would happen. For more detailed information, please read docs
I2C_WIRE_CHECK master=0 ten=1 name=new_master result=PASS
I2C_WIRE_CHECK master=0 ten=1 name=add_device result=PASS
I2C_WIRE_CHECK master=0 ten=1 name=write65 result=PASS
I2C_WIRE_CHECK master=0 ten=1 name=read65 result=PASS
I2C_WIRE_CHECK master=0 ten=1 name=read65_bytes result=PASS
E (452) i2c.master: I2C transaction timeout detected
I2C_WIRE_CHECK master=0 ten=1 name=restart17 result=FAIL
I2C_WIRE_CHECK master=0 ten=1 name=restart17_bytes result=FAIL
I2C_WIRE_CHECK master=0 ten=1 name=receive_bytes result=PASS
I2C_WIRE_CHECK master=0 ten=1 name=receive_ownership result=PASS
I2C_WIRE_CHECK master=0 ten=1 name=request_ownership result=PASS
I2C_WIRE_BYTES master=0 ten=1 receive=161d242b323940474e555c636a71787f868d949ba2a9b0b7bec5ccd3dae1e8eff6fd040b121920272e353c434a51585f666d747b828990979ea5acb3bac1c8cfd6161d242b323940474e555c636a71787f86
I2C_WIRE_CHECK master=0 ten=1 name=remove_device result=PASS
I2C_WIRE_CHECK master=0 ten=1 name=delete_master result=PASS
I2C_WIRE_CHECK master=0 ten=1 name=delete_slave result=PASS
I2C_WIRE_CHECK master=1 ten=0 name=new_slave result=PASS
I2C_WIRE_CHECK master=1 ten=0 name=responder_task result=PASS
I2C_WIRE_CHECK master=1 ten=0 name=callbacks result=PASS
W (530) i2c.master: Please check pull-up resistances whether be connected properly. Otherwise unexpected behavior would happen. For more detailed information, please read docs
I2C_WIRE_CHECK master=1 ten=0 name=new_master result=PASS
I2C_WIRE_CHECK master=1 ten=0 name=add_device result=PASS
I2C_WIRE_CHECK master=1 ten=0 name=write65 result=PASS
I2C_WIRE_CHECK master=1 ten=0 name=read65 result=PASS
I2C_WIRE_CHECK master=1 ten=0 name=read65_bytes result=PASS
I2C_WIRE_CHECK master=1 ten=0 name=restart17 result=PASS
I2C_WIRE_CHECK master=1 ten=0 name=restart17_bytes result=PASS
I2C_WIRE_CHECK master=1 ten=0 name=receive_bytes result=PASS
I2C_WIRE_CHECK master=1 ten=0 name=receive_ownership result=PASS
I2C_WIRE_CHECK master=1 ten=0 name=request_ownership result=PASS
I2C_WIRE_BYTES master=1 ten=0 receive=222930373e454c535a61686f767d848b9299a0a7aeb5bcc3cad1d8dfe6edf4fb020910171e252c333a41484f565d646b727980878e959ca3aab1b8bfc6cdd4dbe2222930373e454c535a61686f767d848b92
I2C_WIRE_CHECK master=1 ten=0 name=remove_device result=PASS
I2C_WIRE_CHECK master=1 ten=0 name=delete_master result=PASS
I2C_WIRE_CHECK master=1 ten=0 name=delete_slave result=PASS
I2C_WIRE_CHECK master=1 ten=1 name=new_slave result=PASS
I2C_WIRE_CHECK master=1 ten=1 name=responder_task result=PASS
I2C_WIRE_CHECK master=1 ten=1 name=callbacks result=PASS
W (647) i2c.master: Please check pull-up resistances whether be connected properly. Otherwise unexpected behavior would happen. For more detailed information, please read docs
I2C_WIRE_CHECK master=1 ten=1 name=new_master result=PASS
I2C_WIRE_CHECK master=1 ten=1 name=add_device result=PASS
I2C_WIRE_CHECK master=1 ten=1 name=write65 result=PASS
I2C_WIRE_CHECK master=1 ten=1 name=read65 result=PASS
I2C_WIRE_CHECK master=1 ten=1 name=read65_bytes result=PASS
E (692) i2c.master: I2C transaction timeout detected
I2C_WIRE_CHECK master=1 ten=1 name=restart17 result=FAIL
I2C_WIRE_CHECK master=1 ten=1 name=restart17_bytes result=FAIL
I2C_WIRE_CHECK master=1 ten=1 name=receive_bytes result=PASS
I2C_WIRE_CHECK master=1 ten=1 name=receive_ownership result=PASS
I2C_WIRE_CHECK master=1 ten=1 name=request_ownership result=PASS
I2C_WIRE_BYTES master=1 ten=1 receive=353c434a51585f666d747b828990979ea5acb3bac1c8cfd6dde4ebf2f900070e151c232a31383f464d545b626970777e858c939aa1a8afb6bdc4cbd2d9e0e7eef5353c434a51585f666d747b828990979ea5
I2C_WIRE_CHECK master=1 ten=1 name=remove_device result=PASS
I2C_WIRE_CHECK master=1 ten=1 name=delete_master result=PASS
I2C_WIRE_CHECK master=1 ten=1 name=delete_slave result=PASS
I2C_NATIVE_DONE profile=wire failures=4 result=FAIL
I (758