ESP-ROM:esp32s3-20210327
Build:Mar 27 2021
rst:0x1 (POWERON),boot:0x4 (SPI_FLASH_BOOT)
SPIWP:0xee
mode:DIO, clock div:1
load:0x3fce2820,len:0x14f0
load:0x403c8700,len:0xde4
load:0x403cb700,len:0x2f58
entry 0x403c8904
I (148) boot: ESP-IDF fff9895c 2nd stage bootloader
I (157) boot: compile time Oct  8 2026 08:50:05
I (157) boot: Multicore bootloader
I (212) boot: chip revision: v0.0
I (214) boot: efuse block revision: v0.0
I (223) boot.esp32s3: Boot SPI Speed : 80MHz
I (233) boot.esp32s3: SPI Mode       : DIO
I (233) boot.esp32s3: SPI Flash Size : 4MB
I (251) boot: Enabling RNG early entropy source...
I (284) boot: Partition Table:
I (285) boot: ## Label            Usage          Type ST Offset   Length
I (286) boot:  0 nvs              WiFi data        01 02 00009000 00006000
I (298) boot:  1 phy_init         RF data          01 01 0000f000 00001000
I (312) boot:  2 factory          factory app      00 00 00010000 00200000
I (332) boot:  3 mem_raw          unknown          40 00 00210000 00001000
I (349) boot: End of partition table
I (368) esp_image: segment 0: paddr=00010020 vaddr=3c020020 size=0a958h ( 43352) map
I (403) esp_image: segment 1: paddr=0001a980 vaddr=3fc90c00 size=032a8h ( 12968) load
I (420) esp_image: segment 2: paddr=0001dc30 vaddr=40374000 size=023e8h (  9192) load
I (445) esp_image: segment 3: paddr=00020020 vaddr=42000020 size=17b8ch ( 97164) map
I (496) esp_image: segment 4: paddr=00037bb4 vaddr=403763e8 size=0a798h ( 42904) load
I (525) esp_image: segment 5: paddr=00042354 vaddr=50000000 size=00024h (    36) load
I (544) boot: Loaded app from partition at offset 0x10000
I (545) boot: Disabling RNG early entropy source...
W (1244) rtcinit: o_code calibration fail

I (674) esp_psram: Found 8MB PSRAM device
I (675) esp_psram: Speed: 40MHz
I (680) cpu_start: Multicore app
I (1219) esp_psram: SPI SRAM memory test OK
I (1244) cpu_start: GPIO 44 and 43 are used as console UART I/O pins
I (1278) cpu_start: Pro cpu start user code
I (1282) cpu_start: cpu freq: 160000000 Hz
I (1283) app_init: Application information:
I (1284) app_init: Project name:     memory_native
I (1302) app_init: App version:      Alpha-25-g8cb306f-dirty
I (1321) app_init: Compile time:     Oct  8 2026 08:49:55
I (1326) app_init: ELF file SHA256:  8c48f1a23...
I (1326) app_init: ESP-IDF:          fff9895c
I (1348) efuse_init: Min chip rev:     v0.0
I (1348) efuse_init: Max chip rev:     v0.99 
I (1356) efuse_init: Chip rev:         v0.0
I (1366) heap_init: Initializing. RAM available for dynamic allocation:
I (1380) heap_init: At 3FC94950 len 00054DC0 (339 KiB): RAM
I (1385) heap_init: At 3FCE9710 len 00005724 (21 KiB): RAM
I (1403) heap_init: At 3FCF0000 len 00008000 (32 KiB): DRAM
I (1411) heap_init: At 600FE000 len 00001FE8 (7 KiB): RTCRAM
I (1451) esp_psram: Adding pool of 8192K of PSRAM memory to heap allocator
I (1530) spi_flash: detected chip: gd
I (1533) spi_flash: flash io: dio
I (1555) sleep_gpio: Configure to isolate all GPIO pins in sleep state
I (1570) sleep_gpio: Enable automatic switching of GPIO sleep configuration
I (1613) main_task: Started on CPU0
I (1663) main_task: Calling app_main()
MEMORY_NATIVE_BOOT profile=psram idf=fff9895c
MEMORY_NATIVE_PSRAM initialized=1 capacity=8388608 id=425d0d mode=quad
MEMORY_NATIVE_CHECK name=psram_initialized result=PASS
MEMORY_NATIVE_CHECK name=psram_capacity_8m result=PASS
MEMORY_NATIVE_CHECK name=psram_real_id result=PASS
MEMORY_NATIVE_CHECK name=flash_partitions_found result=PASS
MEMORY_NATIVE_PARTITION name=app label=factory type=0 subtype=0 address=00010000 size=00200000 encrypted=0
MEMORY_NATIVE_PARTITION name=nvs label=nvs type=1 subtype=2 address=00009000 size=00006000 encrypted=0
MEMORY_NATIVE_PARTITION name=raw label=mem_raw type=64 subtype=0 address=00210000 size=00001000 encrypted=0
MEMORY_NATIVE_CHECK name=flash_partitions_safe result=PASS
MEMORY_NATIVE_API name=flash_size code=0
MEMORY_NATIVE_CHECK name=flash_size result=PASS
MEMORY_NATIVE_CHECK name=flash_size_4m result=PASS
MEMORY_NATIVE_API name=flash_first_header code=0
MEMORY_NATIVE_CHECK name=flash_first_header result=PASS
MEMORY_NATIVE_API name=app_partition_header code=0
MEMORY_NATIVE_CHECK name=app_partition_header result=PASS
MEMORY_NATIVE_API name=app_flash_header code=0
MEMORY_NATIVE_CHECK name=app_flash_header result=PASS
MEMORY_NATIVE_BYTES name=flash_first_header length=32 fnv32=5ddf8323 prefix=e903022f04893c40ee00000009000000
MEMORY_NATIVE_BYTES name=app_first_header length=32 fnv32=d9e2fa70 prefix=e906022f68563740ee00000009000000
MEMORY_NATIVE_CHECK name=flash_headers result=PASS
MEMORY_NATIVE_API name=nvs_init code=0
MEMORY_NATIVE_CHECK name=nvs_init result=PASS
MEMORY_NATIVE_API name=nvs_open code=0
MEMORY_NATIVE_CHECK name=nvs_open result=PASS
MEMORY_NATIVE_CHECK name=nvs_fresh result=PASS
MEMORY_NATIVE_API name=raw_partition_read code=0
MEMORY_NATIVE_CHECK name=raw_partition_read result=PASS
MEMORY_NATIVE_API name=raw_flash_read code=0
MEMORY_NATIVE_CHECK name=raw_flash_read result=PASS
MEMORY_NATIVE_BYTES name=raw_fresh length=769 fnv32=3546874e prefix=ffffffffffffffffffffffffffffffff
MEMORY_NATIVE_CHECK name=raw_fresh result=PASS
MEMORY_NATIVE_PERSIST previous=0 next=1 length=769 raw_offset=37
MEMORY_NATIVE_API name=raw_erase code=0
MEMORY_NATIVE_CHECK name=raw_erase result=PASS
MEMORY_NATIVE_API name=raw_write code=0
MEMORY_NATIVE_CHECK name=raw_write result=PASS
MEMORY_NATIVE_API name=raw_partition_read code=0
MEMORY_NATIVE_CHECK name=raw_partition_read result=PASS
MEMORY_NATIVE_API name=raw_flash_read code=0
MEMORY_NATIVE_CHECK name=raw_flash_read result=PASS
MEMORY_NATIVE_BYTES name=raw_committed length=769 fnv32=14c92655 prefix=92cc7ad88a7c02c065e93955953111d5
MEMORY_NATIVE_CHECK name=raw_committed result=PASS
MEMORY_NATIVE_API name=nvs_set_blob code=0
MEMORY_NATIVE_CHECK name=nvs_set_blob result=PASS
MEMORY_NATIVE_API name=nvs_set_phase code=0
MEMORY_NATIVE_CHECK name=nvs_set_phase result=PASS
MEMORY_NATIVE_API name=nvs_commit code=0
MEMORY_NATIVE_CHECK name=nvs_commit result=PASS
MEMORY_NATIVE_API name=nvs_reopen code=0
MEMORY_NATIVE_CHECK name=nvs_reopen result=PASS
MEMORY_NATIVE_API name=nvs_get_phase code=0
MEMORY_NATIVE_CHECK name=nvs_get_phase result=PASS
MEMORY_NATIVE_API name=nvs_blob_size code=0
MEMORY_NATIVE_CHECK name=nvs_blob_size result=PASS
MEMORY_NATIVE_CHECK name=nvs_blob_length result=PASS
MEMORY_NATIVE_API name=nvs_get_blob code=0
MEMORY_NATIVE_CHECK name=nvs_get_blob result=PASS
MEMORY_NATIVE_BYTES name=nvs_committed length=769 fnv32=14c92655 prefix=92cc7ad88a7c02c065e93955953111d5
MEMORY_NATIVE_CHECK name=nvs_committed result=PASS
MEMORY_NATIVE_API name=allocate_pair code=0
MEMORY_NATIVE_CHECK name=allocate_pair result=PASS
MEMORY_NATIVE_API name=tx_id code=0
MEMORY_NATIVE_CHECK name=tx_id result=PASS
MEMORY_NATIVE_API name=rx_id code=0
MEMORY_NATIVE_CHECK name=rx_id result=PASS
MEMORY_NATIVE_CHECK name=sibling_pair result=PASS
MEMORY_NATIVE_API name=free_trigger code=0
MEMORY_NATIVE_CHECK name=free_trigger result=PASS
MEMORY_NATIVE_CHECK name=trigger_available result=PASS
MEMORY_NATIVE_API name=connect_tx code=0
MEMORY_NATIVE_CHECK name=connect_tx result=PASS
MEMORY_NATIVE_API name=connect_rx code=0
MEMORY_NATIVE_CHECK name=connect_rx result=PASS
MEMORY_NATIVE_API name=strategy_tx code=0
MEMORY_NATIVE_CHECK name=strategy_tx result=PASS
MEMORY_NATIVE_API name=strategy_rx code=0
MEMORY_NATIVE_CHECK name=strategy_rx result=PASS
MEMORY_NATIVE_CHECK name=internal_descriptors result=PASS
MEMORY_NATIVE_CHECK name=internal_payloads result=PASS
MEMORY_NATIVE_API name=configure_tx code=0
MEMORY_NATIVE_CHECK name=configure_tx result=PASS
MEMORY_NATIVE_API name=configure_rx code=0
MEMORY_NATIVE_CHECK name=configure_rx result=PASS
MEMORY_NATIVE_API name=rx_alignment code=0
MEMORY_NATIVE_CHECK name=rx_alignment result=PASS
MEMORY_NATIVE_ALIGNMENT burst=16 external=0 internal_alignment=4 external_alignment=2147483648
MEMORY_NATIVE_CHECK name=supported_alignment result=PASS
MEMORY_NATIVE_API name=reset_tx code=0
MEMORY_NATIVE_CHECK name=reset_tx result=PASS
MEMORY_NATIVE_API name=reset_rx code=0
MEMORY_NATIVE_CHECK name=reset_rx result=PASS
MEMORY_NATIVE_API name=start_rx code=0
MEMORY_NATIVE_CHECK name=start_rx result=PASS
MEMORY_NATIVE_API name=start_tx code=0
MEMORY_NATIVE_CHECK name=start_tx result=PASS
MEMORY_NATIVE_DMA name=internal_m2m tx_raw=0000000b rx_raw=00000003 nodes=3
MEMORY_NATIVE_CHECK name=internal_m2m result=PASS
MEMORY_NATIVE_CHECK name=internal_m2m_data result=PASS
MEMORY_NATIVE_BYTES name=internal_m2m_data length=384 fnv32=45ea8f45 prefix=072c51769bc0e50a2f54799ec3e80d32
MEMORY_NATIVE_CHECK name=external_payloads result=PASS
MEMORY_NATIVE_ALLOC src=0x3c0309c0 dst=0x3c030bc0 out_desc=0x3fcea140 in_desc=0x3fcea190
MEMORY_NATIVE_API name=configure_tx code=0
MEMORY_NATIVE_CHECK name=configure_tx result=PASS
MEMORY_NATIVE_API name=configure_rx code=0
MEMORY_NATIVE_CHECK name=configure_rx result=PASS
MEMORY_NATIVE_API name=rx_alignment code=0
MEMORY_NATIVE_CHECK name=rx_alignment result=PASS
MEMORY_NATIVE_ALIGNMENT burst=32 external=1 internal_alignment=4 external_alignment=32
MEMORY_NATIVE_CHECK name=supported_alignment result=PASS
MEMORY_NATIVE_API name=msync_c2m code=0
MEMORY_NATIVE_CHECK name=msync_c2m result=PASS
MEMORY_NATIVE_API name=reset_tx code=0
MEMORY_NATIVE_CHECK name=reset_tx result=PASS
MEMORY_NATIVE_API name=reset_rx code=0
MEMORY_NATIVE_CHECK name=reset_rx result=PASS
MEMORY_NATIVE_API name=start_rx code=0
MEMORY_NATIVE_CHECK name=start_rx result=PASS
MEMORY_NATIVE_API name=start_tx code=0
MEMORY_NATIVE_CHECK name=start_tx result=PASS
MEMORY_NATIVE_DMA name=dirty_c2m_before tx_raw=0000000b rx_raw=00000003 nodes=3
MEMORY_NATIVE_CHECK name=dirty_c2m_before result=PASS
MEMORY_NATIVE_CHECK name=dirty_cpu_new result=PASS
MEMORY_NATIVE_CHECK name=dirty_dma_old result=PASS
MEMORY_NATIVE_BYTES name=dirty_dma_old length=384 fnv32=f68c3045 prefix=0b30557a9fc4e90e33587da2c7ec1136
MEMORY_NATIVE_API name=msync_c2m code=0
MEMORY_NATIVE_CHECK name=msync_c2m result=PASS
MEMORY_NATIVE_API name=reset_tx code=0
MEMORY_NATIVE_CHECK name=reset_tx result=PASS
MEMORY_NATIVE_API name=reset_rx code=0
MEMORY_NATIVE_CHECK name=reset_rx result=PASS
MEMORY_NATIVE_API name=start_rx code=0
MEMORY_NATIVE_CHECK name=start_rx result=PASS
MEMORY_NATIVE_API name=start_tx code=0
MEMORY_NATIVE_CHECK name=start_tx result=PASS
MEMORY_NATIVE_DMA name=dirty_c2m_after tx_raw=0000000b rx_raw=00000003 nodes=3
MEMORY_NATIVE_CHECK name=dirty_c2m_after result=PASS
MEMORY_NATIVE_CHECK name=writeback_dma_new result=PASS
MEMORY_NATIVE_BYTES name=writeback_dma_new length=384 fnv32=8efba245 prefix=476c91b6db00254a6f94b9de03284d72
MEMORY_NATIVE_API name=msync_c2m code=0
MEMORY_NATIVE_CHECK name=msync_c2m result=PASS
MEMORY_NATIVE_CHECK name=prime_rx_cache result=PASS
MEMORY_NATIVE_API name=reset_tx code=0
MEMORY_NATIVE_CHECK name=reset_tx result=PASS
MEMORY_NATIVE_API name=reset_rx code=0
MEMORY_NATIVE_CHECK name=reset_rx result=PASS
MEMORY_NATIVE_API name=start_rx code=0
MEMORY_NATIVE_CHECK name=start_rx result=PASS
MEMORY_NATIVE_API name=start_tx code=0
MEMORY_NATIVE_CHECK name=start_tx result=PASS
MEMORY_NATIVE_DMA name=stale_m2c_before tx_raw=0000000b rx_raw=00000003 nodes=3
MEMORY_NATIVE_CHECK name=stale_m2c_before result=PASS
MEMORY_NATIVE_CHECK name=stale_cpu_old result=PASS
MEMORY_NATIVE_API name=reset_tx code=0
MEMORY_NATIVE_CHECK name=reset_tx result=PASS
MEMORY_NATIVE_API name=reset_rx code=0
MEMORY_NATIVE_CHECK name=reset_rx result=PASS
MEMORY_NATIVE_API name=start_rx code=0
MEMORY_NATIVE_CHECK name=start_rx result=PASS
MEMORY_NATIVE_API name=start_tx code=0
MEMORY_NATIVE_CHECK name=start_tx result=PASS
MEMORY_NATIVE_DMA name=physical_rx_new tx_raw=0000000b rx_raw=00000003 nodes=3
MEMORY_NATIVE_CHECK name=physical_rx_new result=PASS
MEMORY_NATIVE_CHECK name=physical_dma_new result=PASS
MEMORY_NATIVE_BYTES name=physical_dma_new length=384 fnv32=cc780f45 prefix=6186abd0f51a3f6489aed3f81d42678c
MEMORY_NATIVE_API name=msync_m2c code=0
MEMORY_NATIVE_CHECK name=msync_m2c result=PASS
MEMORY_NATIVE_CHECK name=invalidate_cpu_new result=PASS
MEMORY_NATIVE_BYTES name=invalidate_cpu_new length=384 fnv32=cc780f45 prefix=6186abd0f51a3f6489aed3f81d42678c
MEMORY_NATIVE_API name=configure_tx code=0
MEMORY_NATIVE_CHECK name=configure_tx result=PASS
MEMORY_NATIVE_API name=configure_rx code=0
MEMORY_NATIVE_CHECK name=configure_rx result=PASS
MEMORY_NATIVE_API name=rx_alignment code=0
MEMORY_NATIVE_CHECK name=rx_alignment result=PASS
MEMORY_NATIVE_ALIGNMENT burst=16 external=1 internal_alignment=4 external_alignment=16
MEMORY_NATIVE_CHECK name=supported_alignment result=PASS
MEMORY_NATIVE_API name=msync_c2m code=0
MEMORY_NATIVE_CHECK name=msync_c2m result=PASS
MEMORY_NATIVE_API name=msync_c2m code=0
MEMORY_NATIVE_CHECK name=msync_c2m result=PASS
MEMORY_NATIVE_API name=reset_tx code=0
MEMORY_NATIVE_CHECK name=reset_tx result=PASS
MEMORY_NATIVE_API name=reset_rx code=0
MEMORY_NATIVE_CHECK name=reset_rx result=PASS
MEMORY_NATIVE_API name=start_rx code=0
MEMORY_NATIVE_CHECK name=start_rx result=PASS
MEMORY_NATIVE_API name=start_tx code=0
MEMORY_NATIVE_CHECK name=start_tx result=PASS
MEMORY_NATIVE_DMA name=ext_to_ext_burst16 tx_raw=0000000b rx_raw=00000003 nodes=3
MEMORY_NATIVE_CHECK name=ext_to_ext_burst16 result=PASS
MEMORY_NATIVE_API name=msync_m2c code=0
MEMORY_NATIVE_CHECK name=msync_m2c result=PASS
MEMORY_NATIVE_CHECK name=ext_to_ext_burst16 result=PASS
MEMORY_NATIVE_BYTES name=ext_to_ext_burst16 length=384 fnv32=522d7c45 prefix=13385d82a7ccf1163b6085aacff4193e
MEMORY_NATIVE_API name=reset_tx code=0
MEMORY_NATIVE_CHECK name=reset_tx result=PASS
MEMORY_NATIVE_API name=reset_rx code=0
MEMORY_NATIVE_CHECK name=reset_rx result=PASS
MEMORY_NATIVE_API name=start_rx code=0
MEMORY_NATIVE_CHECK name=start_rx result=PASS
MEMORY_NATIVE_API name=start_tx code=0
MEMORY_NATIVE_CHECK name=start_tx result=PASS
MEMORY_NATIVE_DMA name=int_to_ext_burst16 tx_raw=0000000b rx_raw=00000003 nodes=3
MEMORY_NATIVE_CHECK name=int_to_ext_burst16 result=PASS
MEMORY_NATIVE_API name=msync_m2c code=0
MEMORY_NATIVE_CHECK name=msync_m2c result=PASS
MEMORY_NATIVE_CHECK name=int_to_ext_burst16 result=PASS
MEMORY_NATIVE_BYTES name=int_to_ext_burst16 length=384 fnv32=d6139845 prefix=89aed3f81d42678cb1d6fb20456a8fb4
MEMORY_NATIVE_API name=reset_tx code=0
MEMORY_NATIVE_CHECK name=reset_tx result=PASS
MEMORY_NATIVE_API name=reset_rx code=0
MEMORY_NATIVE_CHECK name=reset_rx result=PASS
MEMORY_NATIVE_API name=start_rx code=0
MEMORY_NATIVE_CHECK name=start_rx result=PASS
MEMORY_NATIVE_API name=start_tx code=0
MEMORY_NATIVE_CHECK name=start_tx result=PASS
MEMORY_NATIVE_DMA name=ext_to_int_burst16 tx_raw=0000000b rx_raw=00000003 nodes=3
MEMORY_NATIVE_CHECK name=ext_to_int_burst16 result=PASS
MEMORY_NATIVE_CHECK name=ext_to_int_burst16 result=PASS
MEMORY_NATIVE_BYTES name=ext_to_int_burst16 length=384 fnv32=d6139845 prefix=89aed3f81d42678cb1d6fb20456a8fb4
MEMORY_NATIVE_API name=reset_tx code=0
MEMORY_NATIVE_CHECK name=reset_tx result=PASS
MEMORY_NATIVE_API name=reset_rx code=0
MEMORY_NATIVE_CHECK name=reset_rx result=PASS
MEMORY_NATIVE_API name=start_rx code=0
MEMORY_NATIVE_CHECK name=start_rx result=PASS
MEMORY_NATIVE_API name=start_tx code=0
MEMORY_NATIVE_CHECK name=start_tx result=PASS
MEMORY_NATIVE_DMA name=misaligned_rx_burst16 tx_raw=00000000 rx_raw=00000008 nodes=3
MEMORY_NATIVE_CHECK name=misaligned_rx_burst16 result=PASS
MEMORY_NATIVE_API name=msync_m2c code=0
MEMORY_NATIVE_CHECK name=msync_m2c result=PASS
MEMORY_NATIVE_API name=configure_tx code=0
MEMORY_NATIVE_CHECK name=configure_tx result=PASS
MEMORY_NATIVE_API name=configure_rx code=0
MEMORY_NATIVE_CHECK name=configure_rx result=PASS
MEMORY_NATIVE_API name=rx_alignment code=0
MEMORY_NATIVE_CHECK name=rx_alignment result=PASS
MEMORY_NATIVE_ALIGNMENT burst=32 external=1 internal_alignment=4 external_alignment=32
MEMORY_NATIVE_CHECK name=supported_alignment result=PASS
MEMORY_NATIVE_API name=msync_c2m code=0
MEMORY_NATIVE_CHECK name=msync_c2m result=PASS
MEMORY_NATIVE_API name=msync_c2m code=0
MEMORY_NATIVE_CHECK name=msync_c2m result=PASS
MEMORY_NATIVE_API name=reset_tx code=0
MEMORY_NATIVE_CHECK name=reset_tx result=PASS
MEMORY_NATIVE_API name=reset_rx code=0
MEMORY_NATIVE_CHECK name=reset_rx result=PASS
MEMORY_NATIVE_API name=start_rx code=0
MEMORY_NATIVE_CHECK name=start_rx result=PASS
MEMORY_NATIVE_API name=start_tx code=0
MEMORY_NATIVE_CHECK name=start_tx result=PASS
MEMORY_NATIVE_DMA name=ext_to_ext_burst32 tx_raw=0000000b rx_raw=00000003 nodes=3
MEMORY_NATIVE_CHECK name=ext_to_ext_burst32 result=PASS
MEMORY_NATIVE_API name=msync_m2c code=0
MEMORY_NATIVE_CHECK name=msync_m2c result=PASS
MEMORY_NATIVE_CHECK name=ext_to_ext_burst32 result=PASS
MEMORY_NATIVE_BYTES name=ext_to_ext_burst32 length=384 fnv32=9af4f845 prefix=23486d92b7dc01264b7095badf04294e
MEMORY_NATIVE_API name=reset_tx code=0
MEMORY_NATIVE_CHECK name=reset_tx result=PASS
MEMORY_NATIVE_API name=reset_rx code=0
MEMORY_NATIVE_CHECK name=reset_rx result=PASS
MEMORY_NATIVE_API name=start_rx code=0
MEMORY_NATIVE_CHECK name=start_rx result=PASS
MEMORY_NATIVE_API name=start_tx code=0
MEMORY_NATIVE_CHECK name=start_tx result=PASS
MEMORY_NATIVE_DMA name=int_to_ext_burst32 tx_raw=0000000b rx_raw=00000003 nodes=3
MEMORY_NATIVE_CHECK name=int_to_ext_burst32 result=PASS
MEMORY_NATIVE_API name=msync_m2c code=0
MEMORY_NATIVE_CHECK name=msync_m2c result=PASS
MEMORY_NATIVE_CHECK name=int_to_ext_burst32 result=PASS
MEMORY_NATIVE_BYTES name=int_to_ext_burst32 length=384 fnv32=3f635045 prefix=99bee3082d52779cc1e60b30557a9fc4
MEMORY_NATIVE_API name=reset_tx code=0
MEMORY_NATIVE_CHECK name=reset_tx result=PASS
MEMORY_NATIVE_API name=reset_rx code=0
MEMORY_NATIVE_CHECK name=reset_rx result=PASS
MEMORY_NATIVE_API name=start_rx code=0
MEMORY_NATIVE_CHECK name=start_rx result=PASS
MEMORY_NATIVE_API name=start_tx code=0
MEMORY_NATIVE_CHECK name=start_tx result=PASS
MEMORY_NATIVE_DMA name=ext_to_int_burst32 tx_raw=0000000b rx_raw=00000003 nodes=3
MEMORY_NATIVE_CHECK name=ext_to_int_burst32 result=PASS
MEMORY_NATIVE_CHECK name=ext_to_int_burst32 result=PASS
MEMORY_NATIVE_BYTES name=ext_to_int_burst32 length=384 fnv32=3f635045 prefix=99bee3082d52779cc1e60b30557a9fc4
MEMORY_NATIVE_API name=reset_tx code=0
MEMORY_NATIVE_CHECK name=reset_tx result=PASS
MEMORY_NATIVE_API name=reset_rx code=0
MEMORY_NATIVE_CHECK name=reset_rx result=PASS
MEMORY_NATIVE_API name=start_rx code=0
MEMORY_NATIVE_CHECK name=start_rx result=PASS
MEMORY_NATIVE_API name=start_tx code=0
MEMORY_NATIVE_CHECK name=start_tx result=PASS
MEMORY_NATIVE_DMA name=misaligned_rx_burst32 tx_raw=00000000 rx_raw=00000008 nodes=3
MEMORY_NATIVE_CHECK name=misaligned_rx_burst32 result=PASS
MEMORY_NATIVE_API name=msync_m2c code=0
MEMORY_NATIVE_CHECK name=msync_m2c result=PASS
MEMORY_NATIVE_API name=configure_tx code=0
MEMORY_NATIVE_CHECK name=configure_tx result=PASS
MEMORY_NATIVE_API name=configure_rx code=0
MEMORY_NATIVE_CHECK name=configure_rx result=PASS
MEMORY_NATIVE_API name=rx_alignment code=0
MEMORY_NATIVE_CHECK name=rx_alignment result=PASS
MEMORY_NATIVE_ALIGNMENT burst=64 external=1 internal_alignment=4 external_alignment=64
MEMORY_NATIVE_CHECK name=supported_alignment result=PASS
MEMORY_NATIVE_API name=msync_c2m code=0
MEMORY_NATIVE_CHECK name=msync_c2m result=PASS
MEMORY_NATIVE_API name=msync_c2m code=0
MEMORY_NATIVE_CHECK name=msync_c2m result=PASS
MEMORY_NATIVE_API name=reset_tx code=0
MEMORY_NATIVE_CHECK name=reset_tx result=PASS
MEMORY_NATIVE_API name=reset_rx code=0
MEMORY_NATIVE_CHECK name=reset_rx result=PASS
MEMORY_NATIVE_API name=start_rx code=0
MEMORY_NATIVE_CHECK name=start_rx result=PASS
MEMORY_NATIVE_API name=start_tx code=0
MEMORY_NATIVE_CHECK name=start_tx result=PASS
MEMORY_NATIVE_DMA name=ext_to_ext_burst64 tx_raw=0000000b rx_raw=00000003 nodes=3
MEMORY_NATIVE_CHECK name=ext_to_ext_burst64 result=PASS
MEMORY_NATIVE_API name=msync_m2c code=0
MEMORY_NATIVE_CHECK name=msync_m2c result=PASS
MEMORY_NATIVE_CHECK name=ext_to_ext_burst64 result=PASS
MEMORY_NATIVE_BYTES name=ext_to_ext_burst64 length=384 fnv32=6a3f8e45 prefix=43688db2d7fc21466b90b5daff24496e
MEMORY_NATIVE_API name=reset_tx code=0
MEMORY_NATIVE_CHECK name=reset_tx result=PASS
MEMORY_NATIVE_API name=reset_rx code=0
MEMORY_NATIVE_CHECK name=reset_rx result=PASS
MEMORY_NATIVE_API name=start_rx code=0
MEMORY_NATIVE_CHECK name=start_rx result=PASS
MEMORY_NATIVE_API name=start_tx code=0
MEMORY_NATIVE_CHECK name=start_tx result=PASS
MEMORY_NATIVE_DMA name=int_to_ext_burst64 tx_raw=0000000b rx_raw=00000003 nodes=3
MEMORY_NATIVE_CHECK name=int_to_ext_burst64 result=PASS
MEMORY_NATIVE_API name=msync_m2c code=0
MEMORY_NATIVE_CHECK name=msync_m2c result=PASS
MEMORY_NATIVE_CHECK name=int_to_ext_burst64 result=PASS
MEMORY_NATIVE_BYTES name=int_to_ext_burst64 length=384 fnv32=0a1e2b45 prefix=b9de03284d7297bce1062b50759abfe4
MEMORY_NATIVE_API name=reset_tx code=0
MEMORY_NATIVE_CHECK name=reset_tx result=PASS
MEMORY_NATIVE_API name=reset_rx code=0
MEMORY_NATIVE_CHECK name=reset_rx result=PASS
MEMORY_NATIVE_API name=start_rx code=0
MEMORY_NATIVE_CHECK name=start_rx result=PASS
MEMORY_NATIVE_API name=start_tx code=0
MEMORY_NATIVE_CHECK name=start_tx result=PASS
MEMORY_NATIVE_DMA name=ext_to_int_burst64 tx_raw=0000000b rx_raw=00000003 nodes=3
MEMORY_NATIVE_CHECK name=ext_to_int_burst64 result=PASS
MEMORY_NATIVE_CHECK name=ext_to_int_burst64 result=PASS
MEMORY_NATIVE_BYTES name=ext_to_int_burst64 length=384 fnv32=0a1e2b45 prefix=b9de03284d7297bce1062b50759abfe4
MEMORY_NATIVE_API name=reset_tx code=0
MEMORY_NATIVE_CHECK name=reset_tx result=PASS
MEMORY_NATIVE_API name=reset_rx code=0
MEMORY_NATIVE_CHECK name=reset_rx result=PASS
MEMORY_NATIVE_API name=start_rx code=0
MEMORY_NATIVE_CHECK name=start_rx result=PASS
MEMORY_NATIVE_API name=start_tx code=0
MEMORY_NATIVE_CHECK name=start_tx result=PASS
MEMORY_NATIVE_DMA name=misaligned_rx_burst64 tx_raw=00000000 rx_raw=00000008 nodes=3
MEMORY_NATIVE_CHECK name=misaligned_rx_burst64 result=PASS
MEMORY_NATIVE_API name=msync_m2c code=0
MEMORY_NATIVE_CHECK name=msync_m2c result=PASS
MEMORY_NATIVE_CHECK name=boundary_allocation result=PASS
MEMORY_NATIVE_API name=msync_c2m code=0
MEMORY_NATIVE_CHECK name=msync_c2m result=PASS
MEMORY_NATIVE_API name=reset_tx code=0
MEMORY_NATIVE_CHECK name=reset_tx result=PASS
MEMORY_NATIVE_API name=reset_rx code=0
MEMORY_NATIVE_CHECK name=reset_rx result=PASS
MEMORY_NATIVE_API name=start_rx code=0
MEMORY_NATIVE_CHECK name=start_rx result=PASS
MEMORY_NATIVE_API name=start_tx code=0
MEMORY_NATIVE_CHECK name=start_tx result=PASS
MEMORY_NATIVE_DMA name=mmu_page_crossing tx_raw=0000000b rx_raw=00000003 nodes=3
MEMORY_NATIVE_CHECK name=mmu_page_crossing result=PASS
MEMORY_NATIVE_CHECK name=mmu_page_crossing_data result=PASS
MEMORY_NATIVE_BYTES name=mmu_page_crossing_data length=384 fnv32=3f635045 prefix=99bee3082d52779cc1e60b30557a9fc4
E (5743) mmap: esp_mmu_vaddr_to_paddr(906): vaddr isn't mapped
MEMORY_NATIVE_UNMAPPED address=0x3c830000 entry_invalid=1 translate_code=261
MEMORY_NATIVE_CHECK name=unmapped_confirmed result=PASS
MEMORY_NATIVE_API name=reset_tx code=0
MEMORY_NATIVE_CHECK name=reset_tx result=PASS
MEMORY_NATIVE_API name=reset_rx code=0
MEMORY_NATIVE_CHECK name=reset_rx result=PASS
MEMORY_NATIVE_API name=start_rx code=0
MEMORY_NATIVE_CHECK name=start_rx result=PASS
MEMORY_NATIVE_API name=start_tx code=0
MEMORY_NATIVE_CHECK name=start_tx result=PASS
MEMORY_NATIVE_DMA name=unbacked_tx_dscr_err tx_raw=00000004 rx_raw=00000000 nodes=3
MEMORY_NATIVE_CHECK name=unbacked_tx_dscr_err result=PASS
MEMORY_NATIVE_API name=reset_tx code=0
MEMORY_NATIVE_CHECK name=reset_tx result=PASS
MEMORY_NATIVE_API name=reset_rx code=0
MEMORY_NATIVE_CHECK name=reset_rx result=PASS
MEMORY_NATIVE_API name=start_rx code=0
MEMORY_NATIVE_CHECK name=start_rx result=PASS
MEMORY_NATIVE_API name=start_tx code=0
MEMORY_NATIVE_CHECK name=start_tx result=PASS
MEMORY_NATIVE_DMA name=unbacked_rx_dscr_err tx_raw=00000000 rx_raw=00000008 nodes=3
MEMORY_NATIVE_CHECK name=unbacked_rx_dscr_err result=PASS
MEMORY_NATIVE_SCOPE mmu_remap=qtest capacity_end=qtest psram_reset_persistence=qtest cpu_unmapped=not_qualified gdma_unmapped=qualified_if_pass octal=unsupported
MEMORY_NATIVE_API name=disconnect_tx code=0
MEMORY_NATIVE_CHECK name=disconnect_tx result=PASS
MEMORY_NATIVE_API name=disconnect_rx code=0
MEMORY_NATIVE_CHECK name=disconnect_rx result=PASS
MEMORY_NATIVE_API name=delete_tx code=0
MEMORY_NATIVE_CHECK name=delete_tx result=PASS
MEMORY_NATIVE_API name=delete_rx code=0
MEMORY_NATIVE_CHECK name=delete_rx result=PASS
MEMORY_NATIVE_DONE profile=psram failures=0 result=PASS
I (6153) main_task: Returned from app_main()
ESP-ROM:esp32s3-20210327
Build:Mar 27 2021
rst:0x1 (POWERON),boot:0x4 (SPI_FLASH_BOOT)
SPIWP:0xee
mode:DIO, clock div:1
load:0x3fce2820,len:0x14f0
load:0x403c8700,len:0xde4
load:0x403cb700,len:0x2f58
entry 0x403c8904
I (50154) boot: ESP-IDF fff9895c 2nd stage bootloader
I (50155) boot: compile time Oct  8 2026 08:50:05
I (50155) boot: Multicore bootloader
I (50227) boot: chip revision: v0.0
I (50228) boot: efuse block revision: v0.0
I (50240) boot.esp32s3: Boot SPI Speed : 80MHz
I (50241) boot.esp32s3: SPI Mode       : DIO
I (50241) boot.esp32s3: SPI Flash Size : 4MB
I (50272) boot: Enabling RNG early entropy source...
I (50303) boot: Partition Table:
I (50306) boot: ## Label            Usage          Type ST Offset   Length
I (50309) boot:  0 nvs              WiFi data        01 02 00009000 00006000
I (50321) boot:  1 phy_init         RF data          01 01 0000f000 00001000
I (50332) boot:  2 factory          factory app      00 00 00010000 00200000
I (50351) boot:  3 mem_raw          unknown          40 00 00210000 00001000
I (50372) boot: End of partition table
I (50376) esp_image: segment 0: paddr=00010020 vaddr=3c020020 size=0a958h ( 43352) map
I (50416) esp_image: segment 1: paddr=0001a980 vaddr=3fc90c00 size=032a8h ( 12968) load
I (50437) esp_image: segment 2: paddr=0001dc30 vaddr=40374000 size=023e8h (  9192) load
I (50484) esp_image: segment 3: paddr=00020020 vaddr=42000020 size=17b8ch ( 97164) map
I (50532) esp_image: segment 4: paddr=00037bb4 vaddr=403763e8 size=0a798h ( 42904) load
I (50765) esp_image: segment 5: paddr=00042354 vaddr=50000000 size=00024h (    36) load
I (50792) boot: Loaded app from partition at offset 0x10000
I (50793) boot: Disabling RNG early entropy source...
W (101760) rtcinit: o_code calibration fail

I (50937) esp_psram: Found 8MB PSRAM device
I (50939) esp_psram: Speed: 40MHz
I (50941) cpu_start: Multicore app
I (51688) esp_psram: SPI SRAM memory test OK
I (24864) cpu_start: GPIO 44 and 43 are used as console UART I/O pins
I (24867) cpu_start: Pro cpu start user code
I (24868) cpu_start: cpu freq: 160000000 Hz
I (24873) app_init: Application information:
I (24878) app_init: Project name:     memory_native
I (24890) app_init: App version:      Alpha-25-g8cb306f-dirty
I (24901) app_init: Compile time:     Oct  8 2026 08:49:55
I (24908) app_init: ELF file SHA256:  8c48f1a23...
I (24921) app_init: ESP-IDF:          fff9895c
I (24927) efuse_init: Min chip rev:     v0.0
I (24958) efuse_init: Max chip rev:     v0.99 
I (24967) efuse_init: Chip rev:         v0.0
I (24972) heap_init: Initializing. RAM available for dynamic allocation:
I (24992) heap_init: At 3FC94950 len 00054DC0 (339 KiB): RAM
I (25006) heap_init: At 3FCE9710 len 00005724 (21 KiB): RAM
I (25008) heap_init: At 3FCF0000 len 00008000 (32 KiB): DRAM
I (25019) heap_init: At 600FE000 len 00001FE8 (7 KiB): RTCRAM
I (25051) esp_psram: Adding pool of 8192K of PSRAM memory to heap allocator
I (25113) spi_flash: detected chip: gd
I (25132) spi_flash: flash io: dio
I (25146) sleep_gpio: Configure to isolate all GPIO pins in sleep state
I (25154) sleep_gpio: Enable automatic switching of GPIO sleep configuration
I (25187) main_task: Started on CPU0
I (25197) main_task: Calling app_main()
MEMORY_NATIVE_BOOT profile=psram idf=fff9895c
MEMORY_NATIVE_PSRAM initialized=1 capacity=8388608 id=425d0d mode=quad
MEMORY_NATIVE_CHECK name=psram_initialized result=PASS
MEMORY_NATIVE_CHECK name=psram_capacity_8m result=PASS
MEMORY_NATIVE_CHECK name=psram_real_id result=PASS
MEMORY_NATIVE_CHECK name=flash_partitions_found result=PASS
MEMORY_NATIVE_PARTITION name=app label=factory type=0 subtype=0 address=00010000 size=00200000 encrypted=0
MEMORY_NATIVE_PARTITION name=nvs label=nvs type=1 subtype=2 address=00009000 size=00006000 encrypted=0
MEMORY_NATIVE_PARTITION name=raw label=mem_raw type=64 subtype=0 address=00210000 size=00001000 encrypted=0
MEMORY_NATIVE_CHECK name=flash_partitions_safe result=PASS
MEMORY_NATIVE_API name=flash_size code=0
MEMORY_NATIVE_CHECK name=flash_size result=PASS
MEMORY_NATIVE_CHECK name=flash_size_4m result=PASS
MEMORY_NATIVE_API name=flash_first_header code=0
MEMORY_NATIVE_CHECK name=flash_first_header result=PASS
MEMORY_NATIVE_API name=app_partition_header code=0
MEMORY_NATIVE_CHECK name=app_partition_header result=PASS
MEMORY_NATIVE_API name=app_flash_header code=0
MEMORY_NATIVE_CHECK name=app_flash_header result=PASS
MEMORY_NATIVE_BYTES name=flash_first_header length=32 fnv32=5ddf8323 prefix=e903022f04893c40ee00000009000000
MEMORY_NATIVE_BYTES name=app_first_header length=32 fnv32=d9e2fa70 prefix=e906022f68563740ee00000009000000
MEMORY_NATIVE_CHECK name=flash_headers result=PASS
MEMORY_NATIVE_API name=nvs_init code=0
MEMORY_NATIVE_CHECK name=nvs_init result=PASS
MEMORY_NATIVE_API name=nvs_open code=0
MEMORY_NATIVE_CHECK name=nvs_open result=PASS
MEMORY_NATIVE_API name=nvs_previous_phase code=0
MEMORY_NATIVE_CHECK name=nvs_previous_phase result=PASS
MEMORY_NATIVE_CHECK name=nvs_phase_range result=PASS
MEMORY_NATIVE_API name=nvs_get_phase code=0
MEMORY_NATIVE_CHECK name=nvs_get_phase result=PASS
MEMORY_NATIVE_API name=nvs_blob_size code=0
MEMORY_NATIVE_CHECK name=nvs_blob_size result=PASS
MEMORY_NATIVE_CHECK name=nvs_blob_length result=PASS
MEMORY_NATIVE_API name=nvs_get_blob code=0
MEMORY_NATIVE_CHECK name=nvs_get_blob result=PASS
MEMORY_NATIVE_BYTES name=nvs_previous length=769 fnv32=14c92655 prefix=92cc7ad88a7c02c065e93955953111d5
MEMORY_NATIVE_CHECK name=nvs_previous result=PASS
MEMORY_NATIVE_API name=raw_partition_read code=0
MEMORY_NATIVE_CHECK name=raw_partition_read result=PASS
MEMORY_NATIVE_API name=raw_flash_read code=0
MEMORY_NATIVE_CHECK name=raw_flash_read result=PASS
MEMORY_NATIVE_BYTES name=raw_previous length=769 fnv32=14c92655 prefix=92cc7ad88a7c02c065e93955953111d5
MEMORY_NATIVE_CHECK name=raw_previous result=PASS
MEMORY_NATIVE_PERSIST previous=1 next=2 length=769 raw_offset=37
MEMORY_NATIVE_API name=raw_erase code=0
MEMORY_NATIVE_CHECK name=raw_erase result=PASS
MEMORY_NATIVE_API name=raw_write code=0
MEMORY_NATIVE_CHECK name=raw_write result=PASS
MEMORY_NATIVE_API name=raw_partition_read code=0
MEMORY_NATIVE_CHECK name=raw_partition_read result=PASS
MEMORY_NATIVE_API name=raw_flash_read code=0
MEMORY_NATIVE_CHECK name=raw_flash_read result=PASS
MEMORY_NATIVE_BYTES name=raw_committed length=769 fnv32=abe555f8 prefix=cd01418d5d09c99d3012748ad80ac482
MEMORY_NATIVE_CHECK name=raw_committed result=PASS
MEMORY_NATIVE_API name=nvs_set_blob code=0
MEMORY_NATIVE_CHECK name=nvs_set_blob result=PASS
MEMORY_NATIVE_API name=nvs_set_phase code=0
MEMORY_NATIVE_CHECK name=nvs_set_phase result=PASS
MEMORY_NATIVE_API name=nvs_commit code=0
MEMORY_NATIVE_CHECK name=nvs_commit result=PASS
MEMORY_NATIVE_API name=nvs_reopen code=0
MEMORY_NATIVE_CHECK name=nvs_reopen result=PASS
MEMORY_NATIVE_API name=nvs_get_phase code=0
MEMORY_NATIVE_CHECK name=nvs_get_phase result=PASS
MEMORY_NATIVE_API name=nvs_blob_size code=0
MEMORY_NATIVE_CHECK name=nvs_blob_size result=PASS
MEMORY_NATIVE_CHECK name=nvs_blob_length result=PASS
MEMORY_NATIVE_API name=nvs_get_blob code=0
MEMORY_NATIVE_CHECK name=nvs_get_blob result=PASS
MEMORY_NATIVE_BYTES name=nvs_committed length=769 fnv32=abe555f8 prefix=cd01418d5d09c99d3012748ad80ac482
MEMORY_NATIVE_CHECK name=nvs_committed result=PASS
MEMORY_NATIVE_API name=allocate_pair code=0
MEMORY_NATIVE_CHECK name=allocate_pair result=PASS
MEMORY_NATIVE_API name=tx_id code=0
MEMORY_NATIVE_CHECK name=tx_id result=PASS
MEMORY_NATIVE_API name=rx_id code=0
MEMORY_NATIVE_CHECK name=rx_id result=PASS
MEMORY_NATIVE_CHECK name=sibling_pair result=PASS
MEMORY_NATIVE_API name=free_trigger code=0
MEMORY_NATIVE_CHECK name=free_trigger result=PASS
MEMORY_NATIVE_CHECK name=trigger_available result=PASS
MEMORY_NATIVE_API name=connect_tx code=0
MEMORY_NATIVE_CHECK name=connect_tx result=PASS
MEMORY_NATIVE_API name=connect_rx code=0
MEMORY_NATIVE_CHECK name=connect_rx result=PASS
MEMORY_NATIVE_API name=strategy_tx code=0
MEMORY_NATIVE_CHECK name=strategy_tx result=PASS
MEMORY_NATIVE_API name=strategy_rx code=0
MEMORY_NATIVE_CHECK name=strategy_rx result=PASS
MEMORY_NATIVE_CHECK name=internal_descriptors result=PASS
MEMORY_NATIVE_CHECK name=internal_payloads result=PASS
MEMORY_NATIVE_API name=configure_tx code=0
MEMORY_NATIVE_CHECK name=configure_tx result=PASS
MEMORY_NATIVE_API name=configure_rx code=0
MEMORY_NATIVE_CHECK name=configure_rx result=PASS
MEMORY_NATIVE_API name=rx_alignment code=0
MEMORY_NATIVE_CHECK name=rx_alignment result=PASS
MEMORY_NATIVE_ALIGNMENT burst=16 external=0 internal_alignment=4 external_alignment=2147483648
MEMORY_NATIVE_CHECK name=supported_alignment result=PASS
MEMORY_NATIVE_API name=reset_tx code=0
MEMORY_NATIVE_CHECK name=reset_tx result=PASS
MEMORY_NATIVE_API name=reset_rx code=0
MEMORY_NATIVE_CHECK name=reset_rx result=PASS
MEMORY_NATIVE_API name=start_rx code=0
MEMORY_NATIVE_CHECK name=start_rx result=PASS
MEMORY_NATIVE_API name=start_tx code=0
MEMORY_NATIVE_CHECK name=start_tx result=PASS
MEMORY_NATIVE_DMA name=internal_m2m tx_raw=0000000b rx_raw=00000003 nodes=3
MEMORY_NATIVE_CHECK name=internal_m2m result=PASS
MEMORY_NATIVE_CHECK name=internal_m2m_data result=PASS
MEMORY_NATIVE_BYTES name=internal_m2m_data length=384 fnv32=45ea8f45 prefix=072c51769bc0e50a2f54799ec3e80d32
MEMORY_NATIVE_CHECK name=external_payloads result=PASS
MEMORY_NATIVE_ALLOC src=0x3c0309c0 dst=0x3c030bc0 out_desc=0x3fcea140 in_desc=0x3fcea190
MEMORY_NATIVE_API name=configure_tx code=0
MEMORY_NATIVE_CHECK name=configure_tx result=PASS
MEMORY_NATIVE_API name=configure_rx code=0
MEMORY_NATIVE_CHECK name=configure_rx result=PASS
MEMORY_NATIVE_API name=rx_alignment code=0
MEMORY_NATIVE_CHECK name=rx_alignment result=PASS
MEMORY_NATIVE_ALIGNMENT burst=32 external=1 internal_alignment=4 external_alignment=32
MEMORY_NATIVE_CHECK name=supported_alignment result=PASS
MEMORY_NATIVE_API name=msync_c2m code=0
MEMORY_NATIVE_CHECK name=msync_c2m result=PASS
MEMORY_NATIVE_API name=reset_tx code=0
MEMORY_NATIVE_CHECK name=reset_tx result=PASS
MEMORY_NATIVE_API name=reset_rx code=0
MEMORY_NATIVE_CHECK name=reset_rx result=PASS
MEMORY_NATIVE_API name=start_rx code=0
MEMORY_NATIVE_CHECK name=start_rx result=PASS
MEMORY_NATIVE_API name=start_tx code=0
MEMORY_NATIVE_CHECK name=start_tx result=PASS
MEMORY_NATIVE_DMA name=dirty_c2m_before tx_raw=0000000b rx_raw=00000003 nodes=3
MEMORY_NATIVE_CHECK name=dirty_c2m_before result=PASS
MEMORY_NATIVE_CHECK name=dirty_cpu_new result=PASS
MEMORY_NATIVE_CHECK name=dirty_dma_old result=PASS
MEMORY_NATIVE_BYTES name=dirty_dma_old length=384 fnv32=f68c3045 prefix=0b30557a9fc4e90e33587da2c7ec1136
MEMORY_NATIVE_API name=msync_c2m code=0
MEMORY_NATIVE_CHECK name=msync_c2m result=PASS
MEMORY_NATIVE_API name=reset_tx code=0
MEMORY_NATIVE_CHECK name=reset_tx result=PASS
MEMORY_NATIVE_API name=reset_rx code=0
MEMORY_NATIVE_CHECK name=reset_rx result=PASS
MEMORY_NATIVE_API name=start_rx code=0
MEMORY_NATIVE_CHECK name=start_rx result=PASS
MEMORY_NATIVE_API name=start_tx code=0
MEMORY_NATIVE_CHECK name=start_tx result=PASS
MEMORY_NATIVE_DMA name=dirty_c2m_after tx_raw=0000000b rx_raw=00000003 nodes=3
MEMORY_NATIVE_CHECK name=dirty_c2m_after result=PASS
MEMORY_NATIVE_CHECK name=writeback_dma_new result=PASS
MEMORY_NATIVE_BYTES name=writeback_dma_new length=384 fnv32=8efba245 prefix=476c91b6db00254a6f94b9de03284d72
MEMORY_NATIVE_API name=msync_c2m code=0
MEMORY_NATIVE_CHECK name=msync_c2m result=PASS
MEMORY_NATIVE_CHECK name=prime_rx_cache result=PASS
MEMORY_NATIVE_API name=reset_tx code=0
MEMORY_NATIVE_CHECK name=reset_tx result=PASS
MEMORY_NATIVE_API name=reset_rx code=0
MEMORY_NATIVE_CHECK name=reset_rx result=PASS
MEMORY_NATIVE_API name=start_rx code=0
MEMORY_NATIVE_CHECK name=start_rx result=PASS
MEMORY_NATIVE_API name=start_tx code=0
MEMORY_NATIVE_CHECK name=start_tx result=PASS
MEMORY_NATIVE_DMA name=stale_m2c_before tx_raw=0000000b rx_raw=00000003 nodes=3
MEMORY_NATIVE_CHECK name=stale_m2c_before result=PASS
MEMORY_NATIVE_CHECK name=stale_cpu_old result=PASS
MEMORY_NATIVE_API name=reset_tx code=0
MEMORY_NATIVE_CHECK name=reset_tx result=PASS
MEMORY_NATIVE_API name=reset_rx code=0
MEMORY_NATIVE_CHECK name=reset_rx result=PASS
MEMORY_NATIVE_API name=start_rx code=0
MEMORY_NATIVE_CHECK name=start_rx result=PASS
MEMORY_NATIVE_API name=start_tx code=0
MEMORY_NATIVE_CHECK name=start_tx result=PASS
MEMORY_NATIVE_DMA name=physical_rx_new tx_raw=0000000b rx_raw=00000003 nodes=3
MEMORY_NATIVE_CHECK name=physical_rx_new result=PASS
MEMORY_NATIVE_CHECK name=physical_dma_new result=PASS
MEMORY_NATIVE_BYTES name=physical_dma_new length=384 fnv32=cc780f45 prefix=6186abd0f51a3f6489aed3f81d42678c
MEMORY_NATIVE_API name=msync_m2c code=0
MEMORY_NATIVE_CHECK name=msync_m2c result=PASS
MEMORY_NATIVE_CHECK name=invalidate_cpu_new result=PASS
MEMORY_NATIVE_BYTES name=invalidate_cpu_new length=384 fnv32=cc780f45 prefix=6186abd0f51a3f6489aed3f81d42678c
MEMORY_NATIVE_API name=configure_tx code=0
MEMORY_NATIVE_CHECK name=configure_tx result=PASS
MEMORY_NATIVE_API name=configure_rx code=0
MEMORY_NATIVE_CHECK name=configure_rx result=PASS
MEMORY_NATIVE_API name=rx_alignment code=0
MEMORY_NATIVE_CHECK name=rx_alignment result=PASS
MEMORY_NATIVE_ALIGNMENT burst=16 external=1 internal_alignment=4 external_alignment=16
MEMORY_NATIVE_CHECK name=supported_alignment result=PASS
MEMORY_NATIVE_API name=msync_c2m code=0
MEMORY_NATIVE_CHECK name=msync_c2m result=PASS
MEMORY_NATIVE_API name=msync_c2m code=0
MEMORY_NATIVE_CHECK name=msync_c2m result=PASS
MEMORY_NATIVE_API name=reset_tx code=0
MEMORY_NATIVE_CHECK name=reset_tx result=PASS
MEMORY_NATIVE_API name=reset_rx code=0
MEMORY_NATIVE_CHECK name=reset_rx result=PASS
MEMORY_NATIVE_API name=start_rx code=0
MEMORY_NATIVE_CHECK name=start_rx result=PASS
MEMORY_NATIVE_API name=start_tx code=0
MEMORY_NATIVE_CHECK name=start_tx result=PASS
MEMORY_NATIVE_DMA name=ext_to_ext_burst16 tx_raw=0000000b rx_raw=00000003 nodes=3
MEMORY_NATIVE_CHECK name=ext_to_ext_burst16 result=PASS
MEMORY_NATIVE_API name=msync_m2c code=0
MEMORY_NATIVE_CHECK name=msync_m2c result=PASS
MEMORY_NATIVE_CHECK name=ext_to_ext_burst16 result=PASS
MEMORY_NATIVE_BYTES name=ext_to_ext_burst16 length=384 fnv32=522d7c45 prefix=13385d82a7ccf1163b6085aacff4193e
MEMORY_NATIVE_API name=reset_tx code=0
MEMORY_NATIVE_CHECK name=reset_tx result=PASS
MEMORY_NATIVE_API name=reset_rx code=0
MEMORY_NATIVE_CHECK name=reset_rx result=PASS
MEMORY_NATIVE_API name=start_rx code=0
MEMORY_NATIVE_CHECK name=start_rx result=PASS
MEMORY_NATIVE_API name=start_tx code=0
MEMORY_NATIVE_CHECK name=start_tx result=PASS
MEMORY_NATIVE_DMA name=int_to_ext_burst16 tx_raw=0000000b rx_raw=00000003 nodes=3
MEMORY_NATIVE_CHECK name=int_to_ext_burst16 result=PASS
MEMORY_NATIVE_API name=msync_m2c code=0
MEMORY_NATIVE_CHECK name=msync_m2c result=PASS
MEMORY_NATIVE_CHECK name=int_to_ext_burst16 result=PASS
MEMORY_NATIVE_BYTES name=int_to_ext_burst16 length=384 fnv32=d6139845 prefix=89aed3f81d42678cb1d6fb20456a8fb4
MEMORY_NATIVE_API name=reset_tx code=0
MEMORY_NATIVE_CHECK name=reset_tx result=PASS
MEMORY_NATIVE_API name=reset_rx code=0
MEMORY_NATIVE_CHECK name=reset_rx result=PASS
MEMORY_NATIVE_API name=start_rx code=0
MEMORY_NATIVE_CHECK name=start_rx result=PASS
MEMORY_NATIVE_API name=start_tx code=0
MEMORY_NATIVE_CHECK name=start_tx result=PASS
MEMORY_NATIVE_DMA name=ext_to_int_burst16 tx_raw=0000000b rx_raw=00000003 nodes=3
MEMORY_NATIVE_CHECK name=ext_to_int_burst16 result=PASS
MEMORY_NATIVE_CHECK name=ext_to_int_burst16 result=PASS
MEMORY_NATIVE_BYTES name=ext_to_int_burst16 length=384 fnv32=d6139845 prefix=89aed3f81d42678cb1d6fb20456a8fb4
MEMORY_NATIVE_API name=reset_tx code=0
MEMORY_NATIVE_CHECK name=reset_tx result=PASS
MEMORY_NATIVE_API name=reset_rx code=0
MEMORY_NATIVE_CHECK name=reset_rx result=PASS
MEMORY_NATIVE_API name=start_rx code=0
MEMORY_NATIVE_CHECK name=start_rx result=PASS
MEMORY_NATIVE_API name=start_tx code=0
MEMORY_NATIVE_CHECK name=start_tx result=PASS
MEMORY_NATIVE_DMA name=misaligned_rx_burst16 tx_raw=00000000 rx_raw=00000008 nodes=3
MEMORY_NATIVE_CHECK name=misaligned_rx_burst16 result=PASS
MEMORY_NATIVE_API name=msync_m2c code=0
MEMORY_NATIVE_CHECK name=msync_m2c result=PASS
MEMORY_NATIVE_API name=configure_tx code=0
MEMORY_NATIVE_CHECK name=configure_tx result=PASS
MEMORY_NATIVE_API name=configure_rx code=0
MEMORY_NATIVE_CHECK name=configure_rx result=PASS
MEMORY_NATIVE_API name=rx_alignment code=0
MEMORY_NATIVE_CHECK name=rx_alignment result=PASS
MEMORY_NATIVE_ALIGNMENT burst=32 external=1 internal_alignment=4 external_alignment=32
MEMORY_NATIVE_CHECK name=supported_alignment result=PASS
MEMORY_NATIVE_API name=msync_c2m code=0
MEMORY_NATIVE_CHECK name=msync_c2m result=PASS
MEMORY_NATIVE_API name=msync_c2m code=0
MEMORY_NATIVE_CHECK name=msync_c2m result=PASS
MEMORY_NATIVE_API name=reset_tx code=0
MEMORY_NATIVE_CHECK name=reset_tx result=PASS
MEMORY_NATIVE_API name=reset_rx code=0
MEMORY_NATIVE_CHECK name=reset_rx result=PASS
MEMORY_NATIVE_API name=start_rx code=0
MEMORY_NATIVE_CHECK name=start_rx result=PASS
MEMORY_NATIVE_API name=start_tx code=0
MEMORY_NATIVE_CHECK name=start_tx result=PASS
MEMORY_NATIVE_DMA name=ext_to_ext_burst32 tx_raw=0000000b rx_raw=00000003 nodes=3
MEMORY_NATIVE_CHECK name=ext_to_ext_burst32 result=PASS
MEMORY_NATIVE_API name=msync_m2c code=0
MEMORY_NATIVE_CHECK name=msync_m2c result=PASS
MEMORY_NATIVE_CHECK name=ext_to_ext_burst32 result=PASS
MEMORY_NATIVE_BYTES name=ext_to_ext_burst32 length=384 fnv32=9af4f845 prefix=23486d92b7dc01264b7095badf04294e
MEMORY_NATIVE_API name=reset_tx code=0
MEMORY_NATIVE_CHECK name=reset_tx result=PASS
MEMORY_NATIVE_API name=reset_rx code=0
MEMORY_NATIVE_CHECK name=reset_rx result=PASS
MEMORY_NATIVE_API name=start_rx code=0
MEMORY_NATIVE_CHECK name=start_rx result=PASS
MEMORY_NATIVE_API name=start_tx code=0
MEMORY_NATIVE_CHECK name=start_tx result=PASS
MEMORY_NATIVE_DMA name=int_to_ext_burst32 tx_raw=0000000b rx_raw=00000003 nodes=3
MEMORY_NATIVE_CHECK name=int_to_ext_burst32 result=PASS
MEMORY_NATIVE_API name=msync_m2c code=0
MEMORY_NATIVE_CHECK name=msync_m2c result=PASS
MEMORY_NATIVE_CHECK name=int_to_ext_burst32 result=PASS
MEMORY_NATIVE_BYTES name=int_to_ext_burst32 length=384 fnv32=3f635045 prefix=99bee3082d52779cc1e60b30557a9fc4
MEMORY_NATIVE_API name=reset_tx code=0
MEMORY_NATIVE_CHECK name=reset_tx result=PASS
MEMORY_NATIVE_API name=reset_rx code=0
MEMORY_NATIVE_CHECK name=reset_rx result=PASS
MEMORY_NATIVE_API name=start_rx code=0
MEMORY_NATIVE_CHECK name=start_rx result=PASS
MEMORY_NATIVE_API name=start_tx code=0
MEMORY_NATIVE_CHECK name=start_tx result=PASS
MEMORY_NATIVE_DMA name=ext_to_int_burst32 tx_raw=0000000b rx_raw=00000003 nodes=3
MEMORY_NATIVE_CHECK name=ext_to_int_burst32 result=PASS
MEMORY_NATIVE_CHECK name=ext_to_int_burst32 result=PASS
MEMORY_NATIVE_BYTES name=ext_to_int_burst32 length=384 fnv32=3f635045 prefix=99bee3082d52779cc1e60b30557a9fc4
MEMORY_NATIVE_API name=reset_tx code=0
MEMORY_NATIVE_CHECK name=reset_tx result=PASS
MEMORY_NATIVE_API name=reset_rx code=0
MEMORY_NATIVE_CHECK name=reset_rx result=PASS
MEMORY_NATIVE_API name=start_rx code=0
MEMORY_NATIVE_CHECK name=start_rx result=PASS
MEMORY_NATIVE_API name=start_tx code=0
MEMORY_NATIVE_CHECK name=start_tx result=PASS
MEMORY_NATIVE_DMA name=misaligned_rx_burst32 tx_raw=00000000 rx_raw=00000008 nodes=3
MEMORY_NATIVE_CHECK name=misaligned_rx_burst32 result=PASS
MEMORY_NATIVE_API name=msync_m2c code=0
MEMORY_NATIVE_CHECK name=msync_m2c result=PASS
MEMORY_NATIVE_API name=configure_tx code=0
MEMORY_NATIVE_CHECK name=configure_tx result=PASS
MEMORY_NATIVE_API name=configure_rx code=0
MEMORY_NATIVE_CHECK name=configure_rx result=PASS
MEMORY_NATIVE_API name=rx_alignment code=0
MEMORY_NATIVE_CHECK name=rx_alignment result=PASS
MEMORY_NATIVE_ALIGNMENT burst=64 external=1 internal_alignment=4 external_alignment=64
MEMORY_NATIVE_CHECK name=supported_alignment result=PASS
MEMORY_NATIVE_API name=msync_c2m code=0
MEMORY_NATIVE_CHECK name=msync_c2m result=PASS
MEMORY_NATIVE_API name=msync_c2m code=0
MEMORY_NATIVE_CHECK name=msync_c2m result=PASS
MEMORY_NATIVE_API name=reset_tx code=0
MEMORY_NATIVE_CHECK name=reset_tx result=PASS
MEMORY_NATIVE_API name=reset_rx code=0
MEMORY_NATIVE_CHECK name=reset_rx result=PASS
MEMORY_NATIVE_API name=start_rx code=0
MEMORY_NATIVE_CHECK name=start_rx result=PASS
MEMORY_NATIVE_API name=start_tx code=0
MEMORY_NATIVE_CHECK name=start_tx result=PASS
MEMORY_NATIVE_DMA name=ext_to_ext_burst64 tx_raw=0000000b rx_raw=00000003 nodes=3
MEMORY_NATIVE_CHECK name=ext_to_ext_burst64 result=PASS
MEMORY_NATIVE_API name=msync_m2c code=0
MEMORY_NATIVE_CHECK name=msync_m2c result=PASS
MEMORY_NATIVE_CHECK name=ext_to_ext_burst64 result=PASS
MEMORY_NATIVE_BYTES name=ext_to_ext_burst64 length=384 fnv32=6a3f8e45 prefix=43688db2d7fc21466b90b5daff24496e
MEMORY_NATIVE_API name=reset_tx code=0
MEMORY_NATIVE_CHECK name=reset_tx result=PASS
MEMORY_NATIVE_API name=reset_rx code=0
MEMORY_NATIVE_CHECK name=reset_rx result=PASS
MEMORY_NATIVE_API name=start_rx code=0
MEMORY_NATIVE_CHECK name=start_rx result=PASS
MEMORY_NATIVE_API name=start_tx code=0
MEMORY_NATIVE_CHECK name=start_tx result=PASS
MEMORY_NATIVE_DMA name=int_to_ext_burst64 tx_raw=0000000b rx_raw=00000003 nodes=3
MEMORY_NATIVE_CHECK name=int_to_ext_burst64 result=PASS
MEMORY_NATIVE_API name=msync_m2c code=0
MEMORY_NATIVE_CHECK name=msync_m2c result=PASS
MEMORY_NATIVE_CHECK name=int_to_ext_burst64 result=PASS
MEMORY_NATIVE_BYTES name=int_to_ext_burst64 length=384 fnv32=0a1e2b45 prefix=b9de03284d7297bce1062b50759abfe4
MEMORY_NATIVE_API name=reset_tx code=0
MEMORY_NATIVE_CHECK name=reset_tx result=PASS
MEMORY_NATIVE_API name=reset_rx code=0
MEMORY_NATIVE_CHECK name=reset_rx result=PASS
MEMORY_NATIVE_API name=start_rx code=0
MEMORY_NATIVE_CHECK name=start_rx result=PASS
MEMORY_NATIVE_API name=start_tx code=0
MEMORY_NATIVE_CHECK name=start_tx result=PASS
MEMORY_NATIVE_DMA name=ext_to_int_burst64 tx_raw=0000000b rx_raw=00000003 nodes=3
MEMORY_NATIVE_CHECK name=ext_to_int_burst64 result=PASS
MEMORY_NATIVE_CHECK name=ext_to_int_burst64 result=PASS
MEMORY_NATIVE_BYTES name=ext_to_int_burst64 length=384 fnv32=0a1e2b45 prefix=b9de03284d7297bce1062b50759abfe4
MEMORY_NATIVE_API name=reset_tx code=0
MEMORY_NATIVE_CHECK name=reset_tx result=PASS
MEMORY_NATIVE_API name=reset_rx code=0
MEMORY_NATIVE_CHECK name=reset_rx result=PASS
MEMORY_NATIVE_API name=start_rx code=0
MEMORY_NATIVE_CHECK name=start_rx result=PASS
MEMORY_NATIVE_API name=start_tx code=0
MEMORY_NATIVE_CHECK name=start_tx result=PASS
MEMORY_NATIVE_DMA name=misaligned_rx_burst64 tx_raw=00000000 rx_raw=00000008 nodes=3
MEMORY_NATIVE_CHECK name=misaligned_rx_burst64 result=PASS
MEMORY_NATIVE_API name=msync_m2c code=0
MEMORY_NATIVE_CHECK name=msync_m2c result=PASS
MEMORY_NATIVE_CHECK name=boundary_allocation result=PASS
MEMORY_NATIVE_API name=msync_c2m code=0
MEMORY_NATIVE_CHECK name=msync_c2m result=PASS
MEMORY_NATIVE_API name=reset_tx code=0
MEMORY_NATIVE_CHECK name=reset_tx result=PASS
MEMORY_NATIVE_API name=reset_rx code=0
MEMORY_NATIVE_CHECK name=reset_rx result=PASS
MEMORY_NATIVE_API name=start_rx code=0
MEMORY_NATIVE_CHECK name=start_rx result=PASS
MEMORY_NATIVE_API name=start_tx code=0
MEMORY_NATIVE_CHECK name=start_tx result=PASS
MEMORY_NATIVE_DMA name=mmu_page_crossing tx_raw=0000000b rx_raw=00000003 nodes=3
MEMORY_NATIVE_CHECK name=mmu_page_crossing result=PASS
MEMORY_NATIVE_CHECK name=mmu_page_crossing_data result=PASS
MEMORY_NATIVE_BYTES name=mmu_page_crossing_data length=384 fnv32=3f635045 prefix=99bee3082d52779cc1e60b30557a9fc4
E (29627) mmap: esp_mmu_vaddr_to_paddr(906): vaddr isn't mapped
MEMORY_NATIVE_UNMAPPED address=0x3c830000 entry_invalid=1 translate_code=261
MEMORY_NATIVE_CHECK name=unmapped_confirmed result=PASS
MEMORY_NATIVE_API name=reset_tx code=0
MEMORY_NATIVE_CHECK name=reset_tx result=PASS
MEMORY_NATIVE_API name=reset_rx code=0
MEMORY_NATIVE_CHECK name=reset_rx result=PASS
MEMORY_NATIVE_API name=start_rx code=0
MEMORY_NATIVE_CHECK name=start_rx result=PASS
MEMORY_NATIVE_API name=start_tx code=0
MEMORY_NATIVE_CHECK name=start_tx result=PASS
MEMORY_NATIVE_DMA name=unbacked_tx_dscr_err tx_raw=00000004 rx_raw=00000000 nodes=3
MEMORY_NATIVE_CHECK name=unbacked_tx_dscr_err result=PASS
MEMORY_NATIVE_API name=reset_tx code=0
MEMORY_NATIVE_CHECK name=reset_tx result=PASS
MEMORY_NATIVE_API name=reset_rx code=0
MEMORY_NATIVE_CHECK name=reset_rx result=PASS
MEMORY_NATIVE_API name=start_rx code=0
MEMORY_NATIVE_CHECK name=start_rx result=PASS
MEMORY_NATIVE_API name=start_tx code=0
MEMORY_NATIVE_CHECK name=start_tx result=PASS
MEMORY_NATIVE_DMA name=unbacked_rx_dscr_err tx_raw=00000000 rx_raw=00000008 nodes=3
MEMORY_NATIVE_CHECK name=unbacked_rx_dscr_err result=PASS
MEMORY_NATIVE_SCOPE mmu_remap=qtest capacity_end=qtest psram_reset_persistence=qtest cpu_unmapped=not_qualified gdma_unmapped=qualified_if_pass octal=unsupported
MEMORY_NATIVE_API name=disconnect_tx code=0
MEMORY_NATIVE_CHECK name=disconnect_tx result=PASS
MEMORY_NATIVE_API name=disconnect_rx code=0
MEMORY_NATIVE_CHECK name=disconnect_rx result=PASS
MEMORY_NATIVE_API name=delete_tx code=0
MEMORY_NATIVE_CHECK name=delete_tx result=PASS
MEMORY_NATIVE_API name=delete_rx code=0
MEMORY_NATIVE_CHECK name=delete_rx result=PASS
MEMORY_NATIVE_DONE profile=psram failures=0 result=PASS
I (29917) main_task: Returned from app_main()
