ESP-ROM:esp32s3-20210327
Build:Mar 27 2021
rst:0x1 (POWERON),boot:0x4 (SPI_FLASH_BOOT)
SPIWP:0xee
mode:DIO, clock div:1
load:0x3fce2820,len:0x14f0
load:0x403c8700,len:0xde4
load:0x403cb700,len:0x2f58
entry 0x403c8904
I (32) boot: ESP-IDF fff9895c 2nd stage bootloader
I (32) boot: compile time Oct  9 2026 02:39:10
I (32) boot: Multicore bootloader
I (33) boot: chip revision: v0.0
I (36) boot: efuse block revision: v0.0
I (39) boot.esp32s3: Boot SPI Speed : 80MHz
I (43) boot.esp32s3: SPI Mode       : DIO
I (47) boot.esp32s3: SPI Flash Size : 4MB
I (51) boot: Enabling RNG early entropy source...
I (55) boot: Partition Table:
I (58) boot: ## Label            Usage          Type ST Offset   Length
I (64) boot:  0 nvs              WiFi data        01 02 00009000 00006000
I (71) boot:  1 phy_init         RF data          01 01 0000f000 00001000
I (77) boot:  2 factory          factory app      00 00 00010000 00100000
I (84) boot: End of partition table
I (87) esp_image: segment 0: paddr=00010020 vaddr=3c020020 size=0a9a8h ( 43432) map
I (94) esp_image: segment 1: paddr=0001a9d0 vaddr=3fc90700 size=031d8h ( 12760) load
I (102) esp_image: segment 2: paddr=0001dbb0 vaddr=40374000 size=02468h (  9320) load
I (109) esp_image: segment 3: paddr=00020020 vaddr=42000020 size=1484ch ( 84044) map
I (117) esp_image: segment 4: paddr=00034874 vaddr=40376468 size=0a234h ( 41524) load
I (124) esp_image: segment 5: paddr=0003eab0 vaddr=50000000 size=00024h (    36) load
I (132) boot: Loaded app from partition at offset 0x10000
I (137) boot: Disabling RNG early entropy source...
W (318) rtcinit: o_code calibration fail

I (159) cpu_start: Multicore app
I (181) cpu_start: GPIO 44 and 43 are used as console UART I/O pins
I (181) cpu_start: Pro cpu start user code
I (181) cpu_start: cpu freq: 160000000 Hz
I (183) app_init: Application information:
I (187) app_init: Project name:     esp32s3_i2c_native
I (192) app_init: App version:      1
I (195) app_init: Compile time:     Oct  9 2026 02:38:51
I (200) app_init: ELF file SHA256:  cbf1aa7ca...
I (205) app_init: ESP-IDF:          fff9895c
I (209) efuse_init: Min chip rev:     v0.0
I (212) efuse_init: Max chip rev:     v0.99 
I (216) efuse_init: Chip rev:         v0.0
I (220) heap_init: Initializing. RAM available for dynamic allocation:
I (227) heap_init: At 3FC94350 len 000553C0 (340 KiB): RAM
I (232) heap_init: At 3FCE9710 len 00005724 (21 KiB): RAM
I (237) heap_init: At 3FCF0000 len 00008000 (32 KiB): DRAM
I (242) heap_init: At 600FE000 len 00001FE8 (7 KiB): RTCRAM
I (247) spi_flash: detected chip: gd
I (251) spi_flash: flash io: dio
I (254) sleep_gpio: Configure to isolate all GPIO pins in sleep state
I (260) sleep_gpio: Enable automatic switching of GPIO sleep configuration
I (267) main_task: Started on CPU0
I (269) main_task: Calling app_main()
I2C_NATIVE_BOOT profile=power
I2C_NATIVE_PHASE port=0 profile=power sda=8 scl=9 speed_hz=400000 pullup=external
I2C_NATIVE_STATUS port=0 name=new_bus actual=ESP_OK expected=ESP_OK
I2C_NATIVE_CHECK port=0 name=new_bus result=PASS
I2C_NATIVE_STATUS port=0 name=graph_sensor_unreachable actual=ESP_ERR_NOT_FOUND expected=ESP_ERR_NOT_FOUND
I2C_NATIVE_CHECK port=0 name=graph_sensor_unreachable result=PASS
I2C_NATIVE_STATUS port=0 name=graph_eeprom_unreachable actual=ESP_ERR_NOT_FOUND expected=ESP_ERR_NOT_FOUND
I2C_NATIVE_CHECK port=0 name=graph_eeprom_unreachable result=PASS
I2C_NATIVE_STATUS port=0 name=delete_bus actual=ESP_OK expected=ESP_OK
I2C_NATIVE_CHECK port=0 name=delete_bus result=PASS
I2C_NATIVE_PHASE port=1 profile=power sda=10 scl=11 speed_hz=400000 pullup=external
I2C_NATIVE_STATUS port=1 name=new_bus actual=ESP_OK expected=ESP_OK
I2C_NATIVE_CHECK port=1 name=new_bus result=PASS
I2C_NATIVE_STATUS port=1 name=graph_sensor_unreachable actual=ESP_ERR_NOT_FOUND expected=ESP_ERR_NOT_FOUND
I2C_NATIVE_CHECK port=1 name=graph_sensor_unreachable result=PASS
I2C_NATIVE_STATUS port=1 name=graph_eeprom_unreachable actual=ESP_ERR_NOT_FOUND expected=ESP_ERR_NOT_FOUND
I2C_NATIVE_CHECK port=1 name=graph_eeprom_unreachable result=PASS
I2C_NATIVE_STATUS port=1 name=delete_bus actual=ESP_OK expected=ESP_OK
I2C_NATIVE_CHECK port=1 name=delete_bus result=PASS
I2C_NATIVE_DONE profile=power failures=0 result=PASS
