ESP-ROM:esp32s3-20210327
Build:Mar 27 2021
rst:0x1 (POWERON),boot:0x4 (SPI_FLASH_BOOT)
SPIWP:0xee
mode:DIO, clock div:1
load:0x3fce2820,len:0x14f0
load:0x403c8700,len:0xde4
load:0x403cb700,len:0x2f58
entry 0x403c8904
I (32) boot: ESP-IDF fff9895c 2nd stage bootloader
I (32) boot: compile time Oct  9 2026 15:29:40
I (32) boot: Multicore bootloader
I (33) boot: chip revision: v0.0
I (36) boot: efuse block revision: v0.0
I (39) boot.esp32s3: Boot SPI Speed : 80MHz
I (43) boot.esp32s3: SPI Mode       : DIO
I (47) boot.esp32s3: SPI Flash Size : 4MB
I (51) boot: Enabling RNG early entropy source...
I (55) boot: Partition Table:
I (58) boot: ## Label            Usage          Type ST Offset   Length
I (64) boot:  0 nvs              WiFi data        01 02 00009000 00006000
I (71) boot:  1 phy_init         RF data          01 01 0000f000 00001000
I (77) boot:  2 factory          factory app      00 00 00010000 00100000
I (84) boot: End of partition table
I (87) esp_image: segment 0: paddr=00010020 vaddr=3c020020 size=0b1b8h ( 45496) map
I (94) esp_image: segment 1: paddr=0001b1e0 vaddr=3fc91200 size=03438h ( 13368) load
I (102) esp_image: segment 2: paddr=0001e620 vaddr=40374000 size=019f8h (  6648) load
I (109) esp_image: segment 3: paddr=00020020 vaddr=42000020 size=14b34h ( 84788) map
I (117) esp_image: segment 4: paddr=00034b5c vaddr=403759f8 size=0b7dch ( 47068) load
I (125) esp_image: segment 5: paddr=00040340 vaddr=50000000 size=00024h (    36) load
I (132) boot: Loaded app from partition at offset 0x10000
I (137) boot: Disabling RNG early entropy source...
W (318) rtcinit: o_code calibration fail

I (159) cpu_start: Multicore app
I (181) cpu_start: GPIO 44 and 43 are used as console UART I/O pins
I (181) cpu_start: Pro cpu start user code
I (181) cpu_start: cpu freq: 160000000 Hz
I (183) app_init: Application information:
I (187) app_init: Project name:     esp32s3_i2c_native
I (192) app_init: App version:      1
I (195) app_init: Compile time:     Oct  9 2026 15:29:28
I (200) app_init: ELF file SHA256:  e7fa64dea...
I (205) app_init: ESP-IDF:          fff9895c
I (209) efuse_init: Min chip rev:     v0.0
I (212) efuse_init: Max chip rev:     v0.99 
I (216) efuse_init: Chip rev:         v0.0
I (220) heap_init: Initializing. RAM available for dynamic allocation:
I (227) heap_init: At 3FC950C0 len 00054650 (337 KiB): RAM
I (232) heap_init: At 3FCE9710 len 00005724 (21 KiB): RAM
I (237) heap_init: At 3FCF0000 len 00008000 (32 KiB): DRAM
I (242) heap_init: At 600FE000 len 00001FE8 (7 KiB): RTCRAM
I (247) spi_flash: detected chip: gd
I (251) spi_flash: flash io: dio
I (254) sleep_gpio: Configure to isolate all GPIO pins in sleep state
I (260) sleep_gpio: Enable automatic switching of GPIO sleep configuration
I (267) main_task: Started on CPU0
I (269) main_task: Calling app_main()
I2C_NATIVE_BOOT profile=slave
I2C_NATIVE_STATUS port=0 name=host_gate_input actual=ESP_OK expected=ESP_OK
I2C_NATIVE_CHECK port=0 name=host_gate_input result=PASS
I2C_NATIVE_PHASE port=0 profile=slave sda=8 scl=9 speed_hz=400000 pullup=external
I2C_NATIVE_STATUS port=0 name=new_slave actual=ESP_OK expected=ESP_OK
I2C_NATIVE_CHECK port=0 name=new_slave result=PASS
I2C_NATIVE_STATUS port=0 name=slave_callbacks actual=ESP_OK expected=ESP_OK
I2C_NATIVE_CHECK port=0 name=slave_callbacks result=PASS
I2C_NATIVE_PHASE port=1 profile=slave sda=10 scl=11 speed_hz=400000 pullup=external
I2C_NATIVE_STATUS port=1 name=new_slave actual=ESP_OK expected=ESP_OK
I2C_NATIVE_CHECK port=1 name=new_slave result=PASS
I2C_NATIVE_STATUS port=1 name=slave_callbacks actual=ESP_OK expected=ESP_OK
I2C_NATIVE_CHECK port=1 name=slave_callbacks result=PASS
I2C_NATIVE_CHECK port=0 name=host_gate_low result=PASS
I2C_SLAVE_READY phase=0 length=65 gate_gpio=12
I2C_NATIVE_CHECK port=0 name=host_gate_high result=PASS
I2C_SLAVE_RESULT port=0 phase=0 callbacks=1 requests=0 length=65
I2C_NATIVE_CHECK port=0 name=slave_phase0_bytes result=PASS
I2C_NATIVE_CHECK port=0 name=slave_phase0_callbacks result=PASS
I2C_NATIVE_CHECK port=0 name=slave_phase0_requests result=PASS
I2C_SLAVE_BYTES port=0 phase=0 data=030a11181f262d343b424950575e656c737a81888f969da4abb2b9c0c7ced5dce3eaf1f8ff060d141b222930373e454c535a61686f767d848b9299a0a7aeb5bcc3
I2C_SLAVE_RESULT port=1 phase=0 callbacks=1 requests=0 length=65
I2C_NATIVE_CHECK port=1 name=slave_phase0_bytes result=PASS
I2C_NATIVE_CHECK port=1 name=slave_phase0_callbacks result=PASS
I2C_NATIVE_CHECK port=1 name=slave_phase0_requests result=PASS
I2C_SLAVE_BYTES port=1 phase=0 data=20272e353c434a51585f666d747b828990979ea5acb3bac1c8cfd6dde4ebf2f900070e151c232a31383f464d545b626970777e858c939aa1a8afb6bdc4cbd2d9e0
I2C_SLAVE_FINISHED phase=0
I2C_NATIVE_CHECK port=0 name=host_gate_low result=PASS
I2C_SLAVE_READY phase=1 length=65 gate_gpio=12
I2C_NATIVE_CHECK port=0 name=host_gate_high result=PASS
I2C_SLAVE_RESULT port=0 phase=1 callbacks=1 requests=1 length=65
I2C_NATIVE_STATUS port=0 name=respond_write actual=ESP_OK expected=ESP_OK
I2C_NATIVE_CHECK port=0 name=respond_write result=PASS
I2C_NATIVE_CHECK port=0 name=respond_written_exact result=PASS
I2C_NATIVE_CHECK port=0 name=slave_phase1_bytes result=PASS
I2C_NATIVE_CHECK port=0 name=slave_phase1_callbacks result=PASS
I2C_NATIVE_CHECK port=0 name=slave_phase1_requests result=PASS
I2C_SLAVE_BYTES port=0 phase=1 data=505b66717c87929da8b3bec9d4dfeaf5000b16212c37424d58636e79848f9aa5b0bbc6d1dce7f2fd08131e29343f4a55606b76818c97a2adb8c3ced9e4effa0510
I2C_SLAVE_RESULT port=1 phase=1 callbacks=1 requests=1 length=65
I2C_NATIVE_STATUS port=1 name=respond_write actual=ESP_OK expected=ESP_OK
I2C_NATIVE_CHECK port=1 name=respond_write result=PASS
I2C_NATIVE_CHECK port=1 name=respond_written_exact result=PASS
I2C_NATIVE_CHECK port=1 name=slave_phase1_bytes result=PASS
I2C_NATIVE_CHECK port=1 name=slave_phase1_callbacks result=PASS
I2C_NATIVE_CHECK port=1 name=slave_phase1_requests result=PASS
I2C_SLAVE_BYTES port=1 phase=1 data=616c77828d98a3aeb9c4cfdae5f0fb06111c27323d48535e69747f8a95a0abb6c1ccd7e2edf8030e19242f3a45505b66717c87929da8b3bec9d4dfeaf5000b1621
I2C_SLAVE_FINISHED phase=1
I2C_NATIVE_CHECK port=0 name=host_gate_low result=PASS
I2C_NATIVE_STATUS port=0 name=queue_discarded49 actual=ESP_OK expected=ESP_OK
I2C_NATIVE_CHECK port=0 name=queue_discarded49 result=PASS
I2C_NATIVE_CHECK port=0 name=queued_discarded49 result=PASS
I2C_NATIVE_STATUS port=0 name=reset_tx_fifo actual=ESP_OK expected=ESP_OK
I2C_NATIVE_CHECK port=0 name=reset_tx_fifo result=PASS
I2C_NATIVE_STATUS port=1 name=queue_discarded49 actual=ESP_OK expected=ESP_OK
I2C_NATIVE_CHECK port=1 name=queue_discarded49 result=PASS
I2C_NATIVE_CHECK port=1 name=queued_discarded49 result=PASS
I2C_NATIVE_STATUS port=1 name=reset_tx_fifo actual=ESP_OK expected=ESP_OK
I2C_NATIVE_CHECK port=1 name=reset_tx_fifo result=PASS
I2C_SLAVE_READY phase=2 length=17 gate_gpio=12
I2C_NATIVE_CHECK port=0 name=host_gate_high result=PASS
I2C_SLAVE_RESULT port=0 phase=2 callbacks=1 requests=1 length=17
I2C_NATIVE_STATUS port=0 name=respond_write actual=ESP_OK expected=ESP_OK
I2C_NATIVE_CHECK port=0 name=respond_write result=PASS
I2C_NATIVE_CHECK port=0 name=respond_written_exact result=PASS
I2C_NATIVE_CHECK port=0 name=slave_phase2_bytes result=PASS
I2C_NATIVE_CHECK port=0 name=slave_phase2_callbacks result=PASS
I2C_NATIVE_CHECK port=0 name=slave_phase2_requests result=PASS
I2C_SLAVE_BYTES port=0 phase=2 data=a0adbac7d4e1eefb0815222f3c49566370
I2C_SLAVE_RESULT port=1 phase=2 callbacks=1 requests=1 length=17
I2C_NATIVE_STATUS port=1 name=respond_write actual=ESP_OK expected=ESP_OK
I2C_NATIVE_CHECK port=1 name=respond_write result=PASS
I2C_NATIVE_CHECK port=1 name=respond_written_exact result=PASS
I2C_NATIVE_CHECK port=1 name=slave_phase2_bytes result=PASS
I2C_NATIVE_CHECK port=1 name=slave_phase2_callbacks result=PASS
I2C_NATIVE_CHECK port=1 name=slave_phase2_requests result=PASS
I2C_SLAVE_BYTES port=1 phase=2 data=b3c0cddae7f4010e1b2835424f5c697683
I2C_SLAVE_FINISHED phase=2
I2C_NATIVE_STATUS port=0 name=delete_slave actual=ESP_OK expected=ESP_OK
I2C_NATIVE_CHECK port=0 name=delete_slave result=PASS
I2C_NATIVE_STATUS port=1 name=delete_slave actual=ESP_OK expected=ESP_OK
I2C_NATIVE_CHECK port=1 name=delete_slave result=PASS
I2C_NATIVE_DONE profile=slave failures=0 result=PASS