ESP-ROM:esp32s3-20210327
Build:Mar 27 2021
rst:0x1 (POWERON),boot:0x4 (SPI_FLASH_BOOT)
SPIWP:0xee
mode:DIO, clock div:1
load:0x3fce2820,len:0x14f0
load:0x403c8700,len:0xde4
load:0x403cb700,len:0x2f58
entry 0x403c8904
I (210) boot: ESP-IDF fff9895c 2nd stage bootloader
I (221) boot: compile time Oct  8 2026 08:58:52
I (227) boot: Multicore bootloader
I (291) boot: chip revision: v0.0
I (292) boot: efuse block revision: v0.0
I (315) boot.esp32s3: Boot SPI Speed : 80MHz
I (315) boot.esp32s3: SPI Mode       : DIO
I (316) boot.esp32s3: SPI Flash Size : 4MB
I (348) boot: Enabling RNG early entropy source...
I (417) boot: Partition Table:
I (418) boot: ## Label            Usage          Type ST Offset   Length
I (418) boot:  0 nvs              WiFi data        01 02 00009000 00006000
I (432) boot:  1 phy_init         RF data          01 01 0000f000 00001000
I (447) boot:  2 factory          factory app      00 00 00010000 00200000
I (463) boot:  3 mem_raw          unknown          40 00 00210000 00001000
I (485) boot: End of partition table
I (503) esp_image: segment 0: paddr=00010020 vaddr=3c020020 size=0a1d8h ( 41432) map
I (540) esp_image: segment 1: paddr=0001a200 vaddr=3fc90100 size=0318ch ( 12684) load
I (569) esp_image: segment 2: paddr=0001d394 vaddr=40374000 size=02c84h ( 11396) load
I (584) esp_image: segment 3: paddr=00020020 vaddr=42000020 size=166b0h ( 91824) map
I (670) esp_image: segment 4: paddr=000366d8 vaddr=40376c84 size=0938ch ( 37772) load
I (708) esp_image: segment 5: paddr=0003fa6c vaddr=50000000 size=00024h (    36) load
I (741) boot: Loaded app from partition at offset 0x10000
I (742) boot: Disabling RNG early entropy source...
W (1809) rtcinit: o_code calibration fail

I (936) cpu_start: Multicore app
I (993) cpu_start: GPIO 44 and 43 are used as console UART I/O pins
I (1026) cpu_start: Pro cpu start user code
I (1027) cpu_start: cpu freq: 160000000 Hz
I (1034) app_init: Application information:
I (1045) app_init: Project name:     memory_native
I (1052) app_init: App version:      Alpha-25-g8cb306f-dirty
I (1063) app_init: Compile time:     Oct  8 2026 08:58:37
I (1082) app_init: ELF file SHA256:  7d7dba6b3...
I (1090) app_init: ESP-IDF:          fff9895c
I (1105) efuse_init: Min chip rev:     v0.0
I (1109) efuse_init: Max chip rev:     v0.99 
I (1126) efuse_init: Chip rev:         v0.0
I (1143) heap_init: Initializing. RAM available for dynamic allocation:
I (1169) heap_init: At 3FC93D00 len 00055A10 (342 KiB): RAM
I (1175) heap_init: At 3FCE9710 len 00005724 (21 KiB): RAM
I (1195) heap_init: At 3FCF0000 len 00008000 (32 KiB): DRAM
I (1195) heap_init: At 600FE000 len 00001FE8 (7 KiB): RTCRAM
I (1357) spi_flash: detected chip: gd
I (1360) spi_flash: flash io: dio
I (1386) sleep_gpio: Configure to isolate all GPIO pins in sleep state
I (1401) sleep_gpio: Enable automatic switching of GPIO sleep configuration
I (1472) main_task: Started on CPU0
I (1512) main_task: Calling app_main()
MEMORY_NATIVE_BOOT profile=internal idf=fff9895c
MEMORY_NATIVE_SCOPE psram=not_qualified internal_leaf=only
MEMORY_NATIVE_CHECK name=flash_partitions_found result=PASS
MEMORY_NATIVE_PARTITION name=app label=factory type=0 subtype=0 address=00010000 size=00200000 encrypted=0
MEMORY_NATIVE_PARTITION name=nvs label=nvs type=1 subtype=2 address=00009000 size=00006000 encrypted=0
MEMORY_NATIVE_PARTITION name=raw label=mem_raw type=64 subtype=0 address=00210000 size=00001000 encrypted=0
MEMORY_NATIVE_CHECK name=flash_partitions_safe result=PASS
MEMORY_NATIVE_API name=flash_size code=0
MEMORY_NATIVE_CHECK name=flash_size result=PASS
MEMORY_NATIVE_CHECK name=flash_size_4m result=PASS
MEMORY_NATIVE_API name=flash_first_header code=0
MEMORY_NATIVE_CHECK name=flash_first_header result=PASS
MEMORY_NATIVE_API name=app_partition_header code=0
MEMORY_NATIVE_CHECK name=app_partition_header result=PASS
MEMORY_NATIVE_API name=app_flash_header code=0
MEMORY_NATIVE_CHECK name=app_flash_header result=PASS
MEMORY_NATIVE_BYTES name=flash_first_header length=32 fnv32=5ddf8323 prefix=e903022f04893c40ee00000009000000
MEMORY_NATIVE_BYTES name=app_first_header length=32 fnv32=357fc119 prefix=e906022f7c553740ee00000009000000
MEMORY_NATIVE_CHECK name=flash_headers result=PASS
MEMORY_NATIVE_API name=nvs_init code=0
MEMORY_NATIVE_CHECK name=nvs_init result=PASS
MEMORY_NATIVE_API name=nvs_open code=0
MEMORY_NATIVE_CHECK name=nvs_open result=PASS
MEMORY_NATIVE_API name=nvs_previous_phase code=0
MEMORY_NATIVE_CHECK name=nvs_previous_phase result=PASS
MEMORY_NATIVE_CHECK name=nvs_phase_range result=PASS
MEMORY_NATIVE_API name=nvs_get_phase code=0
MEMORY_NATIVE_CHECK name=nvs_get_phase result=PASS
MEMORY_NATIVE_API name=nvs_blob_size code=0
MEMORY_NATIVE_CHECK name=nvs_blob_size result=PASS
MEMORY_NATIVE_CHECK name=nvs_blob_length result=PASS
MEMORY_NATIVE_API name=nvs_get_blob code=0
MEMORY_NATIVE_CHECK name=nvs_get_blob result=PASS
MEMORY_NATIVE_BYTES name=nvs_previous length=769 fnv32=abe555f8 prefix=cd01418d5d09c99d3012748ad80ac482
MEMORY_NATIVE_CHECK name=nvs_previous result=PASS
MEMORY_NATIVE_API name=raw_partition_read code=0
MEMORY_NATIVE_CHECK name=raw_partition_read result=PASS
MEMORY_NATIVE_API name=raw_flash_read code=0
MEMORY_NATIVE_CHECK name=raw_flash_read result=PASS
MEMORY_NATIVE_BYTES name=raw_previous length=769 fnv32=abe555f8 prefix=cd01418d5d09c99d3012748ad80ac482
MEMORY_NATIVE_CHECK name=raw_previous result=PASS
MEMORY_NATIVE_PERSIST previous=2 next=3 length=769 raw_offset=37
MEMORY_NATIVE_API name=raw_erase code=0
MEMORY_NATIVE_CHECK name=raw_erase result=PASS
MEMORY_NATIVE_API name=raw_write code=0
MEMORY_NATIVE_CHECK name=raw_write result=PASS
MEMORY_NATIVE_API name=raw_partition_read code=0
MEMORY_NATIVE_CHECK name=raw_partition_read result=PASS
MEMORY_NATIVE_API name=raw_flash_read code=0
MEMORY_NATIVE_CHECK name=raw_flash_read result=PASS
MEMORY_NATIVE_BYTES name=raw_committed length=769 fnv32=d6ef8f67 prefix=385a8cb210d2bc6afb4783ff0347fb4f
MEMORY_NATIVE_CHECK name=raw_committed result=PASS
MEMORY_NATIVE_API name=nvs_set_blob code=0
MEMORY_NATIVE_CHECK name=nvs_set_blob result=PASS
MEMORY_NATIVE_API name=nvs_set_phase code=0
MEMORY_NATIVE_CHECK name=nvs_set_phase result=PASS
MEMORY_NATIVE_API name=nvs_commit code=0
MEMORY_NATIVE_CHECK name=nvs_commit result=PASS
MEMORY_NATIVE_API name=nvs_reopen code=0
MEMORY_NATIVE_CHECK name=nvs_reopen result=PASS
MEMORY_NATIVE_API name=nvs_get_phase code=0
MEMORY_NATIVE_CHECK name=nvs_get_phase result=PASS
MEMORY_NATIVE_API name=nvs_blob_size code=0
MEMORY_NATIVE_CHECK name=nvs_blob_size result=PASS
MEMORY_NATIVE_CHECK name=nvs_blob_length result=PASS
MEMORY_NATIVE_API name=nvs_get_blob code=0
MEMORY_NATIVE_CHECK name=nvs_get_blob result=PASS
MEMORY_NATIVE_BYTES name=nvs_committed length=769 fnv32=d6ef8f67 prefix=385a8cb210d2bc6afb4783ff0347fb4f
MEMORY_NATIVE_CHECK name=nvs_committed result=PASS
MEMORY_NATIVE_API name=allocate_pair code=0
MEMORY_NATIVE_CHECK name=allocate_pair result=PASS
MEMORY_NATIVE_API name=tx_id code=0
MEMORY_NATIVE_CHECK name=tx_id result=PASS
MEMORY_NATIVE_API name=rx_id code=0
MEMORY_NATIVE_CHECK name=rx_id result=PASS
MEMORY_NATIVE_CHECK name=sibling_pair result=PASS
MEMORY_NATIVE_API name=free_trigger code=0
MEMORY_NATIVE_CHECK name=free_trigger result=PASS
MEMORY_NATIVE_CHECK name=trigger_available result=PASS
MEMORY_NATIVE_API name=connect_tx code=0
MEMORY_NATIVE_CHECK name=connect_tx result=PASS
MEMORY_NATIVE_API name=connect_rx code=0
MEMORY_NATIVE_CHECK name=connect_rx result=PASS
MEMORY_NATIVE_API name=strategy_tx code=0
MEMORY_NATIVE_CHECK name=strategy_tx result=PASS
MEMORY_NATIVE_API name=strategy_rx code=0
MEMORY_NATIVE_CHECK name=strategy_rx result=PASS
MEMORY_NATIVE_CHECK name=internal_descriptors result=PASS
MEMORY_NATIVE_CHECK name=internal_payloads result=PASS
MEMORY_NATIVE_API name=configure_tx code=0
MEMORY_NATIVE_CHECK name=configure_tx result=PASS
MEMORY_NATIVE_API name=configure_rx code=0
MEMORY_NATIVE_CHECK name=configure_rx result=PASS
MEMORY_NATIVE_API name=rx_alignment code=0
MEMORY_NATIVE_CHECK name=rx_alignment result=PASS
MEMORY_NATIVE_ALIGNMENT burst=16 external=0 internal_alignment=4 external_alignment=2147483648
MEMORY_NATIVE_CHECK name=supported_alignment result=PASS
MEMORY_NATIVE_API name=reset_tx code=0
MEMORY_NATIVE_CHECK name=reset_tx result=PASS
MEMORY_NATIVE_API name=reset_rx code=0
MEMORY_NATIVE_CHECK name=reset_rx result=PASS
MEMORY_NATIVE_API name=start_rx code=0
MEMORY_NATIVE_CHECK name=start_rx result=PASS
MEMORY_NATIVE_API name=start_tx code=0
MEMORY_NATIVE_CHECK name=start_tx result=PASS
MEMORY_NATIVE_DMA name=internal_m2m tx_raw=0000000b rx_raw=00000003 nodes=3
MEMORY_NATIVE_CHECK name=internal_m2m result=PASS
MEMORY_NATIVE_CHECK name=internal_m2m_data result=PASS
MEMORY_NATIVE_BYTES name=internal_m2m_data length=384 fnv32=45ea8f45 prefix=072c51769bc0e50a2f54799ec3e80d32
MEMORY_NATIVE_API name=disconnect_tx code=0
MEMORY_NATIVE_CHECK name=disconnect_tx result=PASS
MEMORY_NATIVE_API name=disconnect_rx code=0
MEMORY_NATIVE_CHECK name=disconnect_rx result=PASS
MEMORY_NATIVE_API name=delete_tx code=0
MEMORY_NATIVE_CHECK name=delete_tx result=PASS
MEMORY_NATIVE_API name=delete_rx code=0
MEMORY_NATIVE_CHECK name=delete_rx result=PASS
MEMORY_NATIVE_DONE profile=internal failures=0 result=PASS
I (4222) main_task: Returned from app_main()
