ESP-ROM:esp32s3-20210327
Build:Mar 27 2021
rst:0x1 (POWERON),boot:0x4 (SPI_FLASH_BOOT)
SPIWP:0xee
mode:DIO, clock div:1
load:0x3fce2820,len:0x14f0
load:0x403c8700,len:0xd24
load:0x403cb700,len:0x2eec
entry 0x403c8924
I (129) boot: ESP-IDF b774170f 2nd stage bootloader
I (133) boot: compile time Oct  8 2026 09:00:45
I (143) boot: Multicore bootloader
I (186) boot: chip revision: v0.0
I (187) boot: efuse block revision: v0.0
I (197) boot.esp32s3: Boot SPI Speed : 80MHz
I (198) boot.esp32s3: SPI Mode       : DIO
I (199) boot.esp32s3: SPI Flash Size : 4MB
I (216) boot: Enabling RNG early entropy source...
I (255) boot: Partition Table:
I (256) boot: ## Label            Usage          Type ST Offset   Length
I (256) boot:  0 nvs              WiFi data        01 02 00009000 00006000
I (270) boot:  1 phy_init         RF data          01 01 0000f000 00001000
I (283) boot:  2 factory          factory app      00 00 00010000 00200000
I (293) boot:  3 mem_raw          unknown          40 00 00210000 00001000
I (310) boot: End of partition table
I (322) esp_image: segment 0: paddr=00010020 vaddr=3c020020 size=0b3b8h ( 46008) map
I (361) esp_image: segment 1: paddr=0001b3e0 vaddr=3fc92c00 size=03234h ( 12852) load
I (377) esp_image: segment 2: paddr=0001e61c vaddr=40374000 size=019fch (  6652) load
I (393) esp_image: segment 3: paddr=00020020 vaddr=42000020 size=1d084h (118916) map
I (437) esp_image: segment 4: paddr=0003d0ac vaddr=403759fc size=0d1dch ( 53724) load
I (465) esp_image: segment 5: paddr=0004a290 vaddr=50000000 size=00020h (    32) load
I (480) boot: Loaded app from partition at offset 0x10000
I (481) boot: Disabling RNG early entropy source...
W (1053) rtcinit: o_code calibration fail

I (567) esp_psram: Found 8MB PSRAM device
I (571) esp_psram: Speed: 40MHz
I (582) cpu_start: Multicore app
I (1006) esp_psram: SPI SRAM memory test OK
I (1033) cpu_start: GPIO 44 and 43 are used as console UART I/O pins
I (1057) cpu_start: Pro cpu start user code
I (1061) cpu_start: cpu freq: 160000000 Hz
I (1073) app_init: Application information:
I (1076) app_init: Project name:     memory_native
I (1077) app_init: App version:      Alpha-25-g8cb306f-dirty
I (1086) app_init: Compile time:     Oct  8 2026 09:00:09
I (1106) app_init: ELF file SHA256:  fce039350...
I (1112) app_init: ESP-IDF:          b774170f
I (1116) efuse_init: Min chip rev:     v0.0
I (1140) efuse_init: Max chip rev:     v0.99 
I (1146) efuse_init: Chip rev:         v0.0
I (1155) heap_init: Initializing. RAM available for dynamic allocation:
I (1169) heap_init: At 3FC96780 len 00052F90 (331 KiB): RAM
I (1182) heap_init: At 3FCE9710 len 00005724 (21 KiB): RAM
I (1196) heap_init: At 3FCF0000 len 00008000 (32 KiB): DRAM
I (1197) heap_init: At 600FE000 len 00001FE8 (7 KiB): RTCRAM
I (1228) esp_psram: Adding pool of 8192K of PSRAM memory to heap allocator
I (1285) spi_flash: detected chip: gd
I (1292) spi_flash: flash io: dio
I (1306) sleep_gpio: Configure to isolate all GPIO pins in sleep state
I (1333) sleep_gpio: Enable automatic switching of GPIO sleep configuration
I (1373) main_task: Started on CPU0
I (1383) main_task: Calling app_main()
MEMORY_NATIVE_BOOT profile=psram idf=b774170f
MEMORY_NATIVE_PSRAM initialized=1 capacity=8388608 id=425d0d mode=quad
MEMORY_NATIVE_CHECK name=psram_initialized result=PASS
MEMORY_NATIVE_CHECK name=psram_capacity_8m result=PASS
MEMORY_NATIVE_CHECK name=psram_real_id result=PASS
MEMORY_NATIVE_CHECK name=flash_partitions_found result=PASS
MEMORY_NATIVE_PARTITION name=app label=factory type=0 subtype=0 address=00010000 size=00200000 encrypted=0
MEMORY_NATIVE_PARTITION name=nvs label=nvs type=1 subtype=2 address=00009000 size=00006000 encrypted=0
MEMORY_NATIVE_PARTITION name=raw label=mem_raw type=64 subtype=0 address=00210000 size=00001000 encrypted=0
MEMORY_NATIVE_CHECK name=flash_partitions_safe result=PASS
MEMORY_NATIVE_API name=flash_size code=0
MEMORY_NATIVE_CHECK name=flash_size result=PASS
MEMORY_NATIVE_CHECK name=flash_size_4m result=PASS
MEMORY_NATIVE_API name=flash_first_header code=0
MEMORY_NATIVE_CHECK name=flash_first_header result=PASS
MEMORY_NATIVE_API name=app_partition_header code=0
MEMORY_NATIVE_CHECK name=app_partition_header result=PASS
MEMORY_NATIVE_API name=app_flash_header code=0
MEMORY_NATIVE_CHECK name=app_flash_header result=PASS
MEMORY_NATIVE_BYTES name=flash_first_header length=32 fnv32=86bd8c03 prefix=e903022f24893c40ee00000009000000
MEMORY_NATIVE_BYTES name=app_first_header length=32 fnv32=fd22bc21 prefix=e906022fb0533740ee00000009000000
MEMORY_NATIVE_CHECK name=flash_headers result=PASS
MEMORY_NATIVE_API name=nvs_init code=0
MEMORY_NATIVE_CHECK name=nvs_init result=PASS
MEMORY_NATIVE_API name=nvs_open code=0
MEMORY_NATIVE_CHECK name=nvs_open result=PASS
MEMORY_NATIVE_CHECK name=nvs_fresh result=PASS
MEMORY_NATIVE_API name=raw_partition_read code=0
MEMORY_NATIVE_CHECK name=raw_partition_read result=PASS
MEMORY_NATIVE_API name=raw_flash_read code=0
MEMORY_NATIVE_CHECK name=raw_flash_read result=PASS
MEMORY_NATIVE_BYTES name=raw_fresh length=769 fnv32=3546874e prefix=ffffffffffffffffffffffffffffffff
MEMORY_NATIVE_CHECK name=raw_fresh result=PASS
MEMORY_NATIVE_PERSIST previous=0 next=1 length=769 raw_offset=37
MEMORY_NATIVE_API name=raw_erase code=0
MEMORY_NATIVE_CHECK name=raw_erase result=PASS
MEMORY_NATIVE_API name=raw_write code=0
MEMORY_NATIVE_CHECK name=raw_write result=PASS
MEMORY_NATIVE_API name=raw_partition_read code=0
MEMORY_NATIVE_CHECK name=raw_partition_read result=PASS
MEMORY_NATIVE_API name=raw_flash_read code=0
MEMORY_NATIVE_CHECK name=raw_flash_read result=PASS
MEMORY_NATIVE_BYTES name=raw_committed length=769 fnv32=14c92655 prefix=92cc7ad88a7c02c065e93955953111d5
MEMORY_NATIVE_CHECK name=raw_committed result=PASS
MEMORY_NATIVE_API name=nvs_set_blob code=0
MEMORY_NATIVE_CHECK name=nvs_set_blob result=PASS
MEMORY_NATIVE_API name=nvs_set_phase code=0
MEMORY_NATIVE_CHECK name=nvs_set_phase result=PASS
MEMORY_NATIVE_API name=nvs_commit code=0
MEMORY_NATIVE_CHECK name=nvs_commit result=PASS
MEMORY_NATIVE_API name=nvs_reopen code=0
MEMORY_NATIVE_CHECK name=nvs_reopen result=PASS
MEMORY_NATIVE_API name=nvs_get_phase code=0
MEMORY_NATIVE_CHECK name=nvs_get_phase result=PASS
MEMORY_NATIVE_API name=nvs_blob_size code=0
MEMORY_NATIVE_CHECK name=nvs_blob_size result=PASS
MEMORY_NATIVE_CHECK name=nvs_blob_length result=PASS
MEMORY_NATIVE_API name=nvs_get_blob code=0
MEMORY_NATIVE_CHECK name=nvs_get_blob result=PASS
MEMORY_NATIVE_BYTES name=nvs_committed length=769 fnv32=14c92655 prefix=92cc7ad88a7c02c065e93955953111d5
MEMORY_NATIVE_CHECK name=nvs_committed result=PASS
MEMORY_NATIVE_API name=allocate_tx code=0
MEMORY_NATIVE_CHECK name=allocate_tx result=PASS
MEMORY_NATIVE_API name=allocate_rx code=0
MEMORY_NATIVE_CHECK name=allocate_rx result=PASS
MEMORY_NATIVE_API name=tx_id code=0
MEMORY_NATIVE_CHECK name=tx_id result=PASS
MEMORY_NATIVE_API name=rx_id code=0
MEMORY_NATIVE_CHECK name=rx_id result=PASS
MEMORY_NATIVE_CHECK name=sibling_pair result=PASS
MEMORY_NATIVE_API name=free_trigger code=0
MEMORY_NATIVE_CHECK name=free_trigger result=PASS
MEMORY_NATIVE_CHECK name=trigger_available result=PASS
MEMORY_NATIVE_API name=connect_tx code=0
MEMORY_NATIVE_CHECK name=connect_tx result=PASS
MEMORY_NATIVE_API name=connect_rx code=0
MEMORY_NATIVE_CHECK name=connect_rx result=PASS
MEMORY_NATIVE_API name=strategy_tx code=0
MEMORY_NATIVE_CHECK name=strategy_tx result=PASS
MEMORY_NATIVE_API name=strategy_rx code=0
MEMORY_NATIVE_CHECK name=strategy_rx result=PASS
MEMORY_NATIVE_CHECK name=internal_descriptors result=PASS
MEMORY_NATIVE_CHECK name=internal_payloads result=PASS
MEMORY_NATIVE_API name=configure_tx code=0
MEMORY_NATIVE_CHECK name=configure_tx result=PASS
MEMORY_NATIVE_API name=configure_rx code=0
MEMORY_NATIVE_CHECK name=configure_rx result=PASS
MEMORY_NATIVE_API name=rx_alignment code=0
MEMORY_NATIVE_CHECK name=rx_alignment result=PASS
MEMORY_NATIVE_ALIGNMENT burst=16 external=0 internal_alignment=4 external_alignment=2147483648
MEMORY_NATIVE_CHECK name=supported_alignment result=PASS
MEMORY_NATIVE_API name=reset_tx code=0
MEMORY_NATIVE_CHECK name=reset_tx result=PASS
MEMORY_NATIVE_API name=reset_rx code=0
MEMORY_NATIVE_CHECK name=reset_rx result=PASS
MEMORY_NATIVE_API name=start_rx code=0
MEMORY_NATIVE_CHECK name=start_rx result=PASS
MEMORY_NATIVE_API name=start_tx code=0
MEMORY_NATIVE_CHECK name=start_tx result=PASS
MEMORY_NATIVE_DMA name=internal_m2m tx_raw=0000000b rx_raw=00000003 nodes=3
MEMORY_NATIVE_CHECK name=internal_m2m result=PASS
MEMORY_NATIVE_CHECK name=internal_m2m_data result=PASS
MEMORY_NATIVE_BYTES name=internal_m2m_data length=384 fnv32=45ea8f45 prefix=072c51769bc0e50a2f54799ec3e80d32
MEMORY_NATIVE_CHECK name=external_payloads result=PASS
MEMORY_NATIVE_ALLOC src=0x3c0309c0 dst=0x3c030bc0 out_desc=0x3fcea140 in_desc=0x3fcea190
MEMORY_NATIVE_API name=configure_tx code=0
MEMORY_NATIVE_CHECK name=configure_tx result=PASS
MEMORY_NATIVE_API name=configure_rx code=0
MEMORY_NATIVE_CHECK name=configure_rx result=PASS
MEMORY_NATIVE_API name=rx_alignment code=0
MEMORY_NATIVE_CHECK name=rx_alignment result=PASS
MEMORY_NATIVE_ALIGNMENT burst=32 external=1 internal_alignment=4 external_alignment=32
MEMORY_NATIVE_CHECK name=supported_alignment result=PASS
MEMORY_NATIVE_API name=msync_c2m code=0
MEMORY_NATIVE_CHECK name=msync_c2m result=PASS
MEMORY_NATIVE_API name=reset_tx code=0
MEMORY_NATIVE_CHECK name=reset_tx result=PASS
MEMORY_NATIVE_API name=reset_rx code=0
MEMORY_NATIVE_CHECK name=reset_rx result=PASS
MEMORY_NATIVE_API name=start_rx code=0
MEMORY_NATIVE_CHECK name=start_rx result=PASS
MEMORY_NATIVE_API name=start_tx code=0
MEMORY_NATIVE_CHECK name=start_tx result=PASS
MEMORY_NATIVE_DMA name=dirty_c2m_before tx_raw=0000000b rx_raw=00000003 nodes=3
MEMORY_NATIVE_CHECK name=dirty_c2m_before result=PASS
MEMORY_NATIVE_CHECK name=dirty_cpu_new result=PASS
MEMORY_NATIVE_CHECK name=dirty_dma_old result=PASS
MEMORY_NATIVE_BYTES name=dirty_dma_old length=384 fnv32=f68c3045 prefix=0b30557a9fc4e90e33587da2c7ec1136
MEMORY_NATIVE_API name=msync_c2m code=0
MEMORY_NATIVE_CHECK name=msync_c2m result=PASS
MEMORY_NATIVE_API name=reset_tx code=0
MEMORY_NATIVE_CHECK name=reset_tx result=PASS
MEMORY_NATIVE_API name=reset_rx code=0
MEMORY_NATIVE_CHECK name=reset_rx result=PASS
MEMORY_NATIVE_API name=start_rx code=0
MEMORY_NATIVE_CHECK name=start_rx result=PASS
MEMORY_NATIVE_API name=start_tx code=0
MEMORY_NATIVE_CHECK name=start_tx result=PASS
MEMORY_NATIVE_DMA name=dirty_c2m_after tx_raw=0000000b rx_raw=00000003 nodes=3
MEMORY_NATIVE_CHECK name=dirty_c2m_after result=PASS
MEMORY_NATIVE_CHECK name=writeback_dma_new result=PASS
MEMORY_NATIVE_BYTES name=writeback_dma_new length=384 fnv32=8efba245 prefix=476c91b6db00254a6f94b9de03284d72
MEMORY_NATIVE_API name=msync_c2m code=0
MEMORY_NATIVE_CHECK name=msync_c2m result=PASS
MEMORY_NATIVE_CHECK name=prime_rx_cache result=PASS
MEMORY_NATIVE_API name=reset_tx code=0
MEMORY_NATIVE_CHECK name=reset_tx result=PASS
MEMORY_NATIVE_API name=reset_rx code=0
MEMORY_NATIVE_CHECK name=reset_rx result=PASS
MEMORY_NATIVE_API name=start_rx code=0
MEMORY_NATIVE_CHECK name=start_rx result=PASS
MEMORY_NATIVE_API name=start_tx code=0
MEMORY_NATIVE_CHECK name=start_tx result=PASS
MEMORY_NATIVE_DMA name=stale_m2c_before tx_raw=0000000b rx_raw=00000003 nodes=3
MEMORY_NATIVE_CHECK name=stale_m2c_before result=PASS
MEMORY_NATIVE_CHECK name=stale_cpu_old result=PASS
MEMORY_NATIVE_API name=reset_tx code=0
MEMORY_NATIVE_CHECK name=reset_tx result=PASS
MEMORY_NATIVE_API name=reset_rx code=0
MEMORY_NATIVE_CHECK name=reset_rx result=PASS
MEMORY_NATIVE_API name=start_rx code=0
MEMORY_NATIVE_CHECK name=start_rx result=PASS
MEMORY_NATIVE_API name=start_tx code=0
MEMORY_NATIVE_CHECK name=start_tx result=PASS
MEMORY_NATIVE_DMA name=physical_rx_new tx_raw=0000000b rx_raw=00000003 nodes=3
MEMORY_NATIVE_CHECK name=physical_rx_new result=PASS
MEMORY_NATIVE_CHECK name=physical_dma_new result=PASS
MEMORY_NATIVE_BYTES name=physical_dma_new length=384 fnv32=cc780f45 prefix=6186abd0f51a3f6489aed3f81d42678c
MEMORY_NATIVE_API name=msync_m2c code=0
MEMORY_NATIVE_CHECK name=msync_m2c result=PASS
MEMORY_NATIVE_CHECK name=invalidate_cpu_new result=PASS
MEMORY_NATIVE_BYTES name=invalidate_cpu_new length=384 fnv32=cc780f45 prefix=6186abd0f51a3f6489aed3f81d42678c
MEMORY_NATIVE_API name=configure_tx code=0
MEMORY_NATIVE_CHECK name=configure_tx result=PASS
MEMORY_NATIVE_API name=configure_rx code=0
MEMORY_NATIVE_CHECK name=configure_rx result=PASS
MEMORY_NATIVE_API name=rx_alignment code=0
MEMORY_NATIVE_CHECK name=rx_alignment result=PASS
MEMORY_NATIVE_ALIGNMENT burst=16 external=1 internal_alignment=4 external_alignment=16
MEMORY_NATIVE_CHECK name=supported_alignment result=PASS
MEMORY_NATIVE_API name=msync_c2m code=0
MEMORY_NATIVE_CHECK name=msync_c2m result=PASS
MEMORY_NATIVE_API name=msync_c2m code=0
MEMORY_NATIVE_CHECK name=msync_c2m result=PASS
MEMORY_NATIVE_API name=reset_tx code=0
MEMORY_NATIVE_CHECK name=reset_tx result=PASS
MEMORY_NATIVE_API name=reset_rx code=0
MEMORY_NATIVE_CHECK name=reset_rx result=PASS
MEMORY_NATIVE_API name=start_rx code=0
MEMORY_NATIVE_CHECK name=start_rx result=PASS
MEMORY_NATIVE_API name=start_tx code=0
MEMORY_NATIVE_CHECK name=start_tx result=PASS
MEMORY_NATIVE_DMA name=ext_to_ext_burst16 tx_raw=0000000b rx_raw=00000003 nodes=3
MEMORY_NATIVE_CHECK name=ext_to_ext_burst16 result=PASS
MEMORY_NATIVE_API name=msync_m2c code=0
MEMORY_NATIVE_CHECK name=msync_m2c result=PASS
MEMORY_NATIVE_CHECK name=ext_to_ext_burst16 result=PASS
MEMORY_NATIVE_BYTES name=ext_to_ext_burst16 length=384 fnv32=522d7c45 prefix=13385d82a7ccf1163b6085aacff4193e
MEMORY_NATIVE_API name=reset_tx code=0
MEMORY_NATIVE_CHECK name=reset_tx result=PASS
MEMORY_NATIVE_API name=reset_rx code=0
MEMORY_NATIVE_CHECK name=reset_rx result=PASS
MEMORY_NATIVE_API name=start_rx code=0
MEMORY_NATIVE_CHECK name=start_rx result=PASS
MEMORY_NATIVE_API name=start_tx code=0
MEMORY_NATIVE_CHECK name=start_tx result=PASS
MEMORY_NATIVE_DMA name=int_to_ext_burst16 tx_raw=0000000b rx_raw=00000003 nodes=3
MEMORY_NATIVE_CHECK name=int_to_ext_burst16 result=PASS
MEMORY_NATIVE_API name=msync_m2c code=0
MEMORY_NATIVE_CHECK name=msync_m2c result=PASS
MEMORY_NATIVE_CHECK name=int_to_ext_burst16 result=PASS
MEMORY_NATIVE_BYTES name=int_to_ext_burst16 length=384 fnv32=d6139845 prefix=89aed3f81d42678cb1d6fb20456a8fb4
MEMORY_NATIVE_API name=reset_tx code=0
MEMORY_NATIVE_CHECK name=reset_tx result=PASS
MEMORY_NATIVE_API name=reset_rx code=0
MEMORY_NATIVE_CHECK name=reset_rx result=PASS
MEMORY_NATIVE_API name=start_rx code=0
MEMORY_NATIVE_CHECK name=start_rx result=PASS
MEMORY_NATIVE_API name=start_tx code=0
MEMORY_NATIVE_CHECK name=start_tx result=PASS
MEMORY_NATIVE_DMA name=ext_to_int_burst16 tx_raw=0000000b rx_raw=00000003 nodes=3
MEMORY_NATIVE_CHECK name=ext_to_int_burst16 result=PASS
MEMORY_NATIVE_CHECK name=ext_to_int_burst16 result=PASS
MEMORY_NATIVE_BYTES name=ext_to_int_burst16 length=384 fnv32=d6139845 prefix=89aed3f81d42678cb1d6fb20456a8fb4
MEMORY_NATIVE_API name=reset_tx code=0
MEMORY_NATIVE_CHECK name=reset_tx result=PASS
MEMORY_NATIVE_API name=reset_rx code=0
MEMORY_NATIVE_CHECK name=reset_rx result=PASS
MEMORY_NATIVE_API name=start_rx code=0
MEMORY_NATIVE_CHECK name=start_rx result=PASS
MEMORY_NATIVE_API name=start_tx code=0
MEMORY_NATIVE_CHECK name=start_tx result=PASS
MEMORY_NATIVE_DMA name=misaligned_rx_burst16 tx_raw=00000000 rx_raw=00000008 nodes=3
MEMORY_NATIVE_CHECK name=misaligned_rx_burst16 result=PASS
MEMORY_NATIVE_API name=msync_m2c code=0
MEMORY_NATIVE_CHECK name=msync_m2c result=PASS
MEMORY_NATIVE_API name=configure_tx code=0
MEMORY_NATIVE_CHECK name=configure_tx result=PASS
MEMORY_NATIVE_API name=configure_rx code=0
MEMORY_NATIVE_CHECK name=configure_rx result=PASS
MEMORY_NATIVE_API name=rx_alignment code=0
MEMORY_NATIVE_CHECK name=rx_alignment result=PASS
MEMORY_NATIVE_ALIGNMENT burst=32 external=1 internal_alignment=4 external_alignment=32
MEMORY_NATIVE_CHECK name=supported_alignment result=PASS
MEMORY_NATIVE_API name=msync_c2m code=0
MEMORY_NATIVE_CHECK name=msync_c2m result=PASS
MEMORY_NATIVE_API name=msync_c2m code=0
MEMORY_NATIVE_CHECK name=msync_c2m result=PASS
MEMORY_NATIVE_API name=reset_tx code=0
MEMORY_NATIVE_CHECK name=reset_tx result=PASS
MEMORY_NATIVE_API name=reset_rx code=0
MEMORY_NATIVE_CHECK name=reset_rx result=PASS
MEMORY_NATIVE_API name=start_rx code=0
MEMORY_NATIVE_CHECK name=start_rx result=PASS
MEMORY_NATIVE_API name=start_tx code=0
MEMORY_NATIVE_CHECK name=start_tx result=PASS
MEMORY_NATIVE_DMA name=ext_to_ext_burst32 tx_raw=0000000b rx_raw=00000003 nodes=3
MEMORY_NATIVE_CHECK name=ext_to_ext_burst32 result=PASS
MEMORY_NATIVE_API name=msync_m2c code=0
MEMORY_NATIVE_CHECK name=msync_m2c result=PASS
MEMORY_NATIVE_CHECK name=ext_to_ext_burst32 result=PASS
MEMORY_NATIVE_BYTES name=ext_to_ext_burst32 length=384 fnv32=9af4f845 prefix=23486d92b7dc01264b7095badf04294e
MEMORY_NATIVE_API name=reset_tx code=0
MEMORY_NATIVE_CHECK name=reset_tx result=PASS
MEMORY_NATIVE_API name=reset_rx code=0
MEMORY_NATIVE_CHECK name=reset_rx result=PASS
MEMORY_NATIVE_API name=start_rx code=0
MEMORY_NATIVE_CHECK name=start_rx result=PASS
MEMORY_NATIVE_API name=start_tx code=0
MEMORY_NATIVE_CHECK name=start_tx result=PASS
MEMORY_NATIVE_DMA name=int_to_ext_burst32 tx_raw=0000000b rx_raw=00000003 nodes=3
MEMORY_NATIVE_CHECK name=int_to_ext_burst32 result=PASS
MEMORY_NATIVE_API name=msync_m2c code=0
MEMORY_NATIVE_CHECK name=msync_m2c result=PASS
MEMORY_NATIVE_CHECK name=int_to_ext_burst32 result=PASS
MEMORY_NATIVE_BYTES name=int_to_ext_burst32 length=384 fnv32=3f635045 prefix=99bee3082d52779cc1e60b30557a9fc4
MEMORY_NATIVE_API name=reset_tx code=0
MEMORY_NATIVE_CHECK name=reset_tx result=PASS
MEMORY_NATIVE_API name=reset_rx code=0
MEMORY_NATIVE_CHECK name=reset_rx result=PASS
MEMORY_NATIVE_API name=start_rx code=0
MEMORY_NATIVE_CHECK name=start_rx result=PASS
MEMORY_NATIVE_API name=start_tx code=0
MEMORY_NATIVE_CHECK name=start_tx result=PASS
MEMORY_NATIVE_DMA name=ext_to_int_burst32 tx_raw=0000000b rx_raw=00000003 nodes=3
MEMORY_NATIVE_CHECK name=ext_to_int_burst32 result=PASS
MEMORY_NATIVE_CHECK name=ext_to_int_burst32 result=PASS
MEMORY_NATIVE_BYTES name=ext_to_int_burst32 length=384 fnv32=3f635045 prefix=99bee3082d52779cc1e60b30557a9fc4
MEMORY_NATIVE_API name=reset_tx code=0
MEMORY_NATIVE_CHECK name=reset_tx result=PASS
MEMORY_NATIVE_API name=reset_rx code=0
MEMORY_NATIVE_CHECK name=reset_rx result=PASS
MEMORY_NATIVE_API name=start_rx code=0
MEMORY_NATIVE_CHECK name=start_rx result=PASS
MEMORY_NATIVE_API name=start_tx code=0
MEMORY_NATIVE_CHECK name=start_tx result=PASS
MEMORY_NATIVE_DMA name=misaligned_rx_burst32 tx_raw=00000000 rx_raw=00000008 nodes=3
MEMORY_NATIVE_CHECK name=misaligned_rx_burst32 result=PASS
MEMORY_NATIVE_API name=msync_m2c code=0
MEMORY_NATIVE_CHECK name=msync_m2c result=PASS
MEMORY_NATIVE_API name=configure_tx code=0
MEMORY_NATIVE_CHECK name=configure_tx result=PASS
MEMORY_NATIVE_API name=configure_rx code=0
MEMORY_NATIVE_CHECK name=configure_rx result=PASS
MEMORY_NATIVE_API name=rx_alignment code=0
MEMORY_NATIVE_CHECK name=rx_alignment result=PASS
MEMORY_NATIVE_ALIGNMENT burst=64 external=1 internal_alignment=4 external_alignment=64
MEMORY_NATIVE_CHECK name=supported_alignment result=PASS
MEMORY_NATIVE_API name=msync_c2m code=0
MEMORY_NATIVE_CHECK name=msync_c2m result=PASS
MEMORY_NATIVE_API name=msync_c2m code=0
MEMORY_NATIVE_CHECK name=msync_c2m result=PASS
MEMORY_NATIVE_API name=reset_tx code=0
MEMORY_NATIVE_CHECK name=reset_tx result=PASS
MEMORY_NATIVE_API name=reset_rx code=0
MEMORY_NATIVE_CHECK name=reset_rx result=PASS
MEMORY_NATIVE_API name=start_rx code=0
MEMORY_NATIVE_CHECK name=start_rx result=PASS
MEMORY_NATIVE_API name=start_tx code=0
MEMORY_NATIVE_CHECK name=start_tx result=PASS
MEMORY_NATIVE_DMA name=ext_to_ext_burst64 tx_raw=0000000b rx_raw=00000003 nodes=3
MEMORY_NATIVE_CHECK name=ext_to_ext_burst64 result=PASS
MEMORY_NATIVE_API name=msync_m2c code=0
MEMORY_NATIVE_CHECK name=msync_m2c result=PASS
MEMORY_NATIVE_CHECK name=ext_to_ext_burst64 result=PASS
MEMORY_NATIVE_BYTES name=ext_to_ext_burst64 length=384 fnv32=6a3f8e45 prefix=43688db2d7fc21466b90b5daff24496e
MEMORY_NATIVE_API name=reset_tx code=0
MEMORY_NATIVE_CHECK name=reset_tx result=PASS
MEMORY_NATIVE_API name=reset_rx code=0
MEMORY_NATIVE_CHECK name=reset_rx result=PASS
MEMORY_NATIVE_API name=start_rx code=0
MEMORY_NATIVE_CHECK name=start_rx result=PASS
MEMORY_NATIVE_API name=start_tx code=0
MEMORY_NATIVE_CHECK name=start_tx result=PASS
MEMORY_NATIVE_DMA name=int_to_ext_burst64 tx_raw=0000000b rx_raw=00000003 nodes=3
MEMORY_NATIVE_CHECK name=int_to_ext_burst64 result=PASS
MEMORY_NATIVE_API name=msync_m2c code=0
MEMORY_NATIVE_CHECK name=msync_m2c result=PASS
MEMORY_NATIVE_CHECK name=int_to_ext_burst64 result=PASS
MEMORY_NATIVE_BYTES name=int_to_ext_burst64 length=384 fnv32=0a1e2b45 prefix=b9de03284d7297bce1062b50759abfe4
MEMORY_NATIVE_API name=reset_tx code=0
MEMORY_NATIVE_CHECK name=reset_tx result=PASS
MEMORY_NATIVE_API name=reset_rx code=0
MEMORY_NATIVE_CHECK name=reset_rx result=PASS
MEMORY_NATIVE_API name=start_rx code=0
MEMORY_NATIVE_CHECK name=start_rx result=PASS
MEMORY_NATIVE_API name=start_tx code=0
MEMORY_NATIVE_CHECK name=start_tx result=PASS
MEMORY_NATIVE_DMA name=ext_to_int_burst64 tx_raw=0000000b rx_raw=00000003 nodes=3
MEMORY_NATIVE_CHECK name=ext_to_int_burst64 result=PASS
MEMORY_NATIVE_CHECK name=ext_to_int_burst64 result=PASS
MEMORY_NATIVE_BYTES name=ext_to_int_burst64 length=384 fnv32=0a1e2b45 prefix=b9de03284d7297bce1062b50759abfe4
MEMORY_NATIVE_API name=reset_tx code=0
MEMORY_NATIVE_CHECK name=reset_tx result=PASS
MEMORY_NATIVE_API name=reset_rx code=0
MEMORY_NATIVE_CHECK name=reset_rx result=PASS
MEMORY_NATIVE_API name=start_rx code=0
MEMORY_NATIVE_CHECK name=start_rx result=PASS
MEMORY_NATIVE_API name=start_tx code=0
MEMORY_NATIVE_CHECK name=start_tx result=PASS
MEMORY_NATIVE_DMA name=misaligned_rx_burst64 tx_raw=00000000 rx_raw=00000008 nodes=3
MEMORY_NATIVE_CHECK name=misaligned_rx_burst64 result=PASS
MEMORY_NATIVE_API name=msync_m2c code=0
MEMORY_NATIVE_CHECK name=msync_m2c result=PASS
MEMORY_NATIVE_CHECK name=boundary_allocation result=PASS
MEMORY_NATIVE_API name=msync_c2m code=0
MEMORY_NATIVE_CHECK name=msync_c2m result=PASS
MEMORY_NATIVE_API name=reset_tx code=0
MEMORY_NATIVE_CHECK name=reset_tx result=PASS
MEMORY_NATIVE_API name=reset_rx code=0
MEMORY_NATIVE_CHECK name=reset_rx result=PASS
MEMORY_NATIVE_API name=start_rx code=0
MEMORY_NATIVE_CHECK name=start_rx result=PASS
MEMORY_NATIVE_API name=start_tx code=0
MEMORY_NATIVE_CHECK name=start_tx result=PASS
MEMORY_NATIVE_DMA name=mmu_page_crossing tx_raw=0000000b rx_raw=00000003 nodes=3
MEMORY_NATIVE_CHECK name=mmu_page_crossing result=PASS
MEMORY_NATIVE_CHECK name=mmu_page_crossing_data result=PASS
MEMORY_NATIVE_BYTES name=mmu_page_crossing_data length=384 fnv32=3f635045 prefix=99bee3082d52779cc1e60b30557a9fc4
E (5353) mmap: esp_mmu_vaddr_to_paddr(812): vaddr isn't mapped
MEMORY_NATIVE_UNMAPPED address=0x3c830000 entry_invalid=1 translate_code=261
MEMORY_NATIVE_CHECK name=unmapped_confirmed result=PASS
MEMORY_NATIVE_API name=reset_tx code=0
MEMORY_NATIVE_CHECK name=reset_tx result=PASS
MEMORY_NATIVE_API name=reset_rx code=0
MEMORY_NATIVE_CHECK name=reset_rx result=PASS
MEMORY_NATIVE_API name=start_rx code=0
MEMORY_NATIVE_CHECK name=start_rx result=PASS
MEMORY_NATIVE_API name=start_tx code=0
MEMORY_NATIVE_CHECK name=start_tx result=PASS
MEMORY_NATIVE_DMA name=unbacked_tx_dscr_err tx_raw=00000004 rx_raw=00000000 nodes=3
MEMORY_NATIVE_CHECK name=unbacked_tx_dscr_err result=PASS
MEMORY_NATIVE_API name=reset_tx code=0
MEMORY_NATIVE_CHECK name=reset_tx result=PASS
MEMORY_NATIVE_API name=reset_rx code=0
MEMORY_NATIVE_CHECK name=reset_rx result=PASS
MEMORY_NATIVE_API name=start_rx code=0
MEMORY_NATIVE_CHECK name=start_rx result=PASS
MEMORY_NATIVE_API name=start_tx code=0
MEMORY_NATIVE_CHECK name=start_tx result=PASS
MEMORY_NATIVE_DMA name=unbacked_rx_dscr_err tx_raw=00000000 rx_raw=00000008 nodes=3
MEMORY_NATIVE_CHECK name=unbacked_rx_dscr_err result=PASS
MEMORY_NATIVE_SCOPE mmu_remap=qtest capacity_end=qtest psram_reset_persistence=qtest cpu_unmapped=not_qualified gdma_unmapped=qualified_if_pass octal=unsupported
MEMORY_NATIVE_API name=disconnect_tx code=0
MEMORY_NATIVE_CHECK name=disconnect_tx result=PASS
MEMORY_NATIVE_API name=disconnect_rx code=0
MEMORY_NATIVE_CHECK name=disconnect_rx result=PASS
MEMORY_NATIVE_API name=delete_tx code=0
MEMORY_NATIVE_CHECK name=delete_tx result=PASS
MEMORY_NATIVE_API name=delete_rx code=0
MEMORY_NATIVE_CHECK name=delete_rx result=PASS
MEMORY_NATIVE_DONE profile=psram failures=0 result=PASS
I (5623) main_task: Returned from app_mai