TAP version 13
# random seed: R02S33298b41993c1b3f2e4211b608f07030
1..38
# Start of xtensa tests
# Start of esp32s3 tests
# Start of i2c tests
# starting QEMU: exec /home/polar/.cache/esp32s3vm/qemu-uart-40edccac4156-3cc39bfdc7bd3515/build-wsl/qemu-system-xtensa -qtest unix:/tmp/qtest-2253904.sock -qtest-log /dev/null -chardev socket,path=/tmp/qtest-2253904.qmp,id=char0 -mon chardev=char0,mode=control -display none -audio none -machine esp32s3 -S -L pc-bios -global driver=esp32s3.gpio,property=strap_mode,value=0x00 -accel qtest
# starting QEMU: exec /home/polar/.cache/esp32s3vm/qemu-uart-40edccac4156-3cc39bfdc7bd3515/build-wsl/qemu-system-xtensa -qtest unix:/tmp/qtest-2253904.sock -qtest-log /dev/null -chardev socket,path=/tmp/qtest-2253904.qmp,id=char0 -mon chardev=char0,mode=control -display none -audio none -machine esp32s3 -S -L pc-bios -global driver=esp32s3.gpio,property=strap_mode,value=0x00 -accel qtest
ok 1 /xtensa/esp32s3/i2c/both-masters-timing-irq
# slow test /xtensa/esp32s3/i2c/both-masters-timing-irq executed in 0.77 secs
# starting QEMU: exec /home/polar/.cache/esp32s3vm/qemu-uart-40edccac4156-3cc39bfdc7bd3515/build-wsl/qemu-system-xtensa -qtest unix:/tmp/qtest-2253904.sock -qtest-log /dev/null -chardev socket,path=/tmp/qtest-2253904.qmp,id=char0 -mon chardev=char0,mode=control -display none -audio none -machine esp32s3 -S -L pc-bios -global driver=esp32s3.gpio,property=strap_mode,value=0x00 -accel qtest
ok 2 /xtensa/esp32s3/i2c/eeprom-stop-restart-persistent-commit
# starting QEMU: exec /home/polar/.cache/esp32s3vm/qemu-uart-40edccac4156-3cc39bfdc7bd3515/build-wsl/qemu-system-xtensa -qtest unix:/tmp/qtest-2253904.sock -qtest-log /dev/null -chardev socket,path=/tmp/qtest-2253904.qmp,id=char0 -mon chardev=char0,mode=control -display none -audio none -machine esp32s3 -S -L pc-bios -global driver=esp32s3.gpio,property=strap_mode,value=0x00 -accel qtest
ok 3 /xtensa/esp32s3/i2c/end-refill-drain-over32
# starting QEMU: exec /home/polar/.cache/esp32s3vm/qemu-uart-40edccac4156-3cc39bfdc7bd3515/build-wsl/qemu-system-xtensa -qtest unix:/tmp/qtest-2253904.sock -qtest-log /dev/null -chardev socket,path=/tmp/qtest-2253904.qmp,id=char0 -mon chardev=char0,mode=control -display none -audio none -machine esp32s3 -S -L pc-bios -global driver=esp32s3.gpio,property=strap_mode,value=0x00 -accel qtest
ok 4 /xtensa/esp32s3/i2c/command-bounds-fifo-errors
# starting QEMU: exec /home/polar/.cache/esp32s3vm/qemu-uart-40edccac4156-3cc39bfdc7bd3515/build-wsl/qemu-system-xtensa -qtest unix:/tmp/qtest-2253904.sock -qtest-log /dev/null -chardev socket,path=/tmp/qtest-2253904.qmp,id=char0 -mon chardev=char0,mode=control -display none -audio none -machine esp32s3 -S -L pc-bios -global driver=esp32s3.gpio,property=strap_mode,value=0x00 -accel qtest
ok 5 /xtensa/esp32s3/i2c/address-data-nack-no-stale
# starting QEMU: exec /home/polar/.cache/esp32s3vm/qemu-uart-40edccac4156-3cc39bfdc7bd3515/build-wsl/qemu-system-xtensa -qtest unix:/tmp/qtest-2253904.sock -qtest-log /dev/null -chardev socket,path=/tmp/qtest-2253904.qmp,id=char0 -mon chardev=char0,mode=control -display none -audio none -machine esp32s3 -S -L pc-bios -global driver=esp32s3.gpio,property=strap_mode,value=0x00 -accel qtest
# starting QEMU: exec /home/polar/.cache/esp32s3vm/qemu-uart-40edccac4156-3cc39bfdc7bd3515/build-wsl/qemu-system-xtensa -qtest unix:/tmp/qtest-2253904.sock -qtest-log /dev/null -chardev socket,path=/tmp/qtest-2253904.qmp,id=char0 -mon chardev=char0,mode=control -display none -audio none -machine esp32s3 -S -L pc-bios -global driver=esp32s3.gpio,property=strap_mode,value=0x00 -accel qtest
ok 6 /xtensa/esp32s3/i2c/clock-gate-reset-cancel
# slow test /xtensa/esp32s3/i2c/clock-gate-reset-cancel executed in 1.10 secs
# starting QEMU: exec /home/polar/.cache/esp32s3vm/qemu-uart-40edccac4156-3cc39bfdc7bd3515/build-wsl/qemu-system-xtensa -qtest unix:/tmp/qtest-2253904.sock -qtest-log /dev/null -chardev socket,path=/tmp/qtest-2253904.qmp,id=char0 -mon chardev=char0,mode=control -display none -audio none -machine esp32s3 -S -L pc-bios -global driver=esp32s3.gpio,property=strap_mode,value=0x00 -accel qtest
# starting QEMU: exec /home/polar/.cache/esp32s3vm/qemu-uart-40edccac4156-3cc39bfdc7bd3515/build-wsl/qemu-system-xtensa -qtest unix:/tmp/qtest-2253904.sock -qtest-log /dev/null -chardev socket,path=/tmp/qtest-2253904.qmp,id=char0 -mon chardev=char0,mode=control -display none -audio none -machine esp32s3 -S -L pc-bios -global driver=esp32s3.gpio,property=strap_mode,value=0x00 -accel qtest
# starting QEMU: exec /home/polar/.cache/esp32s3vm/qemu-uart-40edccac4156-3cc39bfdc7bd3515/build-wsl/qemu-system-xtensa -qtest unix:/tmp/qtest-2253904.sock -qtest-log /dev/null -chardev socket,path=/tmp/qtest-2253904.qmp,id=char0 -mon chardev=char0,mode=control -display none -audio none -machine esp32s3 -S -L pc-bios -global driver=esp32s3.gpio,property=strap_mode,value=0x00 -accel qtest
# starting QEMU: exec /home/polar/.cache/esp32s3vm/qemu-uart-40edccac4156-3cc39bfdc7bd3515/build-wsl/qemu-system-xtensa -qtest unix:/tmp/qtest-2253904.sock -qtest-log /dev/null -chardev socket,path=/tmp/qtest-2253904.qmp,id=char0 -mon chardev=char0,mode=control -display none -audio none -machine esp32s3 -S -L pc-bios -global driver=esp32s3.gpio,property=strap_mode,value=0x00 -accel qtest
# starting QEMU: exec /home/polar/.cache/esp32s3vm/qemu-uart-40edccac4156-3cc39bfdc7bd3515/build-wsl/qemu-system-xtensa -qtest unix:/tmp/qtest-2253904.sock -qtest-log /dev/null -chardev socket,path=/tmp/qtest-2253904.qmp,id=char0 -mon chardev=char0,mode=control -display none -audio none -machine esp32s3 -S -L pc-bios -global driver=esp32s3.gpio,property=strap_mode,value=0x00 -accel qtest
# starting QEMU: exec /home/polar/.cache/esp32s3vm/qemu-uart-40edccac4156-3cc39bfdc7bd3515/build-wsl/qemu-system-xtensa -qtest unix:/tmp/qtest-2253904.sock -qtest-log /dev/null -chardev socket,path=/tmp/qtest-2253904.qmp,id=char0 -mon chardev=char0,mode=control -display none -audio none -machine esp32s3 -S -L pc-bios -global driver=esp32s3.gpio,property=strap_mode,value=0x00 -accel qtest
# starting QEMU: exec /home/polar/.cache/esp32s3vm/qemu-uart-40edccac4156-3cc39bfdc7bd3515/build-wsl/qemu-system-xtensa -qtest unix:/tmp/qtest-2253904.sock -qtest-log /dev/null -chardev socket,path=/tmp/qtest-2253904.qmp,id=char0 -mon chardev=char0,mode=control -display none -audio none -machine esp32s3 -S -L pc-bios -global driver=esp32s3.gpio,property=strap_mode,value=0x00 -accel qtest
ok 7 /xtensa/esp32s3/i2c/electrical-route-power-pulls
# slow test /xtensa/esp32s3/i2c/electrical-route-power-pulls executed in 2.38 secs
# starting QEMU: exec /home/polar/.cache/esp32s3vm/qemu-uart-40edccac4156-3cc39bfdc7bd3515/build-wsl/qemu-system-xtensa -qtest unix:/tmp/qtest-2253904.sock -qtest-log /dev/null -chardev socket,path=/tmp/qtest-2253904.qmp,id=char0 -mon chardev=char0,mode=control -display none -audio none -machine esp32s3 -S -L pc-bios -global driver=esp32s3.gpio,property=strap_mode,value=0x00 -accel qtest
# starting QEMU: exec /home/polar/.cache/esp32s3vm/qemu-uart-40edccac4156-3cc39bfdc7bd3515/build-wsl/qemu-system-xtensa -qtest unix:/tmp/qtest-2253904.sock -qtest-log /dev/null -chardev socket,path=/tmp/qtest-2253904.qmp,id=char0 -mon chardev=char0,mode=control -display none -audio none -machine esp32s3 -S -L pc-bios -global driver=esp32s3.gpio,property=strap_mode,value=0x00 -accel qtest
# starting QEMU: exec /home/polar/.cache/esp32s3vm/qemu-uart-40edccac4156-3cc39bfdc7bd3515/build-wsl/qemu-system-xtensa -qtest unix:/tmp/qtest-2253904.sock -qtest-log /dev/null -chardev socket,path=/tmp/qtest-2253904.qmp,id=char0 -mon chardev=char0,mode=control -display none -audio none -machine esp32s3 -S -L pc-bios -global driver=esp32s3.gpio,property=strap_mode,value=0x00 -accel qtest
# starting QEMU: exec /home/polar/.cache/esp32s3vm/qemu-uart-40edccac4156-3cc39bfdc7bd3515/build-wsl/qemu-system-xtensa -qtest unix:/tmp/qtest-2253904.sock -qtest-log /dev/null -chardev socket,path=/tmp/qtest-2253904.qmp,id=char0 -mon chardev=char0,mode=control -display none -audio none -machine esp32s3 -S -L pc-bios -global driver=esp32s3.gpio,property=strap_mode,value=0x00 -accel qtest
ok 8 /xtensa/esp32s3/i2c/hold-stretch-timeout-cancel
# slow test /xtensa/esp32s3/i2c/hold-stretch-timeout-cancel executed in 1.40 secs
# starting QEMU: exec /home/polar/.cache/esp32s3vm/qemu-uart-40edccac4156-3cc39bfdc7bd3515/build-wsl/qemu-system-xtensa -qtest unix:/tmp/qtest-2253904.sock -qtest-log /dev/null -chardev socket,path=/tmp/qtest-2253904.qmp,id=char0 -mon chardev=char0,mode=control -display none -audio none -machine esp32s3 -S -L pc-bios -global driver=esp32s3.gpio,property=strap_mode,value=0x00 -accel qtest
ok 9 /xtensa/esp32s3/i2c/hot-power-versus-wire-unplug
# slow test /xtensa/esp32s3/i2c/hot-power-versus-wire-unplug executed in 0.75 secs
# starting QEMU: exec /home/polar/.cache/esp32s3vm/qemu-uart-40edccac4156-3cc39bfdc7bd3515/build-wsl/qemu-system-xtensa -qtest unix:/tmp/qtest-2253904.sock -qtest-log /dev/null -chardev socket,path=/tmp/qtest-2253904.qmp,id=char0 -mon chardev=char0,mode=control -display none -audio none -machine esp32s3 -S -L pc-bios -global driver=esp32s3.gpio,property=strap_mode,value=0x00 -accel qtest
ok 10 /xtensa/esp32s3/i2c/slave-script-write
# starting QEMU: exec /home/polar/.cache/esp32s3vm/qemu-uart-40edccac4156-3cc39bfdc7bd3515/build-wsl/qemu-system-xtensa -qtest unix:/tmp/qtest-2253904.sock -qtest-log /dev/null -chardev socket,path=/tmp/qtest-2253904.qmp,id=char0 -mon chardev=char0,mode=control -display none -audio none -machine esp32s3 -S -L pc-bios -global driver=esp32s3.gpio,property=strap_mode,value=0x00 -accel qtest
# starting QEMU: exec /home/polar/.cache/esp32s3vm/qemu-uart-40edccac4156-3cc39bfdc7bd3515/build-wsl/qemu-system-xtensa -qtest unix:/tmp/qtest-2253904.sock -qtest-log /dev/null -chardev socket,path=/tmp/qtest-2253904.qmp,id=char0 -mon chardev=char0,mode=control -display none -audio none -machine esp32s3 -S -L pc-bios -global driver=esp32s3.gpio,property=strap_mode,value=0x00 -accel qtest
ok 11 /xtensa/esp32s3/i2c/slave-read-stretch
# slow test /xtensa/esp32s3/i2c/slave-read-stretch executed in 0.66 secs
# starting QEMU: exec /home/polar/.cache/esp32s3vm/qemu-uart-40edccac4156-3cc39bfdc7bd3515/build-wsl/qemu-system-xtensa -qtest unix:/tmp/qtest-2253904.sock -qtest-log /dev/null -chardev socket,path=/tmp/qtest-2253904.qmp,id=char0 -mon chardev=char0,mode=control -display none -audio none -machine esp32s3 -S -L pc-bios -global driver=esp32s3.gpio,property=strap_mode,value=0x00 -accel qtest
ok 12 /xtensa/esp32s3/i2c/slave-relay
# starting QEMU: exec /home/polar/.cache/esp32s3vm/qemu-uart-40edccac4156-3cc39bfdc7bd3515/build-wsl/qemu-system-xtensa -qtest unix:/tmp/qtest-2253904.sock -qtest-log /dev/null -chardev socket,path=/tmp/qtest-2253904.qmp,id=char0 -mon chardev=char0,mode=control -display none -audio none -machine esp32s3 -S -L pc-bios -global driver=esp32s3.gpio,property=strap_mode,value=0x00 -accel qtest
ok 13 /xtensa/esp32s3/i2c/slave-ten-bit
# starting QEMU: exec /home/polar/.cache/esp32s3vm/qemu-uart-40edccac4156-3cc39bfdc7bd3515/build-wsl/qemu-system-xtensa -qtest unix:/tmp/qtest-2253904.sock -qtest-log /dev/null -chardev socket,path=/tmp/qtest-2253904.qmp,id=char0 -mon chardev=char0,mode=control -display none -audio none -machine esp32s3 -S -L pc-bios -global driver=esp32s3.gpio,property=strap_mode,value=0x00 -accel qtest
ok 14 /xtensa/esp32s3/i2c/slave-general-call
# starting QEMU: exec /home/polar/.cache/esp32s3vm/qemu-uart-40edccac4156-3cc39bfdc7bd3515/build-wsl/qemu-system-xtensa -qtest unix:/tmp/qtest-2253904.sock -qtest-log /dev/null -chardev socket,path=/tmp/qtest-2253904.qmp,id=char0 -mon chardev=char0,mode=control -display none -audio none -machine esp32s3 -S -L pc-bios -global driver=esp32s3.gpio,property=strap_mode,value=0x00 -accel qtest
ok 15 /xtensa/esp32s3/i2c/slave-glitch-filter
# starting QEMU: exec /home/polar/.cache/esp32s3vm/qemu-uart-40edccac4156-3cc39bfdc7bd3515/build-wsl/qemu-system-xtensa -qtest unix:/tmp/qtest-2253904.sock -qtest-log /dev/null -chardev socket,path=/tmp/qtest-2253904.qmp,id=char0 -mon chardev=char0,mode=control -display none -audio none -machine esp32s3 -S -L pc-bios -global driver=esp32s3.gpio,property=strap_mode,value=0x00 -accel qtest
ok 16 /xtensa/esp32s3/i2c/slave-wrong-address
# starting QEMU: exec /home/polar/.cache/esp32s3vm/qemu-uart-40edccac4156-3cc39bfdc7bd3515/build-wsl/qemu-system-xtensa -qtest unix:/tmp/qtest-2253904.sock -qtest-log /dev/null -chardev socket,path=/tmp/qtest-2253904.qmp,id=char0 -mon chardev=char0,mode=control -display none -audio none -machine esp32s3 -S -L pc-bios -global driver=esp32s3.gpio,property=strap_mode,value=0x00 -accel qtest
# starting QEMU: exec /home/polar/.cache/esp32s3vm/qemu-uart-40edccac4156-3cc39bfdc7bd3515/build-wsl/qemu-system-xtensa -qtest unix:/tmp/qtest-2253904.sock -qtest-log /dev/null -chardev socket,path=/tmp/qtest-2253904.qmp,id=char0 -mon chardev=char0,mode=control -display none -audio none -machine esp32s3 -S -L pc-bios -global driver=esp32s3.gpio,property=strap_mode,value=0x00 -accel qtest
ok 17 /xtensa/esp32s3/i2c/master-arbitration
# slow test /xtensa/esp32s3/i2c/master-arbitration executed in 0.65 secs
# starting QEMU: exec /home/polar/.cache/esp32s3vm/qemu-uart-40edccac4156-3cc39bfdc7bd3515/build-wsl/qemu-system-xtensa -qtest unix:/tmp/qtest-2253904.sock -qtest-log /dev/null -chardev socket,path=/tmp/qtest-2253904.qmp,id=char0 -mon chardev=char0,mode=control -display none -audio none -machine esp32s3 -S -L pc-bios -global driver=esp32s3.gpio,property=strap_mode,value=0x00 -accel qtest
ok 18 /xtensa/esp32s3/i2c/script-preflight-reject
# starting QEMU: exec /home/polar/.cache/esp32s3vm/qemu-uart-40edccac4156-3cc39bfdc7bd3515/build-wsl/qemu-system-xtensa -qtest unix:/tmp/qtest-2253904.sock -qtest-log /dev/null -chardev socket,path=/tmp/qtest-2253904.qmp,id=char0 -mon chardev=char0,mode=control -display none -audio none -machine esp32s3 -S -L pc-bios -global driver=esp32s3.gpio,property=strap_mode,value=0x00 -accel qtest
# starting QEMU: exec /home/polar/.cache/esp32s3vm/qemu-uart-40edccac4156-3cc39bfdc7bd3515/build-wsl/qemu-system-xtensa -qtest unix:/tmp/qtest-2253904.sock -qtest-log /dev/null -chardev socket,path=/tmp/qtest-2253904.qmp,id=char0 -mon chardev=char0,mode=control -display none -audio none -machine esp32s3 -S -L pc-bios -global driver=esp32s3.gpio,property=strap_mode,value=0x00 -accel qtest
# starting QEMU: exec /home/polar/.cache/esp32s3vm/qemu-uart-40edccac4156-3cc39bfdc7bd3515/build-wsl/qemu-system-xtensa -qtest unix:/tmp/qtest-2253904.sock -qtest-log /dev/null -chardev socket,path=/tmp/qtest-2253904.qmp,id=char0 -mon chardev=char0,mode=control -display none -audio none -machine esp32s3 -S -L pc-bios -global driver=esp32s3.gpio,property=strap_mode,value=0x00 -accel qtest
# starting QEMU: exec /home/polar/.cache/esp32s3vm/qemu-uart-40edccac4156-3cc39bfdc7bd3515/build-wsl/qemu-system-xtensa -qtest unix:/tmp/qtest-2253904.sock -qtest-log /dev/null -chardev socket,path=/tmp/qtest-2253904.qmp,id=char0 -mon chardev=char0,mode=control -display none -audio none -machine esp32s3 -S -L pc-bios -global driver=esp32s3.gpio,property=strap_mode,value=0x00 -accel qtest
ok 19 /xtensa/esp32s3/i2c/native-master-native-slave-wire
# slow test /xtensa/esp32s3/i2c/native-master-native-slave-wire executed in 1.42 secs
# starting QEMU: exec /home/polar/.cache/esp32s3vm/qemu-uart-40edccac4156-3cc39bfdc7bd3515/build-wsl/qemu-system-xtensa -qtest unix:/tmp/qtest-2253904.sock -qtest-log /dev/null -chardev socket,path=/tmp/qtest-2253904.qmp,id=char0 -mon chardev=char0,mode=control -display none -audio none -machine esp32s3 -S -L pc-bios -global driver=esp32s3.gpio,property=strap_mode,value=0x00 -accel qtest
# starting QEMU: exec /home/polar/.cache/esp32s3vm/qemu-uart-40edccac4156-3cc39bfdc7bd3515/build-wsl/qemu-system-xtensa -qtest unix:/tmp/qtest-2253904.sock -qtest-log /dev/null -chardev socket,path=/tmp/qtest-2253904.qmp,id=char0 -mon chardev=char0,mode=control -display none -audio none -machine esp32s3 -S -L pc-bios -global driver=esp32s3.gpio,property=strap_mode,value=0x00 -accel qtest
ok 20 /xtensa/esp32s3/i2c/general-call-read-rejected
# slow test /xtensa/esp32s3/i2c/general-call-read-rejected executed in 0.69 secs
# starting QEMU: exec /home/polar/.cache/esp32s3vm/qemu-uart-40edccac4156-3cc39bfdc7bd3515/build-wsl/qemu-system-xtensa -qtest unix:/tmp/qtest-2253904.sock -qtest-log /dev/null -chardev socket,path=/tmp/qtest-2253904.qmp,id=char0 -mon chardev=char0,mode=control -display none -audio none -machine esp32s3 -S -L pc-bios -global driver=esp32s3.gpio,property=strap_mode,value=0x00 -accel qtest
ok 21 /xtensa/esp32s3/i2c/independent-filter-deadlines
# starting QEMU: exec /home/polar/.cache/esp32s3vm/qemu-uart-40edccac4156-3cc39bfdc7bd3515/build-wsl/qemu-system-xtensa -qtest unix:/tmp/qtest-2253904.sock -qtest-log /dev/null -chardev socket,path=/tmp/qtest-2253904.qmp,id=char0 -mon chardev=char0,mode=control -display none -audio none -machine esp32s3 -S -L pc-bios -global driver=esp32s3.gpio,property=strap_mode,value=0x00 -accel qtest
# starting QEMU: exec /home/polar/.cache/esp32s3vm/qemu-uart-40edccac4156-3cc39bfdc7bd3515/build-wsl/qemu-system-xtensa -qtest unix:/tmp/qtest-2253904.sock -qtest-log /dev/null -chardev socket,path=/tmp/qtest-2253904.qmp,id=char0 -mon chardev=char0,mode=control -display none -audio none -machine esp32s3 -S -L pc-bios -global driver=esp32s3.gpio,property=strap_mode,value=0x00 -accel qtest
ok 22 /xtensa/esp32s3/i2c/scheduled-slave-low-watchdog
# slow test /xtensa/esp32s3/i2c/scheduled-slave-low-watchdog executed in 0.75 secs
# starting QEMU: exec /home/polar/.cache/esp32s3vm/qemu-uart-40edccac4156-3cc39bfdc7bd3515/build-wsl/qemu-system-xtensa -qtest unix:/tmp/qtest-2253904.sock -qtest-log /dev/null -chardev socket,path=/tmp/qtest-2253904.qmp,id=char0 -mon chardev=char0,mode=control -display none -audio none -machine esp32s3 -S -L pc-bios -global driver=esp32s3.gpio,property=strap_mode,value=0x00 -accel qtest
# starting QEMU: exec /home/polar/.cache/esp32s3vm/qemu-uart-40edccac4156-3cc39bfdc7bd3515/build-wsl/qemu-system-xtensa -qtest unix:/tmp/qtest-2253904.sock -qtest-log /dev/null -chardev socket,path=/tmp/qtest-2253904.qmp,id=char0 -mon chardev=char0,mode=control -display none -audio none -machine esp32s3 -S -L pc-bios -global driver=esp32s3.gpio,property=strap_mode,value=0x00 -accel qtest
# starting QEMU: exec /home/polar/.cache/esp32s3vm/qemu-uart-40edccac4156-3cc39bfdc7bd3515/build-wsl/qemu-system-xtensa -qtest unix:/tmp/qtest-2253904.sock -qtest-log /dev/null -chardev socket,path=/tmp/qtest-2253904.qmp,id=char0 -mon chardev=char0,mode=control -display none -audio none -machine esp32s3 -S -L pc-bios -global driver=esp32s3.gpio,property=strap_mode,value=0x00 -accel qtest
# starting QEMU: exec /home/polar/.cache/esp32s3vm/qemu-uart-40edccac4156-3cc39bfdc7bd3515/build-wsl/qemu-system-xtensa -qtest unix:/tmp/qtest-2253904.sock -qtest-log /dev/null -chardev socket,path=/tmp/qtest-2253904.qmp,id=char0 -mon chardev=char0,mode=control -display none -audio none -machine esp32s3 -S -L pc-bios -global driver=esp32s3.gpio,property=strap_mode,value=0x00 -accel qtest
# starting QEMU: exec /home/polar/.cache/esp32s3vm/qemu-uart-40edccac4156-3cc39bfdc7bd3515/build-wsl/qemu-system-xtensa -qtest unix:/tmp/qtest-2253904.sock -qtest-log /dev/null -chardev socket,path=/tmp/qtest-2253904.qmp,id=char0 -mon chardev=char0,mode=control -display none -audio none -machine esp32s3 -S -L pc-bios -global driver=esp32s3.gpio,property=strap_mode,value=0x00 -accel qtest
# starting QEMU: exec /home/polar/.cache/esp32s3vm/qemu-uart-40edccac4156-3cc39bfdc7bd3515/build-wsl/qemu-system-xtensa -qtest unix:/tmp/qtest-2253904.sock -qtest-log /dev/null -chardev socket,path=/tmp/qtest-2253904.qmp,id=char0 -mon chardev=char0,mode=control -display none -audio none -machine esp32s3 -S -L pc-bios -global driver=esp32s3.gpio,property=strap_mode,value=0x00 -accel qtest
# starting QEMU: exec /home/polar/.cache/esp32s3vm/qemu-uart-40edccac4156-3cc39bfdc7bd3515/build-wsl/qemu-system-xtensa -qtest unix:/tmp/qtest-2253904.sock -qtest-log /dev/null -chardev socket,path=/tmp/qtest-2253904.qmp,id=char0 -mon chardev=char0,mode=control -display none -audio none -machine esp32s3 -S -L pc-bios -global driver=esp32s3.gpio,property=strap_mode,value=0x00 -accel qtest
# starting QEMU: exec /home/polar/.cache/esp32s3vm/qemu-uart-40edccac4156-3cc39bfdc7bd3515/build-wsl/qemu-system-xtensa -qtest unix:/tmp/qtest-2253904.sock -qtest-log /dev/null -chardev socket,path=/tmp/qtest-2253904.qmp,id=char0 -mon chardev=char0,mode=control -display none -audio none -machine esp32s3 -S -L pc-bios -global driver=esp32s3.gpio,property=strap_mode,value=0x00 -accel qtest
ok 23 /xtensa/esp32s3/i2c/native-data-arbitration-replay
# slow test /xtensa/esp32s3/i2c/native-data-arbitration-replay executed in 3.50 secs
# starting QEMU: exec /home/polar/.cache/esp32s3vm/qemu-uart-40edccac4156-3cc39bfdc7bd3515/build-wsl/qemu-system-xtensa -qtest unix:/tmp/qtest-2253904.sock -qtest-log /dev/null -chardev socket,path=/tmp/qtest-2253904.qmp,id=char0 -mon chardev=char0,mode=control -display none -audio none -machine esp32s3 -S -L pc-bios -global driver=esp32s3.gpio,property=strap_mode,value=0x00 -accel qtest
ok 24 /xtensa/esp32s3/i2c/released-wire-after-final-nack
# starting QEMU: exec /home/polar/.cache/esp32s3vm/qemu-uart-40edccac4156-3cc39bfdc7bd3515/build-wsl/qemu-system-xtensa -qtest unix:/tmp/qtest-2253904.sock -qtest-log /dev/null -chardev socket,path=/tmp/qtest-2253904.qmp,id=char0 -mon chardev=char0,mode=control -display none -audio none -machine esp32s3 -S -L pc-bios -global driver=esp32s3.gpio,property=strap_mode,value=0x00 -accel qtest
# starting QEMU: exec /home/polar/.cache/esp32s3vm/qemu-uart-40edccac4156-3cc39bfdc7bd3515/build-wsl/qemu-system-xtensa -qtest unix:/tmp/qtest-2253904.sock -qtest-log /dev/null -chardev socket,path=/tmp/qtest-2253904.qmp,id=char0 -mon chardev=char0,mode=control -display none -audio none -machine esp32s3 -S -L pc-bios -global driver=esp32s3.gpio,property=strap_mode,value=0x00 -accel qtest
# starting QEMU: exec /home/polar/.cache/esp32s3vm/qemu-uart-40edccac4156-3cc39bfdc7bd3515/build-wsl/qemu-system-xtensa -qtest unix:/tmp/qtest-2253904.sock -qtest-log /dev/null -chardev socket,path=/tmp/qtest-2253904.qmp,id=char0 -mon chardev=char0,mode=control -display none -audio none -machine esp32s3 -S -L pc-bios -global driver=esp32s3.gpio,property=strap_mode,value=0x00 -accel qtest
# starting QEMU: exec /home/polar/.cache/esp32s3vm/qemu-uart-40edccac4156-3cc39bfdc7bd3515/build-wsl/qemu-system-xtensa -qtest unix:/tmp/qtest-2253904.sock -qtest-log /dev/null -chardev socket,path=/tmp/qtest-2253904.qmp,id=char0 -mon chardev=char0,mode=control -display none -audio none -machine esp32s3 -S -L pc-bios -global driver=esp32s3.gpio,property=strap_mode,value=0x00 -accel qtest
ok 25 /xtensa/esp32s3/i2c/native-master-native-slave-rc
# slow test /xtensa/esp32s3/i2c/native-master-native-slave-rc executed in 30.33 secs
# starting QEMU: exec /home/polar/.cache/esp32s3vm/qemu-uart-40edccac4156-3cc39bfdc7bd3515/build-wsl/qemu-system-xtensa -qtest unix:/tmp/qtest-2253904.sock -qtest-log /dev/null -chardev socket,path=/tmp/qtest-2253904.qmp,id=char0 -mon chardev=char0,mode=control -display none -audio none -machine esp32s3 -S -L pc-bios -global driver=esp32s3.gpio,property=strap_mode,value=0x00 -accel qtest
ok 26 /xtensa/esp32s3/i2c/general-call-two-slaves-fanout
# starting QEMU: exec /home/polar/.cache/esp32s3vm/qemu-uart-40edccac4156-3cc39bfdc7bd3515/build-wsl/qemu-system-xtensa -qtest unix:/tmp/qtest-2253904.sock -qtest-log /dev/null -chardev socket,path=/tmp/qtest-2253904.qmp,id=char0 -mon chardev=char0,mode=control -display none -audio none -machine esp32s3 -S -L pc-bios -global driver=esp32s3.gpio,property=strap_mode,value=0x00 -accel qtest
# starting QEMU: exec /home/polar/.cache/esp32s3vm/qemu-uart-40edccac4156-3cc39bfdc7bd3515/build-wsl/qemu-system-xtensa -qtest unix:/tmp/qtest-2253904.sock -qtest-log /dev/null -chardev socket,path=/tmp/qtest-2253904.qmp,id=char0 -mon chardev=char0,mode=control -display none -audio none -machine esp32s3 -S -L pc-bios -global driver=esp32s3.gpio,property=strap_mode,value=0x00 -accel qtest
# starting QEMU: exec /home/polar/.cache/esp32s3vm/qemu-uart-40edccac4156-3cc39bfdc7bd3515/build-wsl/qemu-system-xtensa -qtest unix:/tmp/qtest-2253904.sock -qtest-log /dev/null -chardev socket,path=/tmp/qtest-2253904.qmp,id=char0 -mon chardev=char0,mode=control -display none -audio none -machine esp32s3 -S -L pc-bios -global driver=esp32s3.gpio,property=strap_mode,value=0x00 -accel qtest
# starting QEMU: exec /home/polar/.cache/esp32s3vm/qemu-uart-40edccac4156-3cc39bfdc7bd3515/build-wsl/qemu-system-xtensa -qtest unix:/tmp/qtest-2253904.sock -qtest-log /dev/null -chardev socket,path=/tmp/qtest-2253904.qmp,id=char0 -mon chardev=char0,mode=control -display none -audio none -machine esp32s3 -S -L pc-bios -global driver=esp32s3.gpio,property=strap_mode,value=0x00 -accel qtest
ok 27 /xtensa/esp32s3/i2c/ten-bit-wrong-header-low-read
# slow test /xtensa/esp32s3/i2c/ten-bit-wrong-header-low-read executed in 0.98 secs
# starting QEMU: exec /home/polar/.cache/esp32s3vm/qemu-uart-40edccac4156-3cc39bfdc7bd3515/build-wsl/qemu-system-xtensa -qtest unix:/tmp/qtest-2253904.sock -qtest-log /dev/null -chardev socket,path=/tmp/qtest-2253904.qmp,id=char0 -mon chardev=char0,mode=control -display none -audio none -machine esp32s3 -S -L pc-bios -global driver=esp32s3.gpio,property=strap_mode,value=0x00 -accel qtest
ok 28 /xtensa/esp32s3/i2c/watchdog-zero-virtual-epoch
# starting QEMU: exec /home/polar/.cache/esp32s3vm/qemu-uart-40edccac4156-3cc39bfdc7bd3515/build-wsl/qemu-system-xtensa -qtest unix:/tmp/qtest-2253904.sock -qtest-log /dev/null -chardev socket,path=/tmp/qtest-2253904.qmp,id=char0 -mon chardev=char0,mode=control -display none -audio none -machine esp32s3 -S -L pc-bios -global driver=esp32s3.gpio,property=strap_mode,value=0x00 -accel qtest
ok 29 /xtensa/esp32s3/i2c/watchdog-exponent-zero-enabled
# starting QEMU: exec /home/polar/.cache/esp32s3vm/qemu-uart-40edccac4156-3cc39bfdc7bd3515/build-wsl/qemu-system-xtensa -qtest unix:/tmp/qtest-2253904.sock -qtest-log /dev/null -chardev socket,path=/tmp/qtest-2253904.qmp,id=char0 -mon chardev=char0,mode=control -display none -audio none -machine esp32s3 -S -L pc-bios -global driver=esp32s3.gpio,property=strap_mode,value=0x00 -accel qtest
ok 30 /xtensa/esp32s3/i2c/identical-native-masters
# starting QEMU: exec /home/polar/.cache/esp32s3vm/qemu-uart-40edccac4156-3cc39bfdc7bd3515/build-wsl/qemu-system-xtensa -qtest unix:/tmp/qtest-2253904.sock -qtest-log /dev/null -chardev socket,path=/tmp/qtest-2253904.qmp,id=char0 -mon chardev=char0,mode=control -display none -audio none -machine esp32s3 -S -L pc-bios -global driver=esp32s3.gpio,property=strap_mode,value=0x00 -accel qtest
# starting QEMU: exec /home/polar/.cache/esp32s3vm/qemu-uart-40edccac4156-3cc39bfdc7bd3515/build-wsl/qemu-system-xtensa -qtest unix:/tmp/qtest-2253904.sock -qtest-log /dev/null -chardev socket,path=/tmp/qtest-2253904.qmp,id=char0 -mon chardev=char0,mode=control -display none -audio none -machine esp32s3 -S -L pc-bios -global driver=esp32s3.gpio,property=strap_mode,value=0x00 -accel qtest
ok 31 /xtensa/esp32s3/i2c/read-ack-native-arbitration
# starting QEMU: exec /home/polar/.cache/esp32s3vm/qemu-uart-40edccac4156-3cc39bfdc7bd3515/build-wsl/qemu-system-xtensa -qtest unix:/tmp/qtest-2253904.sock -qtest-log /dev/null -chardev socket,path=/tmp/qtest-2253904.qmp,id=char0 -mon chardev=char0,mode=control -display none -audio none -machine esp32s3 -S -L pc-bios -global driver=esp32s3.gpio,property=strap_mode,value=0x00 -accel qtest
ok 32 /xtensa/esp32s3/i2c/stop-held-sda-no-fake-completion
# starting QEMU: exec /home/polar/.cache/esp32s3vm/qemu-uart-40edccac4156-3cc39bfdc7bd3515/build-wsl/qemu-system-xtensa -qtest unix:/tmp/qtest-2253904.sock -qtest-log /dev/null -chardev socket,path=/tmp/qtest-2253904.qmp,id=char0 -mon chardev=char0,mode=control -display none -audio none -machine esp32s3 -S -L pc-bios -global driver=esp32s3.gpio,property=strap_mode,value=0x00 -accel qtest
ok 33 /xtensa/esp32s3/i2c/stop-held-clock-preserves-sda-low
# starting QEMU: exec /home/polar/.cache/esp32s3vm/qemu-uart-40edccac4156-3cc39bfdc7bd3515/build-wsl/qemu-system-xtensa -qtest unix:/tmp/qtest-2253904.sock -qtest-log /dev/null -chardev socket,path=/tmp/qtest-2253904.qmp,id=char0 -mon chardev=char0,mode=control -display none -audio none -machine esp32s3 -S -L pc-bios -global driver=esp32s3.gpio,property=strap_mode,value=0x00 -accel qtest
ok 34 /xtensa/esp32s3/i2c/stop-rc-sda-crossing-during-clock-low
# slow test /xtensa/esp32s3/i2c/stop-rc-sda-crossing-during-clock-low executed in 2.28 secs
# starting QEMU: exec /home/polar/.cache/esp32s3vm/qemu-uart-40edccac4156-3cc39bfdc7bd3515/build-wsl/qemu-system-xtensa -qtest unix:/tmp/qtest-2253904.sock -qtest-log /dev/null -chardev socket,path=/tmp/qtest-2253904.qmp,id=char0 -mon chardev=char0,mode=control -display none -audio none -machine esp32s3 -S -L pc-bios -global driver=esp32s3.gpio,property=strap_mode,value=0x00 -accel qtest
ok 35 /xtensa/esp32s3/i2c/service-simultaneous-high-does-not-commit
# starting QEMU: exec /home/polar/.cache/esp32s3vm/qemu-uart-40edccac4156-3cc39bfdc7bd3515/build-wsl/qemu-system-xtensa -qtest unix:/tmp/qtest-2253904.sock -qtest-log /dev/null -chardev socket,path=/tmp/qtest-2253904.qmp,id=char0 -mon chardev=char0,mode=control -display none -audio none -machine esp32s3 -S -L pc-bios -global driver=esp32s3.gpio,property=strap_mode,value=0x00 -accel qtest
ok 36 /xtensa/esp32s3/i2c/filter-unknown-powered-dc-matrix
# starting QEMU: exec /home/polar/.cache/esp32s3vm/qemu-uart-40edccac4156-3cc39bfdc7bd3515/build-wsl/qemu-system-xtensa -qtest unix:/tmp/qtest-2253904.sock -qtest-log /dev/null -chardev socket,path=/tmp/qtest-2253904.qmp,id=char0 -mon chardev=char0,mode=control -display none -audio none -machine esp32s3 -S -L pc-bios -global driver=esp32s3.gpio,property=strap_mode,value=0x00 -accel qtest
ok 37 /xtensa/esp32s3/i2c/filter-unknown-powered-rc-matrix
# slow test /xtensa/esp32s3/i2c/filter-unknown-powered-rc-matrix executed in 2.91 secs
# starting QEMU: exec /home/polar/.cache/esp32s3vm/qemu-uart-40edccac4156-3cc39bfdc7bd3515/build-wsl/qemu-system-xtensa -qtest unix:/tmp/qtest-2253904.sock -qtest-log /dev/null -chardev socket,path=/tmp/qtest-2253904.qmp,id=char0 -mon chardev=char0,mode=control -display none -audio none -machine esp32s3 -S -L pc-bios -global driver=esp32s3.gpio,property=strap_mode,value=0x00 -accel qtest
# starting QEMU: exec /home/polar/.cache/esp32s3vm/qemu-uart-40edccac4156-3cc39bfdc7bd3515/build-wsl/qemu-system-xtensa -qtest unix:/tmp/qtest-2253904.sock -qtest-log /dev/null -chardev socket,path=/tmp/qtest-2253904.qmp,id=char0 -mon chardev=char0,mode=control -display none -audio none -machine esp32s3 -S -L pc-bios -global driver=esp32s3.gpio,property=strap_mode,value=0x00 -accel qtest
ok 38 /xtensa/esp32s3/i2c/filter-partial-valid-reversal
# slow test /xtensa/esp32s3/i2c/filter-partial-valid-reversal executed in 3.29 secs
# End of i2c tests
# End of esp32s3 tests
# End of xtensa tests
