TAP version 13
# random seed: R02S0ad819aa6976876648f2d4621b4bea33
1..18
# Start of xtensa tests
# Start of esp32s3 tests
# Start of i2c tests
# starting QEMU: exec /home/polar/.cache/esp32s3vm/qemu-uart-40edccac4156-048e00bbbc580d38/build-wsl/qemu-system-xtensa -qtest unix:/tmp/qtest-1888520.sock -qtest-log /dev/null -chardev socket,path=/tmp/qtest-1888520.qmp,id=char0 -mon chardev=char0,mode=control -display none -audio none -machine esp32s3 -S -L pc-bios -global driver=esp32s3.gpio,property=strap_mode,value=0x00 -accel qtest
# starting QEMU: exec /home/polar/.cache/esp32s3vm/qemu-uart-40edccac4156-048e00bbbc580d38/build-wsl/qemu-system-xtensa -qtest unix:/tmp/qtest-1888520.sock -qtest-log /dev/null -chardev socket,path=/tmp/qtest-1888520.qmp,id=char0 -mon chardev=char0,mode=control -display none -audio none -machine esp32s3 -S -L pc-bios -global driver=esp32s3.gpio,property=strap_mode,value=0x00 -accel qtest
ok 1 /xtensa/esp32s3/i2c/both-masters-timing-irq
# slow test /xtensa/esp32s3/i2c/both-masters-timing-irq executed in 0.87 secs
# starting QEMU: exec /home/polar/.cache/esp32s3vm/qemu-uart-40edccac4156-048e00bbbc580d38/build-wsl/qemu-system-xtensa -qtest unix:/tmp/qtest-1888520.sock -qtest-log /dev/null -chardev socket,path=/tmp/qtest-1888520.qmp,id=char0 -mon chardev=char0,mode=control -display none -audio none -machine esp32s3 -S -L pc-bios -global driver=esp32s3.gpio,property=strap_mode,value=0x00 -accel qtest
ok 2 /xtensa/esp32s3/i2c/eeprom-stop-restart-final-nack
# slow test /xtensa/esp32s3/i2c/eeprom-stop-restart-final-nack executed in 0.51 secs
# starting QEMU: exec /home/polar/.cache/esp32s3vm/qemu-uart-40edccac4156-048e00bbbc580d38/build-wsl/qemu-system-xtensa -qtest unix:/tmp/qtest-1888520.sock -qtest-log /dev/null -chardev socket,path=/tmp/qtest-1888520.qmp,id=char0 -mon chardev=char0,mode=control -display none -audio none -machine esp32s3 -S -L pc-bios -global driver=esp32s3.gpio,property=strap_mode,value=0x00 -accel qtest
ok 3 /xtensa/esp32s3/i2c/end-refill-drain-over32
# slow test /xtensa/esp32s3/i2c/end-refill-drain-over32 executed in 0.57 secs
# starting QEMU: exec /home/polar/.cache/esp32s3vm/qemu-uart-40edccac4156-048e00bbbc580d38/build-wsl/qemu-system-xtensa -qtest unix:/tmp/qtest-1888520.sock -qtest-log /dev/null -chardev socket,path=/tmp/qtest-1888520.qmp,id=char0 -mon chardev=char0,mode=control -display none -audio none -machine esp32s3 -S -L pc-bios -global driver=esp32s3.gpio,property=strap_mode,value=0x00 -accel qtest
ok 4 /xtensa/esp32s3/i2c/command-bounds-fifo-errors
# starting QEMU: exec /home/polar/.cache/esp32s3vm/qemu-uart-40edccac4156-048e00bbbc580d38/build-wsl/qemu-system-xtensa -qtest unix:/tmp/qtest-1888520.sock -qtest-log /dev/null -chardev socket,path=/tmp/qtest-1888520.qmp,id=char0 -mon chardev=char0,mode=control -display none -audio none -machine esp32s3 -S -L pc-bios -global driver=esp32s3.gpio,property=strap_mode,value=0x00 -accel qtest
ok 5 /xtensa/esp32s3/i2c/address-data-nack-no-stale
# starting QEMU: exec /home/polar/.cache/esp32s3vm/qemu-uart-40edccac4156-048e00bbbc580d38/build-wsl/qemu-system-xtensa -qtest unix:/tmp/qtest-1888520.sock -qtest-log /dev/null -chardev socket,path=/tmp/qtest-1888520.qmp,id=char0 -mon chardev=char0,mode=control -display none -audio none -machine esp32s3 -S -L pc-bios -global driver=esp32s3.gpio,property=strap_mode,value=0x00 -accel qtest
# starting QEMU: exec /home/polar/.cache/esp32s3vm/qemu-uart-40edccac4156-048e00bbbc580d38/build-wsl/qemu-system-xtensa -qtest unix:/tmp/qtest-1888520.sock -qtest-log /dev/null -chardev socket,path=/tmp/qtest-1888520.qmp,id=char0 -mon chardev=char0,mode=control -display none -audio none -machine esp32s3 -S -L pc-bios -global driver=esp32s3.gpio,property=strap_mode,value=0x00 -accel qtest
ok 6 /xtensa/esp32s3/i2c/clock-gate-reset-cancel
# slow test /xtensa/esp32s3/i2c/clock-gate-reset-cancel executed in 0.57 secs
# starting QEMU: exec /home/polar/.cache/esp32s3vm/qemu-uart-40edccac4156-048e00bbbc580d38/build-wsl/qemu-system-xtensa -qtest unix:/tmp/qtest-1888520.sock -qtest-log /dev/null -chardev socket,path=/tmp/qtest-1888520.qmp,id=char0 -mon chardev=char0,mode=control -display none -audio none -machine esp32s3 -S -L pc-bios -global driver=esp32s3.gpio,property=strap_mode,value=0x00 -accel qtest
# starting QEMU: exec /home/polar/.cache/esp32s3vm/qemu-uart-40edccac4156-048e00bbbc580d38/build-wsl/qemu-system-xtensa -qtest unix:/tmp/qtest-1888520.sock -qtest-log /dev/null -chardev socket,path=/tmp/qtest-1888520.qmp,id=char0 -mon chardev=char0,mode=control -display none -audio none -machine esp32s3 -S -L pc-bios -global driver=esp32s3.gpio,property=strap_mode,value=0x00 -accel qtest
# starting QEMU: exec /home/polar/.cache/esp32s3vm/qemu-uart-40edccac4156-048e00bbbc580d38/build-wsl/qemu-system-xtensa -qtest unix:/tmp/qtest-1888520.sock -qtest-log /dev/null -chardev socket,path=/tmp/qtest-1888520.qmp,id=char0 -mon chardev=char0,mode=control -display none -audio none -machine esp32s3 -S -L pc-bios -global driver=esp32s3.gpio,property=strap_mode,value=0x00 -accel qtest
# starting QEMU: exec /home/polar/.cache/esp32s3vm/qemu-uart-40edccac4156-048e00bbbc580d38/build-wsl/qemu-system-xtensa -qtest unix:/tmp/qtest-1888520.sock -qtest-log /dev/null -chardev socket,path=/tmp/qtest-1888520.qmp,id=char0 -mon chardev=char0,mode=control -display none -audio none -machine esp32s3 -S -L pc-bios -global driver=esp32s3.gpio,property=strap_mode,value=0x00 -accel qtest
# starting QEMU: exec /home/polar/.cache/esp32s3vm/qemu-uart-40edccac4156-048e00bbbc580d38/build-wsl/qemu-system-xtensa -qtest unix:/tmp/qtest-1888520.sock -qtest-log /dev/null -chardev socket,path=/tmp/qtest-1888520.qmp,id=char0 -mon chardev=char0,mode=control -display none -audio none -machine esp32s3 -S -L pc-bios -global driver=esp32s3.gpio,property=strap_mode,value=0x00 -accel qtest
# starting QEMU: exec /home/polar/.cache/esp32s3vm/qemu-uart-40edccac4156-048e00bbbc580d38/build-wsl/qemu-system-xtensa -qtest unix:/tmp/qtest-1888520.sock -qtest-log /dev/null -chardev socket,path=/tmp/qtest-1888520.qmp,id=char0 -mon chardev=char0,mode=control -display none -audio none -machine esp32s3 -S -L pc-bios -global driver=esp32s3.gpio,property=strap_mode,value=0x00 -accel qtest
# starting QEMU: exec /home/polar/.cache/esp32s3vm/qemu-uart-40edccac4156-048e00bbbc580d38/build-wsl/qemu-system-xtensa -qtest unix:/tmp/qtest-1888520.sock -qtest-log /dev/null -chardev socket,path=/tmp/qtest-1888520.qmp,id=char0 -mon chardev=char0,mode=control -display none -audio none -machine esp32s3 -S -L pc-bios -global driver=esp32s3.gpio,property=strap_mode,value=0x00 -accel qtest
ok 7 /xtensa/esp32s3/i2c/electrical-route-power-pulls
# slow test /xtensa/esp32s3/i2c/electrical-route-power-pulls executed in 1.81 secs
# starting QEMU: exec /home/polar/.cache/esp32s3vm/qemu-uart-40edccac4156-048e00bbbc580d38/build-wsl/qemu-system-xtensa -qtest unix:/tmp/qtest-1888520.sock -qtest-log /dev/null -chardev socket,path=/tmp/qtest-1888520.qmp,id=char0 -mon chardev=char0,mode=control -display none -audio none -machine esp32s3 -S -L pc-bios -global driver=esp32s3.gpio,property=strap_mode,value=0x00 -accel qtest
# starting QEMU: exec /home/polar/.cache/esp32s3vm/qemu-uart-40edccac4156-048e00bbbc580d38/build-wsl/qemu-system-xtensa -qtest unix:/tmp/qtest-1888520.sock -qtest-log /dev/null -chardev socket,path=/tmp/qtest-1888520.qmp,id=char0 -mon chardev=char0,mode=control -display none -audio none -machine esp32s3 -S -L pc-bios -global driver=esp32s3.gpio,property=strap_mode,value=0x00 -accel qtest
# starting QEMU: exec /home/polar/.cache/esp32s3vm/qemu-uart-40edccac4156-048e00bbbc580d38/build-wsl/qemu-system-xtensa -qtest unix:/tmp/qtest-1888520.sock -qtest-log /dev/null -chardev socket,path=/tmp/qtest-1888520.qmp,id=char0 -mon chardev=char0,mode=control -display none -audio none -machine esp32s3 -S -L pc-bios -global driver=esp32s3.gpio,property=strap_mode,value=0x00 -accel qtest
# starting QEMU: exec /home/polar/.cache/esp32s3vm/qemu-uart-40edccac4156-048e00bbbc580d38/build-wsl/qemu-system-xtensa -qtest unix:/tmp/qtest-1888520.sock -qtest-log /dev/null -chardev socket,path=/tmp/qtest-1888520.qmp,id=char0 -mon chardev=char0,mode=control -display none -audio none -machine esp32s3 -S -L pc-bios -global driver=esp32s3.gpio,property=strap_mode,value=0x00 -accel qtest
ok 8 /xtensa/esp32s3/i2c/hold-stretch-timeout-cancel
# slow test /xtensa/esp32s3/i2c/hold-stretch-timeout-cancel executed in 1.08 secs
# starting QEMU: exec /home/polar/.cache/esp32s3vm/qemu-uart-40edccac4156-048e00bbbc580d38/build-wsl/qemu-system-xtensa -qtest unix:/tmp/qtest-1888520.sock -qtest-log /dev/null -chardev socket,path=/tmp/qtest-1888520.qmp,id=char0 -mon chardev=char0,mode=control -display none -audio none -machine esp32s3 -S -L pc-bios -global driver=esp32s3.gpio,property=strap_mode,value=0x00 -accel qtest
ok 9 /xtensa/esp32s3/i2c/hot-power-versus-wire-unplug
# slow test /xtensa/esp32s3/i2c/hot-power-versus-wire-unplug executed in 0.51 secs
# starting QEMU: exec /home/polar/.cache/esp32s3vm/qemu-uart-40edccac4156-048e00bbbc580d38/build-wsl/qemu-system-xtensa -qtest unix:/tmp/qtest-1888520.sock -qtest-log /dev/null -chardev socket,path=/tmp/qtest-1888520.qmp,id=char0 -mon chardev=char0,mode=control -display none -audio none -machine esp32s3 -S -L pc-bios -global driver=esp32s3.gpio,property=strap_mode,value=0x00 -accel qtest
ok 10 /xtensa/esp32s3/i2c/slave-script-write
# starting QEMU: exec /home/polar/.cache/esp32s3vm/qemu-uart-40edccac4156-048e00bbbc580d38/build-wsl/qemu-system-xtensa -qtest unix:/tmp/qtest-1888520.sock -qtest-log /dev/null -chardev socket,path=/tmp/qtest-1888520.qmp,id=char0 -mon chardev=char0,mode=control -display none -audio none -machine esp32s3 -S -L pc-bios -global driver=esp32s3.gpio,property=strap_mode,value=0x00 -accel qtest
# starting QEMU: exec /home/polar/.cache/esp32s3vm/qemu-uart-40edccac4156-048e00bbbc580d38/build-wsl/qemu-system-xtensa -qtest unix:/tmp/qtest-1888520.sock -qtest-log /dev/null -chardev socket,path=/tmp/qtest-1888520.qmp,id=char0 -mon chardev=char0,mode=control -display none -audio none -machine esp32s3 -S -L pc-bios -global driver=esp32s3.gpio,property=strap_mode,value=0x00 -accel qtest
ok 11 /xtensa/esp32s3/i2c/slave-read-stretch
# starting QEMU: exec /home/polar/.cache/esp32s3vm/qemu-uart-40edccac4156-048e00bbbc580d38/build-wsl/qemu-system-xtensa -qtest unix:/tmp/qtest-1888520.sock -qtest-log /dev/null -chardev socket,path=/tmp/qtest-1888520.qmp,id=char0 -mon chardev=char0,mode=control -display none -audio none -machine esp32s3 -S -L pc-bios -global driver=esp32s3.gpio,property=strap_mode,value=0x00 -accel qtest
ok 12 /xtensa/esp32s3/i2c/slave-relay
# starting QEMU: exec /home/polar/.cache/esp32s3vm/qemu-uart-40edccac4156-048e00bbbc580d38/build-wsl/qemu-system-xtensa -qtest unix:/tmp/qtest-1888520.sock -qtest-log /dev/null -chardev socket,path=/tmp/qtest-1888520.qmp,id=char0 -mon chardev=char0,mode=control -display none -audio none -machine esp32s3 -S -L pc-bios -global driver=esp32s3.gpio,property=strap_mode,value=0x00 -accel qtest
ok 13 /xtensa/esp32s3/i2c/slave-ten-bit
# starting QEMU: exec /home/polar/.cache/esp32s3vm/qemu-uart-40edccac4156-048e00bbbc580d38/build-wsl/qemu-system-xtensa -qtest unix:/tmp/qtest-1888520.sock -qtest-log /dev/null -chardev socket,path=/tmp/qtest-1888520.qmp,id=char0 -mon chardev=char0,mode=control -display none -audio none -machine esp32s3 -S -L pc-bios -global driver=esp32s3.gpio,property=strap_mode,value=0x00 -accel qtest
ok 14 /xtensa/esp32s3/i2c/slave-general-call
# starting QEMU: exec /home/polar/.cache/esp32s3vm/qemu-uart-40edccac4156-048e00bbbc580d38/build-wsl/qemu-system-xtensa -qtest unix:/tmp/qtest-1888520.sock -qtest-log /dev/null -chardev socket,path=/tmp/qtest-1888520.qmp,id=char0 -mon chardev=char0,mode=control -display none -audio none -machine esp32s3 -S -L pc-bios -global driver=esp32s3.gpio,property=strap_mode,value=0x00 -accel qtest
ok 15 /xtensa/esp32s3/i2c/slave-glitch-filter
# starting QEMU: exec /home/polar/.cache/esp32s3vm/qemu-uart-40edccac4156-048e00bbbc580d38/build-wsl/qemu-system-xtensa -qtest unix:/tmp/qtest-1888520.sock -qtest-log /dev/null -chardev socket,path=/tmp/qtest-1888520.qmp,id=char0 -mon chardev=char0,mode=control -display none -audio none -machine esp32s3 -S -L pc-bios -global driver=esp32s3.gpio,property=strap_mode,value=0x00 -accel qtest
ok 16 /xtensa/esp32s3/i2c/slave-wrong-address
# starting QEMU: exec /home/polar/.cache/esp32s3vm/qemu-uart-40edccac4156-048e00bbbc580d38/build-wsl/qemu-system-xtensa -qtest unix:/tmp/qtest-1888520.sock -qtest-log /dev/null -chardev socket,path=/tmp/qtest-1888520.qmp,id=char0 -mon chardev=char0,mode=control -display none -audio none -machine esp32s3 -S -L pc-bios -global driver=esp32s3.gpio,property=strap_mode,value=0x00 -accel qtest
# starting QEMU: exec /home/polar/.cache/esp32s3vm/qemu-uart-40edccac4156-048e00bbbc580d38/build-wsl/qemu-system-xtensa -qtest unix:/tmp/qtest-1888520.sock -qtest-log /dev/null -chardev socket,path=/tmp/qtest-1888520.qmp,id=char0 -mon chardev=char0,mode=control -display none -audio none -machine esp32s3 -S -L pc-bios -global driver=esp32s3.gpio,property=strap_mode,value=0x00 -accel qtest
ok 17 /xtensa/esp32s3/i2c/master-arbitration
# slow test /xtensa/esp32s3/i2c/master-arbitration executed in 0.55 secs
# starting QEMU: exec /home/polar/.cache/esp32s3vm/qemu-uart-40edccac4156-048e00bbbc580d38/build-wsl/qemu-system-xtensa -qtest unix:/tmp/qtest-1888520.sock -qtest-log /dev/null -chardev socket,path=/tmp/qtest-1888520.qmp,id=char0 -mon chardev=char0,mode=control -display none -audio none -machine esp32s3 -S -L pc-bios -global driver=esp32s3.gpio,property=strap_mode,value=0x00 -accel qtest
ok 18 /xtensa/esp32s3/i2c/script-preflight-reject
# End of i2c tests
# End of esp32s3 tests
# End of xtensa tests
