TAP version 13
# random seed: R02Sc5065dfc6f8b12b5e8866f5405edd477
1..16
# Start of xtensa tests
# Start of esp32s3 tests
# Start of mcpwm tests
# starting QEMU: exec /home/polar/.cache/esp32s3vm/qemu-uart-40edccac4156-02c5b1fd51470c43/build-wsl/qemu-system-xtensa -qtest unix:/tmp/qtest-1778110.sock -qtest-log /dev/null -chardev socket,path=/tmp/qtest-1778110.qmp,id=char0 -mon chardev=char0,mode=control -display none -audio none -machine esp32s3 -S -L pc-bios -global driver=esp32s3.gpio,property=strap_mode,value=0x00 -accel qtest
# starting QEMU: exec /home/polar/.cache/esp32s3vm/qemu-uart-40edccac4156-02c5b1fd51470c43/build-wsl/qemu-system-xtensa -qtest unix:/tmp/qtest-1778110.sock -qtest-log /dev/null -chardev socket,path=/tmp/qtest-1778110.qmp,id=char0 -mon chardev=char0,mode=control -display none -audio none -machine esp32s3 -S -L pc-bios -global driver=esp32s3.gpio,property=strap_mode,value=0x00 -accel qtest
ok 1 /xtensa/esp32s3/mcpwm/both-groups-six-generators
# slow test /xtensa/esp32s3/mcpwm/both-groups-six-generators executed in 0.66 secs
# starting QEMU: exec /home/polar/.cache/esp32s3vm/qemu-uart-40edccac4156-02c5b1fd51470c43/build-wsl/qemu-system-xtensa -qtest unix:/tmp/qtest-1778110.sock -qtest-log /dev/null -chardev socket,path=/tmp/qtest-1778110.qmp,id=char0 -mon chardev=char0,mode=control -display none -audio none -machine esp32s3 -S -L pc-bios -global driver=esp32s3.gpio,property=strap_mode,value=0x00 -accel qtest
ok 2 /xtensa/esp32s3/mcpwm/shadow-stop-single-cycle
# starting QEMU: exec /home/polar/.cache/esp32s3vm/qemu-uart-40edccac4156-02c5b1fd51470c43/build-wsl/qemu-system-xtensa -qtest unix:/tmp/qtest-1778110.sock -qtest-log /dev/null -chardev socket,path=/tmp/qtest-1778110.qmp,id=char0 -mon chardev=char0,mode=control -display none -audio none -machine esp32s3 -S -L pc-bios -global driver=esp32s3.gpio,property=strap_mode,value=0x00 -accel qtest
ok 3 /xtensa/esp32s3/mcpwm/updown-sync-capture
# starting QEMU: exec /home/polar/.cache/esp32s3vm/qemu-uart-40edccac4156-02c5b1fd51470c43/build-wsl/qemu-system-xtensa -qtest unix:/tmp/qtest-1778110.sock -qtest-log /dev/null -chardev socket,path=/tmp/qtest-1778110.qmp,id=char0 -mon chardev=char0,mode=control -display none -audio none -machine esp32s3 -S -L pc-bios -global driver=esp32s3.gpio,property=strap_mode,value=0x00 -accel qtest
ok 4 /xtensa/esp32s3/mcpwm/deadtime-force-carrier
# starting QEMU: exec /home/polar/.cache/esp32s3vm/qemu-uart-40edccac4156-02c5b1fd51470c43/build-wsl/qemu-system-xtensa -qtest unix:/tmp/qtest-1778110.sock -qtest-log /dev/null -chardev socket,path=/tmp/qtest-1778110.qmp,id=char0 -mon chardev=char0,mode=control -display none -audio none -machine esp32s3 -S -L pc-bios -global driver=esp32s3.gpio,property=strap_mode,value=0x00 -accel qtest
ok 5 /xtensa/esp32s3/mcpwm/fault-cbc-ost-priority
# starting QEMU: exec /home/polar/.cache/esp32s3vm/qemu-uart-40edccac4156-02c5b1fd51470c43/build-wsl/qemu-system-xtensa -qtest unix:/tmp/qtest-1778110.sock -qtest-log /dev/null -chardev socket,path=/tmp/qtest-1778110.qmp,id=char0 -mon chardev=char0,mode=control -display none -audio none -machine esp32s3 -S -L pc-bios -global driver=esp32s3.gpio,property=strap_mode,value=0x00 -accel qtest
ok 6 /xtensa/esp32s3/mcpwm/gate-reset-phase
# starting QEMU: exec /home/polar/.cache/esp32s3vm/qemu-uart-40edccac4156-02c5b1fd51470c43/build-wsl/qemu-system-xtensa -qtest unix:/tmp/qtest-1778110.sock -qtest-log /dev/null -chardev socket,path=/tmp/qtest-1778110.qmp,id=char0 -mon chardev=char0,mode=control -display none -audio none -machine esp32s3 -S -L pc-bios -global driver=esp32s3.gpio,property=strap_mode,value=0x00 -accel qtest
ok 7 /xtensa/esp32s3/mcpwm/down-fractional-divider
# starting QEMU: exec /home/polar/.cache/esp32s3vm/qemu-uart-40edccac4156-02c5b1fd51470c43/build-wsl/qemu-system-xtensa -qtest unix:/tmp/qtest-1778110.sock -qtest-log /dev/null -chardev socket,path=/tmp/qtest-1778110.qmp,id=char0 -mon chardev=char0,mode=control -display none -audio none -machine esp32s3 -S -L pc-bios -global driver=esp32s3.gpio,property=strap_mode,value=0x00 -accel qtest
ok 8 /xtensa/esp32s3/mcpwm/internal-sync-capture-prescale
# starting QEMU: exec /home/polar/.cache/esp32s3vm/qemu-uart-40edccac4156-02c5b1fd51470c43/build-wsl/qemu-system-xtensa -qtest unix:/tmp/qtest-1778110.sock -qtest-log /dev/null -chardev socket,path=/tmp/qtest-1778110.qmp,id=char0 -mon chardev=char0,mode=control -display none -audio none -machine esp32s3 -S -L pc-bios -global driver=esp32s3.gpio,property=strap_mode,value=0x00 -accel qtest
# starting QEMU: exec /home/polar/.cache/esp32s3vm/qemu-uart-40edccac4156-02c5b1fd51470c43/build-wsl/qemu-system-xtensa -qtest unix:/tmp/qtest-1778110.sock -qtest-log /dev/null -chardev socket,path=/tmp/qtest-1778110.qmp,id=char0 -mon chardev=char0,mode=control -display none -audio none -machine esp32s3 -S -L pc-bios -global driver=esp32s3.gpio,property=strap_mode,value=0x00 -accel qtest
# starting QEMU: exec /home/polar/.cache/esp32s3vm/qemu-uart-40edccac4156-02c5b1fd51470c43/build-wsl/qemu-system-xtensa -qtest unix:/tmp/qtest-1778110.sock -qtest-log /dev/null -chardev socket,path=/tmp/qtest-1778110.qmp,id=char0 -mon chardev=char0,mode=control -display none -audio none -machine esp32s3 -S -L pc-bios -global driver=esp32s3.gpio,property=strap_mode,value=0x00 -accel qtest
ok 9 /xtensa/esp32s3/mcpwm/negative-physical-inputs
# slow test /xtensa/esp32s3/mcpwm/negative-physical-inputs executed in 0.97 secs
# starting QEMU: exec /home/polar/.cache/esp32s3vm/qemu-uart-40edccac4156-02c5b1fd51470c43/build-wsl/qemu-system-xtensa -qtest unix:/tmp/qtest-1778110.sock -qtest-log /dev/null -chardev socket,path=/tmp/qtest-1778110.qmp,id=char0 -mon chardev=char0,mode=control -display none -audio none -machine esp32s3 -S -L pc-bios -global driver=esp32s3.gpio,property=strap_mode,value=0x00 -accel qtest
ok 10 /xtensa/esp32s3/mcpwm/ost-clear-active-fault
# starting QEMU: exec /home/polar/.cache/esp32s3vm/qemu-uart-40edccac4156-02c5b1fd51470c43/build-wsl/qemu-system-xtensa -qtest unix:/tmp/qtest-1778110.sock -qtest-log /dev/null -chardev socket,path=/tmp/qtest-1778110.qmp,id=char0 -mon chardev=char0,mode=control -display none -audio none -machine esp32s3 -S -L pc-bios -global driver=esp32s3.gpio,property=strap_mode,value=0x00 -accel qtest
ok 11 /xtensa/esp32s3/mcpwm/nci-next-event-toggle
# starting QEMU: exec /home/polar/.cache/esp32s3vm/qemu-uart-40edccac4156-02c5b1fd51470c43/build-wsl/qemu-system-xtensa -qtest unix:/tmp/qtest-1778110.sock -qtest-log /dev/null -chardev socket,path=/tmp/qtest-1778110.qmp,id=char0 -mon chardev=char0,mode=control -display none -audio none -machine esp32s3 -S -L pc-bios -global driver=esp32s3.gpio,property=strap_mode,value=0x00 -accel qtest
# starting QEMU: exec /home/polar/.cache/esp32s3vm/qemu-uart-40edccac4156-02c5b1fd51470c43/build-wsl/qemu-system-xtensa -qtest unix:/tmp/qtest-1778110.sock -qtest-log /dev/null -chardev socket,path=/tmp/qtest-1778110.qmp,id=char0 -mon chardev=char0,mode=control -display none -audio none -machine esp32s3 -S -L pc-bios -global driver=esp32s3.gpio,property=strap_mode,value=0x00 -accel qtest
# starting QEMU: exec /home/polar/.cache/esp32s3vm/qemu-uart-40edccac4156-02c5b1fd51470c43/build-wsl/qemu-system-xtensa -qtest unix:/tmp/qtest-1778110.sock -qtest-log /dev/null -chardev socket,path=/tmp/qtest-1778110.qmp,id=char0 -mon chardev=char0,mode=control -display none -audio none -machine esp32s3 -S -L pc-bios -global driver=esp32s3.gpio,property=strap_mode,value=0x00 -accel qtest
# starting QEMU: exec /home/polar/.cache/esp32s3vm/qemu-uart-40edccac4156-02c5b1fd51470c43/build-wsl/qemu-system-xtensa -qtest unix:/tmp/qtest-1778110.sock -qtest-log /dev/null -chardev socket,path=/tmp/qtest-1778110.qmp,id=char0 -mon chardev=char0,mode=control -display none -audio none -machine esp32s3 -S -L pc-bios -global driver=esp32s3.gpio,property=strap_mode,value=0x00 -accel qtest
# starting QEMU: exec /home/polar/.cache/esp32s3vm/qemu-uart-40edccac4156-02c5b1fd51470c43/build-wsl/qemu-system-xtensa -qtest unix:/tmp/qtest-1778110.sock -qtest-log /dev/null -chardev socket,path=/tmp/qtest-1778110.qmp,id=char0 -mon chardev=char0,mode=control -display none -audio none -machine esp32s3 -S -L pc-bios -global driver=esp32s3.gpio,property=strap_mode,value=0x00 -accel qtest
# starting QEMU: exec /home/polar/.cache/esp32s3vm/qemu-uart-40edccac4156-02c5b1fd51470c43/build-wsl/qemu-system-xtensa -qtest unix:/tmp/qtest-1778110.sock -qtest-log /dev/null -chardev socket,path=/tmp/qtest-1778110.qmp,id=char0 -mon chardev=char0,mode=control -display none -audio none -machine esp32s3 -S -L pc-bios -global driver=esp32s3.gpio,property=strap_mode,value=0x00 -accel qtest
# starting QEMU: exec /home/polar/.cache/esp32s3vm/qemu-uart-40edccac4156-02c5b1fd51470c43/build-wsl/qemu-system-xtensa -qtest unix:/tmp/qtest-1778110.sock -qtest-log /dev/null -chardev socket,path=/tmp/qtest-1778110.qmp,id=char0 -mon chardev=char0,mode=control -display none -audio none -machine esp32s3 -S -L pc-bios -global driver=esp32s3.gpio,property=strap_mode,value=0x00 -accel qtest
# starting QEMU: exec /home/polar/.cache/esp32s3vm/qemu-uart-40edccac4156-02c5b1fd51470c43/build-wsl/qemu-system-xtensa -qtest unix:/tmp/qtest-1778110.sock -qtest-log /dev/null -chardev socket,path=/tmp/qtest-1778110.qmp,id=char0 -mon chardev=char0,mode=control -display none -audio none -machine esp32s3 -S -L pc-bios -global driver=esp32s3.gpio,property=strap_mode,value=0x00 -accel qtest
# starting QEMU: exec /home/polar/.cache/esp32s3vm/qemu-uart-40edccac4156-02c5b1fd51470c43/build-wsl/qemu-system-xtensa -qtest unix:/tmp/qtest-1778110.sock -qtest-log /dev/null -chardev socket,path=/tmp/qtest-1778110.qmp,id=char0 -mon chardev=char0,mode=control -display none -audio none -machine esp32s3 -S -L pc-bios -global driver=esp32s3.gpio,property=strap_mode,value=0x00 -accel qtest
# starting QEMU: exec /home/polar/.cache/esp32s3vm/qemu-uart-40edccac4156-02c5b1fd51470c43/build-wsl/qemu-system-xtensa -qtest unix:/tmp/qtest-1778110.sock -qtest-log /dev/null -chardev socket,path=/tmp/qtest-1778110.qmp,id=char0 -mon chardev=char0,mode=control -display none -audio none -machine esp32s3 -S -L pc-bios -global driver=esp32s3.gpio,property=strap_mode,value=0x00 -accel qtest
# starting QEMU: exec /home/polar/.cache/esp32s3vm/qemu-uart-40edccac4156-02c5b1fd51470c43/build-wsl/qemu-system-xtensa -qtest unix:/tmp/qtest-1778110.sock -qtest-log /dev/null -chardev socket,path=/tmp/qtest-1778110.qmp,id=char0 -mon chardev=char0,mode=control -display none -audio none -machine esp32s3 -S -L pc-bios -global driver=esp32s3.gpio,property=strap_mode,value=0x00 -accel qtest
# starting QEMU: exec /home/polar/.cache/esp32s3vm/qemu-uart-40edccac4156-02c5b1fd51470c43/build-wsl/qemu-system-xtensa -qtest unix:/tmp/qtest-1778110.sock -qtest-log /dev/null -chardev socket,path=/tmp/qtest-1778110.qmp,id=char0 -mon chardev=char0,mode=control -display none -audio none -machine esp32s3 -S -L pc-bios -global driver=esp32s3.gpio,property=strap_mode,value=0x00 -accel qtest
# starting QEMU: exec /home/polar/.cache/esp32s3vm/qemu-uart-40edccac4156-02c5b1fd51470c43/build-wsl/qemu-system-xtensa -qtest unix:/tmp/qtest-1778110.sock -qtest-log /dev/null -chardev socket,path=/tmp/qtest-1778110.qmp,id=char0 -mon chardev=char0,mode=control -display none -audio none -machine esp32s3 -S -L pc-bios -global driver=esp32s3.gpio,property=strap_mode,value=0x00 -accel qtest
# starting QEMU: exec /home/polar/.cache/esp32s3vm/qemu-uart-40edccac4156-02c5b1fd51470c43/build-wsl/qemu-system-xtensa -qtest unix:/tmp/qtest-1778110.sock -qtest-log /dev/null -chardev socket,path=/tmp/qtest-1778110.qmp,id=char0 -mon chardev=char0,mode=control -display none -audio none -machine esp32s3 -S -L pc-bios -global driver=esp32s3.gpio,property=strap_mode,value=0x00 -accel qtest
# starting QEMU: exec /home/polar/.cache/esp32s3vm/qemu-uart-40edccac4156-02c5b1fd51470c43/build-wsl/qemu-system-xtensa -qtest unix:/tmp/qtest-1778110.sock -qtest-log /dev/null -chardev socket,path=/tmp/qtest-1778110.qmp,id=char0 -mon chardev=char0,mode=control -display none -audio none -machine esp32s3 -S -L pc-bios -global driver=esp32s3.gpio,property=strap_mode,value=0x00 -accel qtest
# starting QEMU: exec /home/polar/.cache/esp32s3vm/qemu-uart-40edccac4156-02c5b1fd51470c43/build-wsl/qemu-system-xtensa -qtest unix:/tmp/qtest-1778110.sock -qtest-log /dev/null -chardev socket,path=/tmp/qtest-1778110.qmp,id=char0 -mon chardev=char0,mode=control -display none -audio none -machine esp32s3 -S -L pc-bios -global driver=esp32s3.gpio,property=strap_mode,value=0x00 -accel qtest
# starting QEMU: exec /home/polar/.cache/esp32s3vm/qemu-uart-40edccac4156-02c5b1fd51470c43/build-wsl/qemu-system-xtensa -qtest unix:/tmp/qtest-1778110.sock -qtest-log /dev/null -chardev socket,path=/tmp/qtest-1778110.qmp,id=char0 -mon chardev=char0,mode=control -display none -audio none -machine esp32s3 -S -L pc-bios -global driver=esp32s3.gpio,property=strap_mode,value=0x00 -accel qtest
# starting QEMU: exec /home/polar/.cache/esp32s3vm/qemu-uart-40edccac4156-02c5b1fd51470c43/build-wsl/qemu-system-xtensa -qtest unix:/tmp/qtest-1778110.sock -qtest-log /dev/null -chardev socket,path=/tmp/qtest-1778110.qmp,id=char0 -mon chardev=char0,mode=control -display none -audio none -machine esp32s3 -S -L pc-bios -global driver=esp32s3.gpio,property=strap_mode,value=0x00 -accel qtest
# starting QEMU: exec /home/polar/.cache/esp32s3vm/qemu-uart-40edccac4156-02c5b1fd51470c43/build-wsl/qemu-system-xtensa -qtest unix:/tmp/qtest-1778110.sock -qtest-log /dev/null -chardev socket,path=/tmp/qtest-1778110.qmp,id=char0 -mon chardev=char0,mode=control -display none -audio none -machine esp32s3 -S -L pc-bios -global driver=esp32s3.gpio,property=strap_mode,value=0x00 -accel qtest
# starting QEMU: exec /home/polar/.cache/esp32s3vm/qemu-uart-40edccac4156-02c5b1fd51470c43/build-wsl/qemu-system-xtensa -qtest unix:/tmp/qtest-1778110.sock -qtest-log /dev/null -chardev socket,path=/tmp/qtest-1778110.qmp,id=char0 -mon chardev=char0,mode=control -display none -audio none -machine esp32s3 -S -L pc-bios -global driver=esp32s3.gpio,property=strap_mode,value=0x00 -accel qtest
# starting QEMU: exec /home/polar/.cache/esp32s3vm/qemu-uart-40edccac4156-02c5b1fd51470c43/build-wsl/qemu-system-xtensa -qtest unix:/tmp/qtest-1778110.sock -qtest-log /dev/null -chardev socket,path=/tmp/qtest-1778110.qmp,id=char0 -mon chardev=char0,mode=control -display none -audio none -machine esp32s3 -S -L pc-bios -global driver=esp32s3.gpio,property=strap_mode,value=0x00 -accel qtest
# starting QEMU: exec /home/polar/.cache/esp32s3vm/qemu-uart-40edccac4156-02c5b1fd51470c43/build-wsl/qemu-system-xtensa -qtest unix:/tmp/qtest-1778110.sock -qtest-log /dev/null -chardev socket,path=/tmp/qtest-1778110.qmp,id=char0 -mon chardev=char0,mode=control -display none -audio none -machine esp32s3 -S -L pc-bios -global driver=esp32s3.gpio,property=strap_mode,value=0x00 -accel qtest
# starting QEMU: exec /home/polar/.cache/esp32s3vm/qemu-uart-40edccac4156-02c5b1fd51470c43/build-wsl/qemu-system-xtensa -qtest unix:/tmp/qtest-1778110.sock -qtest-log /dev/null -chardev socket,path=/tmp/qtest-1778110.qmp,id=char0 -mon chardev=char0,mode=control -display none -audio none -machine esp32s3 -S -L pc-bios -global driver=esp32s3.gpio,property=strap_mode,value=0x00 -accel qtest
# starting QEMU: exec /home/polar/.cache/esp32s3vm/qemu-uart-40edccac4156-02c5b1fd51470c43/build-wsl/qemu-system-xtensa -qtest unix:/tmp/qtest-1778110.sock -qtest-log /dev/null -chardev socket,path=/tmp/qtest-1778110.qmp,id=char0 -mon chardev=char0,mode=control -display none -audio none -machine esp32s3 -S -L pc-bios -global driver=esp32s3.gpio,property=strap_mode,value=0x00 -accel qtest
ok 12 /xtensa/esp32s3/mcpwm/period-shadow-field-width
# slow test /xtensa/esp32s3/mcpwm/period-shadow-field-width executed in 9.13 secs
# starting QEMU: exec /home/polar/.cache/esp32s3vm/qemu-uart-40edccac4156-02c5b1fd51470c43/build-wsl/qemu-system-xtensa -qtest unix:/tmp/qtest-1778110.sock -qtest-log /dev/null -chardev socket,path=/tmp/qtest-1778110.qmp,id=char0 -mon chardev=char0,mode=control -display none -audio none -machine esp32s3 -S -L pc-bios -global driver=esp32s3.gpio,property=strap_mode,value=0x00 -accel qtest
# starting QEMU: exec /home/polar/.cache/esp32s3vm/qemu-uart-40edccac4156-02c5b1fd51470c43/build-wsl/qemu-system-xtensa -qtest unix:/tmp/qtest-1778110.sock -qtest-log /dev/null -chardev socket,path=/tmp/qtest-1778110.qmp,id=char0 -mon chardev=char0,mode=control -display none -audio none -machine esp32s3 -S -L pc-bios -global driver=esp32s3.gpio,property=strap_mode,value=0x00 -accel qtest
# starting QEMU: exec /home/polar/.cache/esp32s3vm/qemu-uart-40edccac4156-02c5b1fd51470c43/build-wsl/qemu-system-xtensa -qtest unix:/tmp/qtest-1778110.sock -qtest-log /dev/null -chardev socket,path=/tmp/qtest-1778110.qmp,id=char0 -mon chardev=char0,mode=control -display none -audio none -machine esp32s3 -S -L pc-bios -global driver=esp32s3.gpio,property=strap_mode,value=0x00 -accel qtest
# starting QEMU: exec /home/polar/.cache/esp32s3vm/qemu-uart-40edccac4156-02c5b1fd51470c43/build-wsl/qemu-system-xtensa -qtest unix:/tmp/qtest-1778110.sock -qtest-log /dev/null -chardev socket,path=/tmp/qtest-1778110.qmp,id=char0 -mon chardev=char0,mode=control -display none -audio none -machine esp32s3 -S -L pc-bios -global driver=esp32s3.gpio,property=strap_mode,value=0x00 -accel qtest
# starting QEMU: exec /home/polar/.cache/esp32s3vm/qemu-uart-40edccac4156-02c5b1fd51470c43/build-wsl/qemu-system-xtensa -qtest unix:/tmp/qtest-1778110.sock -qtest-log /dev/null -chardev socket,path=/tmp/qtest-1778110.qmp,id=char0 -mon chardev=char0,mode=control -display none -audio none -machine esp32s3 -S -L pc-bios -global driver=esp32s3.gpio,property=strap_mode,value=0x00 -accel qtest
# starting QEMU: exec /home/polar/.cache/esp32s3vm/qemu-uart-40edccac4156-02c5b1fd51470c43/build-wsl/qemu-system-xtensa -qtest unix:/tmp/qtest-1778110.sock -qtest-log /dev/null -chardev socket,path=/tmp/qtest-1778110.qmp,id=char0 -mon chardev=char0,mode=control -display none -audio none -machine esp32s3 -S -L pc-bios -global driver=esp32s3.gpio,property=strap_mode,value=0x00 -accel qtest
ok 13 /xtensa/esp32s3/mcpwm/sync-direction-field-width
# slow test /xtensa/esp32s3/mcpwm/sync-direction-field-width executed in 2.36 secs
# starting QEMU: exec /home/polar/.cache/esp32s3vm/qemu-uart-40edccac4156-02c5b1fd51470c43/build-wsl/qemu-system-xtensa -qtest unix:/tmp/qtest-1778110.sock -qtest-log /dev/null -chardev socket,path=/tmp/qtest-1778110.qmp,id=char0 -mon chardev=char0,mode=control -display none -audio none -machine esp32s3 -S -L pc-bios -global driver=esp32s3.gpio,property=strap_mode,value=0x00 -accel qtest
# starting QEMU: exec /home/polar/.cache/esp32s3vm/qemu-uart-40edccac4156-02c5b1fd51470c43/build-wsl/qemu-system-xtensa -qtest unix:/tmp/qtest-1778110.sock -qtest-log /dev/null -chardev socket,path=/tmp/qtest-1778110.qmp,id=char0 -mon chardev=char0,mode=control -display none -audio none -machine esp32s3 -S -L pc-bios -global driver=esp32s3.gpio,property=strap_mode,value=0x00 -accel qtest
ok 14 /xtensa/esp32s3/mcpwm/sync-above-period-wrap
# slow test /xtensa/esp32s3/mcpwm/sync-above-period-wrap executed in 0.77 secs
# starting QEMU: exec /home/polar/.cache/esp32s3vm/qemu-uart-40edccac4156-02c5b1fd51470c43/build-wsl/qemu-system-xtensa -qtest unix:/tmp/qtest-1778110.sock -qtest-log /dev/null -chardev socket,path=/tmp/qtest-1778110.qmp,id=char0 -mon chardev=char0,mode=control -display none -audio none -machine esp32s3 -S -L pc-bios -global driver=esp32s3.gpio,property=strap_mode,value=0x00 -accel qtest
# starting QEMU: exec /home/polar/.cache/esp32s3vm/qemu-uart-40edccac4156-02c5b1fd51470c43/build-wsl/qemu-system-xtensa -qtest unix:/tmp/qtest-1778110.sock -qtest-log /dev/null -chardev socket,path=/tmp/qtest-1778110.qmp,id=char0 -mon chardev=char0,mode=control -display none -audio none -machine esp32s3 -S -L pc-bios -global driver=esp32s3.gpio,property=strap_mode,value=0x00 -accel qtest
# starting QEMU: exec /home/polar/.cache/esp32s3vm/qemu-uart-40edccac4156-02c5b1fd51470c43/build-wsl/qemu-system-xtensa -qtest unix:/tmp/qtest-1778110.sock -qtest-log /dev/null -chardev socket,path=/tmp/qtest-1778110.qmp,id=char0 -mon chardev=char0,mode=control -display none -audio none -machine esp32s3 -S -L pc-bios -global driver=esp32s3.gpio,property=strap_mode,value=0x00 -accel qtest
# starting QEMU: exec /home/polar/.cache/esp32s3vm/qemu-uart-40edccac4156-02c5b1fd51470c43/build-wsl/qemu-system-xtensa -qtest unix:/tmp/qtest-1778110.sock -qtest-log /dev/null -chardev socket,path=/tmp/qtest-1778110.qmp,id=char0 -mon chardev=char0,mode=control -display none -audio none -machine esp32s3 -S -L pc-bios -global driver=esp32s3.gpio,property=strap_mode,value=0x00 -accel qtest
# starting QEMU: exec /home/polar/.cache/esp32s3vm/qemu-uart-40edccac4156-02c5b1fd51470c43/build-wsl/qemu-system-xtensa -qtest unix:/tmp/qtest-1778110.sock -qtest-log /dev/null -chardev socket,path=/tmp/qtest-1778110.qmp,id=char0 -mon chardev=char0,mode=control -display none -audio none -machine esp32s3 -S -L pc-bios -global driver=esp32s3.gpio,property=strap_mode,value=0x00 -accel qtest
# starting QEMU: exec /home/polar/.cache/esp32s3vm/qemu-uart-40edccac4156-02c5b1fd51470c43/build-wsl/qemu-system-xtensa -qtest unix:/tmp/qtest-1778110.sock -qtest-log /dev/null -chardev socket,path=/tmp/qtest-1778110.qmp,id=char0 -mon chardev=char0,mode=control -display none -audio none -machine esp32s3 -S -L pc-bios -global driver=esp32s3.gpio,property=strap_mode,value=0x00 -accel qtest
ok 15 /xtensa/esp32s3/mcpwm/gate-external-edge-baseline
# slow test /xtensa/esp32s3/mcpwm/gate-external-edge-baseline executed in 2.28 secs
# starting QEMU: exec /home/polar/.cache/esp32s3vm/qemu-uart-40edccac4156-02c5b1fd51470c43/build-wsl/qemu-system-xtensa -qtest unix:/tmp/qtest-1778110.sock -qtest-log /dev/null -chardev socket,path=/tmp/qtest-1778110.qmp,id=char0 -mon chardev=char0,mode=control -display none -audio none -machine esp32s3 -S -L pc-bios -global driver=esp32s3.gpio,property=strap_mode,value=0x00 -accel qtest
# starting QEMU: exec /home/polar/.cache/esp32s3vm/qemu-uart-40edccac4156-02c5b1fd51470c43/build-wsl/qemu-system-xtensa -qtest unix:/tmp/qtest-1778110.sock -qtest-log /dev/null -chardev socket,path=/tmp/qtest-1778110.qmp,id=char0 -mon chardev=char0,mode=control -display none -audio none -machine esp32s3 -S -L pc-bios -global driver=esp32s3.gpio,property=strap_mode,value=0x00 -accel qtest
# starting QEMU: exec /home/polar/.cache/esp32s3vm/qemu-uart-40edccac4156-02c5b1fd51470c43/build-wsl/qemu-system-xtensa -qtest unix:/tmp/qtest-1778110.sock -qtest-log /dev/null -chardev socket,path=/tmp/qtest-1778110.qmp,id=char0 -mon chardev=char0,mode=control -display none -audio none -machine esp32s3 -S -L pc-bios -global driver=esp32s3.gpio,property=strap_mode,value=0x00 -accel qtest
# starting QEMU: exec /home/polar/.cache/esp32s3vm/qemu-uart-40edccac4156-02c5b1fd51470c43/build-wsl/qemu-system-xtensa -qtest unix:/tmp/qtest-1778110.sock -qtest-log /dev/null -chardev socket,path=/tmp/qtest-1778110.qmp,id=char0 -mon chardev=char0,mode=control -display none -audio none -machine esp32s3 -S -L pc-bios -global driver=esp32s3.gpio,property=strap_mode,value=0x00 -accel qtest
# starting QEMU: exec /home/polar/.cache/esp32s3vm/qemu-uart-40edccac4156-02c5b1fd51470c43/build-wsl/qemu-system-xtensa -qtest unix:/tmp/qtest-1778110.sock -qtest-log /dev/null -chardev socket,path=/tmp/qtest-1778110.qmp,id=char0 -mon chardev=char0,mode=control -display none -audio none -machine esp32s3 -S -L pc-bios -global driver=esp32s3.gpio,property=strap_mode,value=0x00 -accel qtest
# starting QEMU: exec /home/polar/.cache/esp32s3vm/qemu-uart-40edccac4156-02c5b1fd51470c43/build-wsl/qemu-system-xtensa -qtest unix:/tmp/qtest-1778110.sock -qtest-log /dev/null -chardev socket,path=/tmp/qtest-1778110.qmp,id=char0 -mon chardev=char0,mode=control -display none -audio none -machine esp32s3 -S -L pc-bios -global driver=esp32s3.gpio,property=strap_mode,value=0x00 -accel qtest
ok 16 /xtensa/esp32s3/mcpwm/ost-deasserted-status-recovery
# slow test /xtensa/esp32s3/mcpwm/ost-deasserted-status-recovery executed in 2.16 secs
# End of mcpwm tests
# End of esp32s3 tests
# End of xtensa tests
