TAP version 13
# random seed: R02Se85b03c86c6298ed9e404e751cb2008e
1..4
# Start of xtensa tests
# Start of esp32s3 tests
# Start of pcnt tests
# starting QEMU: exec /home/polar/.cache/esp32s3vm/qemu-uart-40edccac4156-02c5b1fd51470c43/build-wsl/qemu-system-xtensa -qtest unix:/tmp/qtest-1777994.sock -qtest-log /dev/null -chardev socket,path=/tmp/qtest-1777994.qmp,id=char0 -mon chardev=char0,mode=control -display none -audio none -machine esp32s3 -S -L pc-bios -global driver=esp32s3.gpio,property=strap_mode,value=0x00 -accel qtest
ok 1 /xtensa/esp32s3/pcnt/units-channels-actions
# slow test /xtensa/esp32s3/pcnt/units-channels-actions executed in 0.52 secs
# starting QEMU: exec /home/polar/.cache/esp32s3vm/qemu-uart-40edccac4156-02c5b1fd51470c43/build-wsl/qemu-system-xtensa -qtest unix:/tmp/qtest-1777994.sock -qtest-log /dev/null -chardev socket,path=/tmp/qtest-1777994.qmp,id=char0 -mon chardev=char0,mode=control -display none -audio none -machine esp32s3 -S -L pc-bios -global driver=esp32s3.gpio,property=strap_mode,value=0x00 -accel qtest
ok 2 /xtensa/esp32s3/pcnt/watchpoints-limits-irq
# slow test /xtensa/esp32s3/pcnt/watchpoints-limits-irq executed in 0.60 secs
# starting QEMU: exec /home/polar/.cache/esp32s3vm/qemu-uart-40edccac4156-02c5b1fd51470c43/build-wsl/qemu-system-xtensa -qtest unix:/tmp/qtest-1777994.sock -qtest-log /dev/null -chardev socket,path=/tmp/qtest-1777994.qmp,id=char0 -mon chardev=char0,mode=control -display none -audio none -machine esp32s3 -S -L pc-bios -global driver=esp32s3.gpio,property=strap_mode,value=0x00 -accel qtest
ok 3 /xtensa/esp32s3/pcnt/filters-stop-reset-gate
# slow test /xtensa/esp32s3/pcnt/filters-stop-reset-gate executed in 0.63 secs
# starting QEMU: exec /home/polar/.cache/esp32s3vm/qemu-uart-40edccac4156-02c5b1fd51470c43/build-wsl/qemu-system-xtensa -qtest unix:/tmp/qtest-1777994.sock -qtest-log /dev/null -chardev socket,path=/tmp/qtest-1777994.qmp,id=char0 -mon chardev=char0,mode=control -display none -audio none -machine esp32s3 -S -L pc-bios -global driver=esp32s3.gpio,property=strap_mode,value=0x00 -accel qtest
ok 4 /xtensa/esp32s3/pcnt/route-validity
# End of pcnt tests
# End of esp32s3 tests
# End of xtensa tests
