ESP-ROM:esp32s3-20210327
Build:Mar 27 2021
rst:0x1 (POWERON),boot:0x4 (SPI_FLASH_BOOT)
SPIWP:0xee
mode:DIO, clock div:1
load:0x3fce2820,len:0x14f0
load:0x403c8700,len:0xd24
load:0x403cb700,len:0x2eec
entry 0x403c8924
I (163) boot: ESP-IDF b774170f 2nd stage bootloader
I (165) boot: compile time Oct  8 2026 09:02:00
I (165) boot: Multicore bootloader
I (195) boot: chip revision: v0.0
I (196) boot: efuse block revision: v0.0
I (205) boot.esp32s3: Boot SPI Speed : 80MHz
I (206) boot.esp32s3: SPI Mode       : DIO
I (209) boot.esp32s3: SPI Flash Size : 4MB
I (233) boot: Enabling RNG early entropy source...
I (287) boot: Partition Table:
I (287) boot: ## Label            Usage          Type ST Offset   Length
I (287) boot:  0 nvs              WiFi data        01 02 00009000 00006000
I (310) boot:  1 phy_init         RF data          01 01 0000f000 00001000
I (313) boot:  2 factory          factory app      00 00 00010000 00200000
I (331) boot:  3 mem_raw          unknown          40 00 00210000 00001000
I (355) boot: End of partition table
I (360) esp_image: segment 0: paddr=00010020 vaddr=3c020020 size=0aaa8h ( 43688) map
I (411) esp_image: segment 1: paddr=0001aad0 vaddr=3fc92100 size=02ef0h ( 12016) load
I (425) esp_image: segment 2: paddr=0001d9c8 vaddr=40374000 size=02650h (  9808) load
I (438) esp_image: segment 3: paddr=00020020 vaddr=42000020 size=18a10h (100880) map
I (496) esp_image: segment 4: paddr=00038a38 vaddr=40376650 size=0ba64h ( 47716) load
I (523) esp_image: segment 5: paddr=000444a4 vaddr=50000000 size=00020h (    32) load
I (540) boot: Loaded app from partition at offset 0x10000
I (541) boot: Disabling RNG early entropy source...
W (1214) rtcinit: o_code calibration fail

I (640) cpu_start: Multicore app
I (677) cpu_start: GPIO 44 and 43 are used as console UART I/O pins
I (704) cpu_start: Pro cpu start user code
I (705) cpu_start: cpu freq: 160000000 Hz
I (706) app_init: Application information:
I (706) app_init: Project name:     memory_native
I (719) app_init: App version:      Alpha-25-g8cb306f-dirty
I (740) app_init: Compile time:     Oct  8 2026 09:01:38
I (750) app_init: ELF file SHA256:  6194f8498...
I (756) app_init: ESP-IDF:          b774170f
I (771) efuse_init: Min chip rev:     v0.0
I (775) efuse_init: Max chip rev:     v0.99 
I (777) efuse_init: Chip rev:         v0.0
I (791) heap_init: Initializing. RAM available for dynamic allocation:
I (795) heap_init: At 3FC95900 len 00053E10 (335 KiB): RAM
I (800) heap_init: At 3FCE9710 len 00005724 (21 KiB): RAM
I (811) heap_init: At 3FCF0000 len 00008000 (32 KiB): DRAM
I (819) heap_init: At 600FE000 len 00001FE8 (7 KiB): RTCRAM
I (902) spi_flash: detected chip: gd
I (908) spi_flash: flash io: dio
I (921) sleep_gpio: Configure to isolate all GPIO pins in sleep state
I (939) sleep_gpio: Enable automatic switching of GPIO sleep configuration
I (969) main_task: Started on CPU0
I (999) main_task: Calling app_main()
MEMORY_NATIVE_BOOT profile=internal idf=b774170f
MEMORY_NATIVE_SCOPE psram=not_qualified internal_leaf=only
MEMORY_NATIVE_CHECK name=flash_partitions_found result=PASS
MEMORY_NATIVE_PARTITION name=app label=factory type=0 subtype=0 address=00010000 size=00200000 encrypted=0
MEMORY_NATIVE_PARTITION name=nvs label=nvs type=1 subtype=2 address=00009000 size=00006000 encrypted=0
MEMORY_NATIVE_PARTITION name=raw label=mem_raw type=64 subtype=0 address=00210000 size=00001000 encrypted=0
MEMORY_NATIVE_CHECK name=flash_partitions_safe result=PASS
MEMORY_NATIVE_API name=flash_size code=0
MEMORY_NATIVE_CHECK name=flash_size result=PASS
MEMORY_NATIVE_CHECK name=flash_size_4m result=PASS
MEMORY_NATIVE_API name=flash_first_header code=0
MEMORY_NATIVE_CHECK name=flash_first_header result=PASS
MEMORY_NATIVE_API name=app_partition_header code=0
MEMORY_NATIVE_CHECK name=app_partition_header result=PASS
MEMORY_NATIVE_API name=app_flash_header code=0
MEMORY_NATIVE_CHECK name=app_flash_header result=PASS
MEMORY_NATIVE_BYTES name=flash_first_header length=32 fnv32=86bd8c03 prefix=e903022f24893c40ee00000009000000
MEMORY_NATIVE_BYTES name=app_first_header length=32 fnv32=cf153ad9 prefix=e906022fdc523740ee00000009000000
MEMORY_NATIVE_CHECK name=flash_headers result=PASS
MEMORY_NATIVE_API name=nvs_init code=0
MEMORY_NATIVE_CHECK name=nvs_init result=PASS
MEMORY_NATIVE_API name=nvs_open code=0
MEMORY_NATIVE_CHECK name=nvs_open result=PASS
MEMORY_NATIVE_CHECK name=nvs_fresh result=PASS
MEMORY_NATIVE_API name=raw_partition_read code=0
MEMORY_NATIVE_CHECK name=raw_partition_read result=PASS
MEMORY_NATIVE_API name=raw_flash_read code=0
MEMORY_NATIVE_CHECK name=raw_flash_read result=PASS
MEMORY_NATIVE_BYTES name=raw_fresh length=769 fnv32=3546874e prefix=ffffffffffffffffffffffffffffffff
MEMORY_NATIVE_CHECK name=raw_fresh result=PASS
MEMORY_NATIVE_PERSIST previous=0 next=1 length=769 raw_offset=37
MEMORY_NATIVE_API name=raw_erase code=0
MEMORY_NATIVE_CHECK name=raw_erase result=PASS
MEMORY_NATIVE_API name=raw_write code=0
MEMORY_NATIVE_CHECK name=raw_write result=PASS
MEMORY_NATIVE_API name=raw_partition_read code=0
MEMORY_NATIVE_CHECK name=raw_partition_read result=PASS
MEMORY_NATIVE_API name=raw_flash_read code=0
MEMORY_NATIVE_CHECK name=raw_flash_read result=PASS
MEMORY_NATIVE_BYTES name=raw_committed length=769 fnv32=14c92655 prefix=92cc7ad88a7c02c065e93955953111d5
MEMORY_NATIVE_CHECK name=raw_committed result=PASS
MEMORY_NATIVE_API name=nvs_set_blob code=0
MEMORY_NATIVE_CHECK name=nvs_set_blob result=PASS
MEMORY_NATIVE_API name=nvs_set_phase code=0
MEMORY_NATIVE_CHECK name=nvs_set_phase result=PASS
MEMORY_NATIVE_API name=nvs_commit code=0
MEMORY_NATIVE_CHECK name=nvs_commit result=PASS
MEMORY_NATIVE_API name=nvs_reopen code=0
MEMORY_NATIVE_CHECK name=nvs_reopen result=PASS
MEMORY_NATIVE_API name=nvs_get_phase code=0
MEMORY_NATIVE_CHECK name=nvs_get_phase result=PASS
MEMORY_NATIVE_API name=nvs_blob_size code=0
MEMORY_NATIVE_CHECK name=nvs_blob_size result=PASS
MEMORY_NATIVE_CHECK name=nvs_blob_length result=PASS
MEMORY_NATIVE_API name=nvs_get_blob code=0
MEMORY_NATIVE_CHECK name=nvs_get_blob result=PASS
MEMORY_NATIVE_BYTES name=nvs_committed length=769 fnv32=14c92655 prefix=92cc7ad88a7c02c065e93955953111d5
MEMORY_NATIVE_CHECK name=nvs_committed result=PASS
MEMORY_NATIVE_API name=allocate_tx code=0
MEMORY_NATIVE_CHECK name=allocate_tx result=PASS
MEMORY_NATIVE_API name=allocate_rx code=0
MEMORY_NATIVE_CHECK name=allocate_rx result=PASS
MEMORY_NATIVE_API name=tx_id code=0
MEMORY_NATIVE_CHECK name=tx_id result=PASS
MEMORY_NATIVE_API name=rx_id code=0
MEMORY_NATIVE_CHECK name=rx_id result=PASS
MEMORY_NATIVE_CHECK name=sibling_pair result=PASS
MEMORY_NATIVE_API name=free_trigger code=0
MEMORY_NATIVE_CHECK name=free_trigger result=PASS
MEMORY_NATIVE_CHECK name=trigger_available result=PASS
MEMORY_NATIVE_API name=connect_tx code=0
MEMORY_NATIVE_CHECK name=connect_tx result=PASS
MEMORY_NATIVE_API name=connect_rx code=0
MEMORY_NATIVE_CHECK name=connect_rx result=PASS
MEMORY_NATIVE_API name=strategy_tx code=0
MEMORY_NATIVE_CHECK name=strategy_tx result=PASS
MEMORY_NATIVE_API name=strategy_rx code=0
MEMORY_NATIVE_CHECK name=strategy_rx result=PASS
MEMORY_NATIVE_CHECK name=internal_descriptors result=PASS
MEMORY_NATIVE_CHECK name=internal_payloads result=PASS
MEMORY_NATIVE_API name=configure_tx code=0
MEMORY_NATIVE_CHECK name=configure_tx result=PASS
MEMORY_NATIVE_API name=configure_rx code=0
MEMORY_NATIVE_CHECK name=configure_rx result=PASS
MEMORY_NATIVE_API name=rx_alignment code=0
MEMORY_NATIVE_CHECK name=rx_alignment result=PASS
MEMORY_NATIVE_ALIGNMENT burst=16 external=0 internal_alignment=4 external_alignment=2147483648
MEMORY_NATIVE_CHECK name=supported_alignment result=PASS
MEMORY_NATIVE_API name=reset_tx code=0
MEMORY_NATIVE_CHECK name=reset_tx result=PASS
MEMORY_NATIVE_API name=reset_rx code=0
MEMORY_NATIVE_CHECK name=reset_rx result=PASS
MEMORY_NATIVE_API name=start_rx code=0
MEMORY_NATIVE_CHECK name=start_rx result=PASS
MEMORY_NATIVE_API name=start_tx code=0
MEMORY_NATIVE_CHECK name=start_tx result=PASS
MEMORY_NATIVE_DMA name=internal_m2m tx_raw=0000000b rx_raw=00000003 nodes=3
MEMORY_NATIVE_CHECK name=internal_m2m result=PASS
MEMORY_NATIVE_CHECK name=internal_m2m_data result=PASS
MEMORY_NATIVE_BYTES name=internal_m2m_data length=384 fnv32=45ea8f45 prefix=072c51769bc0e50a2f54799ec3e80d32
MEMORY_NATIVE_API name=disconnect_tx code=0
MEMORY_NATIVE_CHECK name=disconnect_tx result=PASS
MEMORY_NATIVE_API name=disconnect_rx code=0
MEMORY_NATIVE_CHECK name=disconnect_rx result=PASS
MEMORY_NATIVE_API name=delete_tx code=0
MEMORY_NATIVE_CHECK name=delete_tx result=PASS
MEMORY_NATIVE_API name=delete_rx code=0
MEMORY_NATIVE_CHECK name=delete_rx result=PASS
MEMORY_NATIVE_DONE profile=internal failures=0 result=PASS
I (2389) main_task: Returned from app_