Adding SPI flash device
esp32s3_rmt_edge ch=0 enabled=0 level=0 ns=0
esp32s3_rmt_edge ch=1 enabled=0 level=0 ns=0
esp32s3_rmt_edge ch=2 enabled=0 level=0 ns=0
esp32s3_rmt_edge ch=3 enabled=0 level=0 ns=0
esp32s3_rmt_edge ch=0 enabled=0 level=0 ns=186853230
esp32s3_rmt_edge ch=1 enabled=0 level=0 ns=186853230
esp32s3_rmt_edge ch=2 enabled=0 level=0 ns=186853230
esp32s3_rmt_edge ch=3 enabled=0 level=0 ns=186853230
esp32s3_rmt_input ch=0 valid=1 level=1 ns=340521339
esp32s3_rmt_input ch=0 valid=1 level=0 ns=1461770869
esp32s3_rmt_edge ch=0 enabled=0 level=0 ns=1486595508
esp32s3_rmt_edge ch=1 enabled=0 level=0 ns=1486595508
esp32s3_rmt_edge ch=2 enabled=0 level=0 ns=1486595508
esp32s3_rmt_edge ch=3 enabled=0 level=0 ns=1486595508
esp32s3_rmt_edge ch=0 enabled=1 level=0 ns=1631888487
esp32s3_rmt_tx_start ch=0 ns=1631888493
esp32s3_rmt_edge ch=0 enabled=1 level=1 ns=1631888493
esp32s3_rmt_edge ch=0 enabled=1 level=0 ns=1631919493
esp32s3_rmt_edge ch=0 enabled=1 level=1 ns=1631962493
esp32s3_rmt_edge ch=0 enabled=1 level=0 ns=1632010493
esp32s3_rmt_edge ch=0 enabled=1 level=1 ns=1632066493
esp32s3_rmt_edge ch=0 enabled=1 level=0 ns=1632131493
esp32s3_rmt_edge ch=0 enabled=1 level=1 ns=1632200493
esp32s3_rmt_edge ch=0 enabled=1 level=0 ns=1632282493
esp32s3_rmt_edge ch=0 enabled=1 level=1 ns=1632364493
esp32s3_rmt_edge ch=0 enabled=1 level=0 ns=1632463493
esp32s3_rmt_edge ch=0 enabled=1 level=1 ns=1632558493
esp32s3_rmt_edge ch=0 enabled=1 level=0 ns=1632603493
esp32s3_rmt_edge ch=0 enabled=1 level=1 ns=1632711493
esp32s3_rmt_edge ch=0 enabled=1 level=0 ns=1632773493
esp32s3_rmt_edge ch=0 enabled=1 level=1 ns=1632894493
esp32s3_rmt_edge ch=0 enabled=1 level=0 ns=1632973493
esp32s3_rmt_edge ch=0 enabled=1 level=1 ns=1633024493
esp32s3_rmt_edge ch=0 enabled=1 level=0 ns=1633061493
esp32s3_rmt_tx_stop ch=0 ns=1633072493
esp32s3_rmt_edge ch=0 enabled=1 level=0 ns=1633072493
esp32s3_rmt_edge ch=0 enabled=1 level=0 ns=2716401078
esp32s3_rmt_tx_start ch=0 ns=2716401084
esp32s3_rmt_edge ch=0 enabled=1 level=1 ns=2716401084
esp32s3_rmt_edge ch=0 enabled=1 level=0 ns=2716432084
esp32s3_rmt_edge ch=0 enabled=1 level=1 ns=2716475084
esp32s3_rmt_edge ch=0 enabled=1 level=0 ns=2716523084
esp32s3_rmt_edge ch=0 enabled=1 level=1 ns=2716579084
esp32s3_rmt_edge ch=0 enabled=1 level=0 ns=2716644084
esp32s3_rmt_edge ch=0 enabled=1 level=1 ns=2716713084
esp32s3_rmt_edge ch=0 enabled=1 level=0 ns=2716795084
esp32s3_rmt_edge ch=0 enabled=1 level=1 ns=2716877084
esp32s3_rmt_edge ch=0 enabled=1 level=0 ns=2716976084
esp32s3_rmt_edge ch=0 enabled=1 level=1 ns=2717071084
esp32s3_rmt_edge ch=0 enabled=1 level=0 ns=2717116084
esp32s3_rmt_edge ch=0 enabled=1 level=1 ns=2717224084
esp32s3_rmt_edge ch=0 enabled=1 level=0 ns=2717286084
esp32s3_rmt_edge ch=0 enabled=1 level=1 ns=2717407084
esp32s3_rmt_edge ch=0 enabled=1 level=0 ns=2717486084
esp32s3_rmt_edge ch=0 enabled=1 level=1 ns=2717537084
esp32s3_rmt_edge ch=0 enabled=1 level=0 ns=2717633084
esp32s3_rmt_edge ch=0 enabled=1 level=1 ns=2717697084
esp32s3_rmt_edge ch=0 enabled=1 level=0 ns=2717739084
esp32s3_rmt_edge ch=0 enabled=1 level=1 ns=2717816084
esp32s3_rmt_edge ch=0 enabled=1 level=0 ns=2717875084
esp32s3_rmt_edge ch=0 enabled=1 level=1 ns=2717965084
esp32s3_rmt_edge ch=0 enabled=1 level=0 ns=2718041084
esp32s3_rmt_edge ch=0 enabled=1 level=1 ns=2718144084
esp32s3_rmt_edge ch=0 enabled=1 level=0 ns=2718237084
esp32s3_rmt_edge ch=0 enabled=1 level=1 ns=2718353084
esp32s3_rmt_edge ch=0 enabled=1 level=0 ns=2718392084
esp32s3_rmt_edge ch=0 enabled=1 level=1 ns=2718438084
esp32s3_rmt_edge ch=0 enabled=1 level=0 ns=2718494084
esp32s3_rmt_edge ch=0 enabled=1 level=1 ns=2718553084
esp32s3_rmt_edge ch=0 enabled=1 level=0 ns=2718626084
esp32s3_rmt_edge ch=0 enabled=1 level=1 ns=2718698084
esp32s3_rmt_edge ch=0 enabled=1 level=0 ns=2718788084
esp32s3_rmt_edge ch=0 enabled=1 level=1 ns=2718873084
esp32s3_rmt_edge ch=0 enabled=1 level=0 ns=2718909084
esp32s3_rmt_edge ch=0 enabled=1 level=1 ns=2719007084
esp32s3_rmt_edge ch=0 enabled=1 level=0 ns=2719060084
esp32s3_rmt_edge ch=0 enabled=1 level=1 ns=2719171084
esp32s3_rmt_edge ch=0 enabled=1 level=0 ns=2719241084
esp32s3_rmt_edge ch=0 enabled=1 level=1 ns=2719365084
esp32s3_rmt_edge ch=0 enabled=1 level=0 ns=2719452084
esp32s3_rmt_edge ch=0 enabled=1 level=1 ns=2719506084
esp32s3_rmt_edge ch=0 enabled=1 level=0 ns=2719539084
esp32s3_rmt_edge ch=0 enabled=1 level=1 ns=2719606084
esp32s3_rmt_edge ch=0 enabled=1 level=0 ns=2719656084
esp32s3_rmt_edge ch=0 enabled=1 level=1 ns=2719736084
esp32s3_rmt_edge ch=0 enabled=1 level=0 ns=2719803084
esp32s3_rmt_edge ch=0 enabled=1 level=1 ns=2719896084
esp32s3_rmt_edge ch=0 enabled=1 level=0 ns=2719980084
esp32s3_rmt_edge ch=0 enabled=1 level=1 ns=2720086084
esp32s3_rmt_edge ch=0 enabled=1 level=0 ns=2720187084
esp32s3_rmt_edge ch=0 enabled=1 level=1 ns=2720306084
esp32s3_rmt_edge ch=0 enabled=1 level=0 ns=2720353084
esp32s3_rmt_edge ch=0 enabled=1 level=1 ns=2720402084
esp32s3_rmt_edge ch=0 enabled=1 level=0 ns=2720466084
esp32s3_rmt_edge ch=0 enabled=1 level=1 ns=2720528084
esp32s3_rmt_edge ch=0 enabled=1 level=0 ns=2720609084
esp32s3_rmt_edge ch=0 enabled=1 level=1 ns=2720684084
esp32s3_rmt_edge ch=0 enabled=1 level=0 ns=2720782084
esp32s3_rmt_edge ch=0 enabled=1 level=1 ns=2720870084
esp32s3_rmt_edge ch=0 enabled=1 level=0 ns=2720914084
esp32s3_rmt_edge ch=0 enabled=1 level=1 ns=2721015084
esp32s3_rmt_edge ch=0 enabled=1 level=0 ns=2721076084
esp32s3_rmt_edge ch=0 enabled=1 level=1 ns=2721190084
esp32s3_rmt_edge ch=0 enabled=1 level=0 ns=2721268084
esp32s3_rmt_edge ch=0 enabled=1 level=1 ns=2721312084
esp32s3_rmt_edge ch=0 enabled=1 level=0 ns=2721407084
esp32s3_rmt_edge ch=0 enabled=1 level=1 ns=2721464084
esp32s3_rmt_edge ch=0 enabled=1 level=0 ns=2721505084
esp32s3_rmt_edge ch=0 enabled=1 level=1 ns=2721575084
esp32s3_rmt_edge ch=0 enabled=1 level=0 ns=2721633084
esp32s3_rmt_edge ch=0 enabled=1 level=1 ns=2721716084
esp32s3_rmt_edge ch=0 enabled=1 level=0 ns=2721791084
esp32s3_rmt_edge ch=0 enabled=1 level=1 ns=2721887084
esp32s3_rmt_edge ch=0 enabled=1 level=0 ns=2721979084
esp32s3_rmt_edge ch=0 enabled=1 level=1 ns=2722088084
esp32s3_rmt_edge ch=0 enabled=1 level=0 ns=2722126084
esp32s3_rmt_edge ch=0 enabled=1 level=1 ns=2722248084
esp32s3_rmt_edge ch=0 enabled=1 level=0 ns=2722303084
esp32s3_rmt_edge ch=0 enabled=1 level=1 ns=2722355084
esp32s3_rmt_edge ch=0 enabled=1 level=0 ns=2722427084
esp32s3_rmt_edge ch=0 enabled=1 level=1 ns=2722492084
esp32s3_rmt_edge ch=0 enabled=1 level=0 ns=2722581084
esp32s3_rmt_edge ch=0 enabled=1 level=1 ns=2722659084
esp32s3_rmt_edge ch=0 enabled=1 level=0 ns=2722694084
esp32s3_rmt_edge ch=0 enabled=1 level=1 ns=2722785084
esp32s3_rmt_edge ch=0 enabled=1 level=0 ns=2722837084
esp32s3_rmt_edge ch=0 enabled=1 level=1 ns=2722941084
esp32s3_rmt_edge ch=0 enabled=1 level=0 ns=2723010084
esp32s3_rmt_edge ch=0 enabled=1 level=1 ns=2723127084
esp32s3_rmt_edge ch=0 enabled=1 level=0 ns=2723213084
esp32s3_rmt_edge ch=0 enabled=1 level=1 ns=2723260084
esp32s3_rmt_edge ch=0 enabled=1 level=0 ns=2723292084
esp32s3_rmt_edge ch=0 enabled=1 level=1 ns=2723352084
esp32s3_rmt_edge ch=0 enabled=1 level=0 ns=2723401084
esp32s3_rmt_edge ch=0 enabled=1 level=1 ns=2723474084
esp32s3_rmt_edge ch=0 enabled=1 level=0 ns=2723540084
esp32s3_rmt_edge ch=0 enabled=1 level=1 ns=2723626084
esp32s3_rmt_edge ch=0 enabled=1 level=0 ns=2723709084
esp32s3_rmt_edge ch=0 enabled=1 level=1 ns=2723808084
esp32s3_rmt_edge ch=0 enabled=1 level=0 ns=2723908084
esp32s3_rmt_edge ch=0 enabled=1 level=1 ns=2724020084
esp32s3_rmt_edge ch=0 enabled=1 level=0 ns=2724066084
esp32s3_rmt_edge ch=0 enabled=1 level=1 ns=2724191084
esp32s3_rmt_edge ch=0 enabled=1 level=0 ns=2724254084
esp32s3_rmt_edge ch=0 enabled=1 level=1 ns=2724309084
esp32s3_rmt_edge ch=0 enabled=1 level=0 ns=2724389084
esp32s3_rmt_edge ch=0 enabled=1 level=1 ns=2724457084
esp32s3_rmt_edge ch=0 enabled=1 level=0 ns=2724554084
esp32s3_rmt_edge ch=0 enabled=1 level=1 ns=2724635084
esp32s3_rmt_edge ch=0 enabled=1 level=0 ns=2724678084
esp32s3_rmt_edge ch=0 enabled=1 level=1 ns=2724772084
esp32s3_rmt_edge ch=0 enabled=1 level=0 ns=2724832084
esp32s3_rmt_edge ch=0 enabled=1 level=1 ns=2724939084
esp32s3_rmt_edge ch=0 enabled=1 level=0 ns=2725016084
esp32s3_rmt_edge ch=0 enabled=1 level=1 ns=2725136084
esp32s3_rmt_edge ch=0 enabled=1 level=0 ns=2725230084
esp32s3_rmt_edge ch=0 enabled=1 level=1 ns=2725280084
esp32s3_rmt_edge ch=0 enabled=1 level=0 ns=2725320084
esp32s3_rmt_edge ch=0 enabled=1 level=1 ns=2725383084
esp32s3_rmt_edge ch=0 enabled=1 level=0 ns=2725440084
esp32s3_rmt_edge ch=0 enabled=1 level=1 ns=2725516084
esp32s3_rmt_edge ch=0 enabled=1 level=0 ns=2725590084
esp32s3_rmt_edge ch=0 enabled=1 level=1 ns=2725679084
esp32s3_rmt_edge ch=0 enabled=1 level=0 ns=2725770084
esp32s3_rmt_edge ch=0 enabled=1 level=1 ns=2725872084
esp32s3_rmt_edge ch=0 enabled=1 level=0 ns=2725909084
esp32s3_rmt_edge ch=0 enabled=1 level=1 ns=2726024084
esp32s3_rmt_edge ch=0 enabled=1 level=0 ns=2726078084
esp32s3_rmt_edge ch=0 enabled=1 level=1 ns=2726123084
esp32s3_rmt_edge ch=0 enabled=1 level=0 ns=2726194084
esp32s3_rmt_edge ch=0 enabled=1 level=1 ns=2726252084
esp32s3_rmt_edge ch=0 enabled=1 level=0 ns=2726340084
esp32s3_rmt_edge ch=0 enabled=1 level=1 ns=2726411084
esp32s3_rmt_edge ch=0 enabled=1 level=0 ns=2726445084
esp32s3_rmt_edge ch=0 enabled=1 level=1 ns=2726529084
esp32s3_rmt_edge ch=0 enabled=1 level=0 ns=2726580084
esp32s3_rmt_edge ch=0 enabled=1 level=1 ns=2726677084
esp32s3_rmt_edge ch=0 enabled=1 level=0 ns=2726745084
esp32s3_rmt_edge ch=0 enabled=1 level=1 ns=2726855084
esp32s3_rmt_edge ch=0 enabled=1 level=0 ns=2726940084
esp32s3_rmt_edge ch=0 enabled=1 level=1 ns=2727063084
esp32s3_rmt_edge ch=0 enabled=1 level=0 ns=2727094084
esp32s3_rmt_edge ch=0 enabled=1 level=1 ns=2727147084
esp32s3_rmt_edge ch=0 enabled=1 level=0 ns=2727195084
esp32s3_rmt_edge ch=0 enabled=1 level=1 ns=2727261084
esp32s3_rmt_edge ch=0 enabled=1 level=0 ns=2727326084
esp32s3_rmt_edge ch=0 enabled=1 level=1 ns=2727405084
esp32s3_rmt_edge ch=0 enabled=1 level=0 ns=2727487084
esp32s3_rmt_edge ch=0 enabled=1 level=1 ns=2727579084
esp32s3_rmt_edge ch=0 enabled=1 level=0 ns=2727678084
esp32s3_rmt_edge ch=0 enabled=1 level=1 ns=2727783084
esp32s3_rmt_edge ch=0 enabled=1 level=0 ns=2727828084
esp32s3_rmt_edge ch=0 enabled=1 level=1 ns=2727946084
esp32s3_rmt_edge ch=0 enabled=1 level=0 ns=2728008084
esp32s3_rmt_edge ch=0 enabled=1 level=1 ns=2728056084
esp32s3_rmt_edge ch=0 enabled=1 level=0 ns=2728135084
esp32s3_rmt_edge ch=0 enabled=1 level=1 ns=2728196084
esp32s3_rmt_edge ch=0 enabled=1 level=0 ns=2728292084
esp32s3_rmt_edge ch=0 enabled=1 level=1 ns=2728366084
esp32s3_rmt_edge ch=0 enabled=1 level=0 ns=2728408084
esp32s3_rmt_edge ch=0 enabled=1 level=1 ns=2728495084
esp32s3_rmt_edge ch=0 enabled=1 level=0 ns=2728554084
esp32s3_rmt_edge ch=0 enabled=1 level=1 ns=2728654084
esp32s3_rmt_edge ch=0 enabled=1 level=0 ns=2728730084
esp32s3_rmt_edge ch=0 enabled=1 level=1 ns=2728843084
esp32s3_rmt_edge ch=0 enabled=1 level=0 ns=2728936084
esp32s3_rmt_edge ch=0 enabled=1 level=1 ns=2728979084
esp32s3_rmt_edge ch=0 enabled=1 level=0 ns=2729018084
esp32s3_rmt_edge ch=0 enabled=1 level=1 ns=2729074084
esp32s3_rmt_edge ch=0 enabled=1 level=0 ns=2729130084
esp32s3_rmt_edge ch=0 enabled=1 level=1 ns=2729199084
esp32s3_rmt_edge ch=0 enabled=1 level=0 ns=2729272084
esp32s3_rmt_edge ch=0 enabled=1 level=1 ns=2729354084
esp32s3_rmt_edge ch=0 enabled=1 level=0 ns=2729444084
esp32s3_rmt_edge ch=0 enabled=1 level=1 ns=2729539084
esp32s3_rmt_edge ch=0 enabled=1 level=0 ns=2729575084
esp32s3_rmt_edge ch=0 enabled=1 level=1 ns=2729683084
esp32s3_rmt_edge ch=0 enabled=1 level=0 ns=2729736084
esp32s3_rmt_edge ch=0 enabled=1 level=1 ns=2729857084
esp32s3_rmt_edge ch=0 enabled=1 level=0 ns=2729927084
esp32s3_rmt_edge ch=0 enabled=1 level=1 ns=2729978084
esp32s3_rmt_edge ch=0 enabled=1 level=0 ns=2730065084
esp32s3_rmt_edge ch=0 enabled=1 level=1 ns=2730129084
esp32s3_rmt_edge ch=0 enabled=1 level=0 ns=2730162084
esp32s3_rmt_edge ch=0 enabled=1 level=1 ns=2730239084
esp32s3_rmt_edge ch=0 enabled=1 level=0 ns=2730289084
esp32s3_rmt_edge ch=0 enabled=1 level=1 ns=2730379084
esp32s3_rmt_edge ch=0 enabled=1 level=0 ns=2730446084
esp32s3_rmt_edge ch=0 enabled=1 level=1 ns=2730549084
esp32s3_rmt_edge ch=0 enabled=1 level=0 ns=2730633084
esp32s3_rmt_edge ch=0 enabled=1 level=1 ns=2730749084
esp32s3_rmt_edge ch=0 enabled=1 level=0 ns=2730850084
esp32s3_rmt_edge ch=0 enabled=1 level=1 ns=2730896084
esp32s3_rmt_edge ch=0 enabled=1 level=0 ns=2730943084
esp32s3_rmt_edge ch=0 enabled=1 level=1 ns=2731002084
esp32s3_rmt_edge ch=0 enabled=1 level=0 ns=2731066084
esp32s3_rmt_edge ch=0 enabled=1 level=1 ns=2731138084
esp32s3_rmt_edge ch=0 enabled=1 level=0 ns=2731219084
esp32s3_rmt_edge ch=0 enabled=1 level=1 ns=2731304084
esp32s3_rmt_edge ch=0 enabled=1 level=0 ns=2731402084
esp32s3_rmt_edge ch=0 enabled=1 level=1 ns=2731500084
esp32s3_rmt_edge ch=0 enabled=1 level=0 ns=2731544084
esp32s3_rmt_edge ch=0 enabled=1 level=1 ns=2731655084
esp32s3_rmt_edge ch=0 enabled=1 level=0 ns=2731716084
esp32s3_rmt_edge ch=0 enabled=1 level=1 ns=2731840084
esp32s3_rmt_edge ch=0 enabled=1 level=0 ns=2731918084
esp32s3_rmt_edge ch=0 enabled=1 level=1 ns=2731972084
esp32s3_rmt_edge ch=0 enabled=1 level=0 ns=2732067084
esp32s3_rmt_edge ch=0 enabled=1 level=1 ns=2732134084
esp32s3_rmt_edge ch=0 enabled=1 level=0 ns=2732175084
esp32s3_rmt_edge ch=0 enabled=1 level=1 ns=2732255084
esp32s3_rmt_edge ch=0 enabled=1 level=0 ns=2732313084
esp32s3_rmt_edge ch=0 enabled=1 level=1 ns=2732406084
esp32s3_rmt_edge ch=0 enabled=1 level=0 ns=2732481084
esp32s3_rmt_edge ch=0 enabled=1 level=1 ns=2732587084
esp32s3_rmt_edge ch=0 enabled=1 level=0 ns=2732679084
esp32s3_rmt_edge ch=0 enabled=1 level=1 ns=2732798084
esp32s3_rmt_edge ch=0 enabled=1 level=0 ns=2732836084
esp32s3_rmt_edge ch=0 enabled=1 level=1 ns=2732885084
esp32s3_rmt_edge ch=0 enabled=1 level=0 ns=2732940084
esp32s3_rmt_edge ch=0 enabled=1 level=1 ns=2733002084
esp32s3_rmt_edge ch=0 enabled=1 level=0 ns=2733074084
esp32s3_rmt_edge ch=0 enabled=1 level=1 ns=2733149084
esp32s3_rmt_edge ch=0 enabled=1 level=0 ns=2733238084
esp32s3_rmt_edge ch=0 enabled=1 level=1 ns=2733326084
esp32s3_rmt_edge ch=0 enabled=1 level=0 ns=2733361084
esp32s3_rmt_edge ch=0 enabled=1 level=1 ns=2733462084
esp32s3_rmt_edge ch=0 enabled=1 level=0 ns=2733514084
esp32s3_rmt_edge ch=0 enabled=1 level=1 ns=2733628084
esp32s3_rmt_edge ch=0 enabled=1 level=0 ns=2733697084
esp32s3_rmt_edge ch=0 enabled=1 level=1 ns=2733741084
esp32s3_rmt_edge ch=0 enabled=1 level=0 ns=2733827084
esp32s3_rmt_edge ch=0 enabled=1 level=1 ns=2733884084
esp32s3_rmt_edge ch=0 enabled=1 level=0 ns=2733916084
esp32s3_rmt_edge ch=0 enabled=1 level=1 ns=2733986084
esp32s3_rmt_edge ch=0 enabled=1 level=0 ns=2734035084
esp32s3_rmt_edge ch=0 enabled=1 level=1 ns=2734118084
esp32s3_rmt_edge ch=0 enabled=1 level=0 ns=2734184084
esp32s3_rmt_edge ch=0 enabled=1 level=1 ns=2734280084
esp32s3_rmt_edge ch=0 enabled=1 level=0 ns=2734317084
esp32s3_rmt_tx_stop ch=0 ns=2734328084
esp32s3_rmt_edge ch=0 enabled=1 level=0 ns=2734328084
esp32s3_rmt_edge ch=0 enabled=1 level=0 ns=2910908658
esp32s3_rmt_tx_start ch=0 ns=2910908664
esp32s3_rmt_edge ch=0 enabled=1 level=1 ns=2910908664
esp32s3_rmt_edge ch=0 enabled=1 level=0 ns=2910910664
esp32s3_rmt_tx_stop ch=0 ns=2910911664
esp32s3_rmt_edge ch=0 enabled=1 level=0 ns=2910911664
esp32s3_rmt_edge ch=0 enabled=1 level=0 ns=2944325391
esp32s3_rmt_tx_start ch=0 ns=2944325397
esp32s3_rmt_edge ch=0 enabled=1 level=1 ns=2944325397
esp32s3_rmt_edge ch=0 enabled=1 level=0 ns=2944345397
esp32s3_rmt_tx_stop ch=0 ns=2944355397
esp32s3_rmt_edge ch=0 enabled=1 level=0 ns=2944355397
esp32s3_rmt_edge ch=0 enabled=1 level=0 ns=3130968575
esp32s3_rmt_tx_start ch=0 ns=3130968581
esp32s3_rmt_edge ch=0 enabled=1 level=1 ns=3130968581
esp32s3_rmt_edge ch=0 enabled=1 level=0 ns=3131168581
esp32s3_rmt_edge ch=0 enabled=1 level=1 ns=3131368581
esp32s3_rmt_edge ch=0 enabled=1 level=0 ns=3131568581
esp32s3_rmt_edge ch=0 enabled=1 level=1 ns=3131768581
esp32s3_rmt_edge ch=0 enabled=1 level=0 ns=3131968581
esp32s3_rmt_edge ch=0 enabled=1 level=1 ns=3132168581
esp32s3_rmt_edge ch=0 enabled=1 level=0 ns=3132368581
esp32s3_rmt_edge ch=0 enabled=1 level=1 ns=3132568581
esp32s3_rmt_edge ch=0 enabled=1 level=0 ns=3132768581
esp32s3_rmt_edge ch=0 enabled=1 level=1 ns=3132968581
esp32s3_rmt_edge ch=0 enabled=1 level=0 ns=3133168581
esp32s3_rmt_edge ch=0 enabled=1 level=1 ns=3133368581
esp32s3_rmt_edge ch=0 enabled=1 level=0 ns=3133568581
esp32s3_rmt_edge ch=0 enabled=1 level=1 ns=3133768581
esp32s3_rmt_edge ch=0 enabled=1 level=0 ns=3133968581
esp32s3_rmt_edge ch=0 enabled=1 level=1 ns=3134168581
esp32s3_rmt_edge ch=0 enabled=1 level=0 ns=3134368581
esp32s3_rmt_edge ch=0 enabled=1 level=1 ns=3134568581
esp32s3_rmt_edge ch=0 enabled=1 level=0 ns=3134768581
esp32s3_rmt_edge ch=0 enabled=1 level=1 ns=3134968581
esp32s3_rmt_edge ch=0 enabled=1 level=0 ns=3135168581
esp32s3_rmt_edge ch=0 enabled=1 level=1 ns=3135368581
esp32s3_rmt_edge ch=0 enabled=1 level=0 ns=3135568581
esp32s3_rmt_edge ch=0 enabled=1 level=1 ns=3135768581
esp32s3_rmt_tx_stop ch=0 ns=3135826837
esp32s3_rmt_edge ch=0 enabled=1 level=0 ns=3135826837
esp32s3_rmt_edge ch=0 enabled=1 level=0 ns=3414557106
esp32s3_rmt_tx_start ch=0 ns=3414557112
esp32s3_rmt_edge ch=0 enabled=1 level=1 ns=3414557112
esp32s3_rmt_edge ch=0 enabled=1 level=0 ns=3414588112
esp32s3_rmt_edge ch=0 enabled=1 level=1 ns=3414631112
esp32s3_rmt_edge ch=0 enabled=1 level=0 ns=3414679112
esp32s3_rmt_edge ch=0 enabled=1 level=1 ns=3414735112
esp32s3_rmt_edge ch=0 enabled=1 level=0 ns=3414800112
esp32s3_rmt_edge ch=0 enabled=1 level=1 ns=3414869112
esp32s3_rmt_edge ch=0 enabled=1 level=0 ns=3414951112
esp32s3_rmt_edge ch=0 enabled=1 level=1 ns=3415033112
esp32s3_rmt_edge ch=0 enabled=1 level=0 ns=3415132112
esp32s3_rmt_edge ch=0 enabled=1 level=1 ns=3415227112
esp32s3_rmt_edge ch=0 enabled=1 level=0 ns=3415272112
esp32s3_rmt_edge ch=0 enabled=1 level=1 ns=3415380112
esp32s3_rmt_edge ch=0 enabled=1 level=0 ns=3415442112
esp32s3_rmt_edge ch=0 enabled=1 level=1 ns=3415563112
esp32s3_rmt_edge ch=0 enabled=1 level=0 ns=3415642112
esp32s3_rmt_edge ch=0 enabled=1 level=1 ns=3415693112
esp32s3_rmt_edge ch=0 enabled=1 level=0 ns=3415730112
esp32s3_rmt_tx_stop ch=0 ns=3415741112
esp32s3_rmt_edge ch=0 enabled=1 level=0 ns=3415741112
esp32s3_rmt_edge ch=0 enabled=1 level=0 ns=3622105455
esp32s3_rmt_tx_start ch=0 ns=3622105461
esp32s3_rmt_edge ch=0 enabled=1 level=1 ns=3622105461
esp32s3_rmt_edge ch=0 enabled=1 level=0 ns=3622110461
esp32s3_rmt_edge ch=0 enabled=1 level=1 ns=3622115461
esp32s3_rmt_edge ch=0 enabled=1 level=0 ns=3622120461
esp32s3_rmt_edge ch=0 enabled=1 level=1 ns=3622125461
esp32s3_rmt_edge ch=0 enabled=1 level=0 ns=3622130461
esp32s3_rmt_edge ch=0 enabled=1 level=1 ns=3622135461
esp32s3_rmt_edge ch=0 enabled=1 level=0 ns=3622140461
esp32s3_rmt_edge ch=0 enabled=1 level=1 ns=3622145461
esp32s3_rmt_edge ch=0 enabled=1 level=0 ns=3622150461
esp32s3_rmt_edge ch=0 enabled=1 level=1 ns=3622155461
esp32s3_rmt_edge ch=0 enabled=1 level=0 ns=3622160461
esp32s3_rmt_edge ch=0 enabled=1 level=1 ns=3622165461
esp32s3_rmt_edge ch=0 enabled=1 level=0 ns=3622170461
esp32s3_rmt_edge ch=0 enabled=1 level=1 ns=3622175461
esp32s3_rmt_edge ch=0 enabled=1 level=0 ns=3622180461
esp32s3_rmt_edge ch=0 enabled=1 level=1 ns=3622185461
esp32s3_rmt_edge ch=0 enabled=1 level=0 ns=3622190461
esp32s3_rmt_edge ch=0 enabled=1 level=1 ns=3622195461
esp32s3_rmt_edge ch=0 enabled=1 level=0 ns=3622200461
esp32s3_rmt_edge ch=0 enabled=1 level=0 ns=3622205461
esp32s3_rmt_tx_stop ch=0 ns=3622255461
esp32s3_rmt_edge ch=0 enabled=1 level=0 ns=3622255461
esp32s3_rmt_input ch=1 valid=1 level=0 ns=3786990852
esp32s3_rmt_edge ch=0 enabled=1 level=0 ns=3982166765
esp32s3_rmt_edge ch=1 enabled=1 level=0 ns=4016191148
esp32s3_rmt_tx_start ch=0 ns=4016191154
esp32s3_rmt_edge ch=0 enabled=1 level=1 ns=4016191154
esp32s3_rmt_tx_start ch=1 ns=4016191154
esp32s3_rmt_edge ch=1 enabled=1 level=1 ns=4016191154
esp32s3_rmt_edge ch=0 enabled=1 level=0 ns=4016222154
esp32s3_rmt_edge ch=1 enabled=1 level=0 ns=4016222154
esp32s3_rmt_edge ch=0 enabled=1 level=1 ns=4016265154
esp32s3_rmt_edge ch=1 enabled=1 level=1 ns=4016265154
esp32s3_rmt_edge ch=0 enabled=1 level=0 ns=4016313154
esp32s3_rmt_edge ch=1 enabled=1 level=0 ns=4016313154
esp32s3_rmt_edge ch=0 enabled=1 level=1 ns=4016369154
esp32s3_rmt_edge ch=1 enabled=1 level=1 ns=4016369154
esp32s3_rmt_edge ch=0 enabled=1 level=0 ns=4016434154
esp32s3_rmt_edge ch=1 enabled=1 level=0 ns=4016434154
esp32s3_rmt_edge ch=0 enabled=1 level=1 ns=4016503154
esp32s3_rmt_edge ch=1 enabled=1 level=1 ns=4016503154
esp32s3_rmt_edge ch=0 enabled=1 level=0 ns=4016585154
esp32s3_rmt_edge ch=1 enabled=1 level=0 ns=4016585154
esp32s3_rmt_edge ch=0 enabled=1 level=1 ns=4016667154
esp32s3_rmt_edge ch=1 enabled=1 level=1 ns=4016667154
esp32s3_rmt_edge ch=0 enabled=1 level=0 ns=4016766154
esp32s3_rmt_edge ch=1 enabled=1 level=0 ns=4016766154
esp32s3_rmt_edge ch=0 enabled=1 level=1 ns=4016861154
esp32s3_rmt_edge ch=1 enabled=1 level=1 ns=4016861154
esp32s3_rmt_edge ch=0 enabled=1 level=0 ns=4016906154
esp32s3_rmt_edge ch=1 enabled=1 level=0 ns=4016906154
esp32s3_rmt_edge ch=0 enabled=1 level=1 ns=4017014154
esp32s3_rmt_edge ch=1 enabled=1 level=1 ns=4017014154
esp32s3_rmt_edge ch=0 enabled=1 level=0 ns=4017076154
esp32s3_rmt_edge ch=1 enabled=1 level=0 ns=4017076154
esp32s3_rmt_edge ch=0 enabled=1 level=1 ns=4017197154
esp32s3_rmt_edge ch=1 enabled=1 level=1 ns=4017197154
esp32s3_rmt_edge ch=0 enabled=1 level=0 ns=4017276154
esp32s3_rmt_edge ch=1 enabled=1 level=0 ns=4017276154
esp32s3_rmt_edge ch=0 enabled=1 level=1 ns=4017327154
esp32s3_rmt_edge ch=1 enabled=1 level=1 ns=4017327154
esp32s3_rmt_edge ch=0 enabled=1 level=0 ns=4017364154
esp32s3_rmt_edge ch=1 enabled=1 level=0 ns=4017364154
esp32s3_rmt_tx_stop ch=0 ns=4017375154
esp32s3_rmt_edge ch=0 enabled=1 level=0 ns=4017375154
esp32s3_rmt_tx_stop ch=1 ns=4017375154
esp32s3_rmt_edge ch=1 enabled=1 level=0 ns=4017375154
esp32s3_rmt_edge ch=0 enabled=1 level=0 ns=4444374584
esp32s3_rmt_tx_start ch=0 ns=4444374590
esp32s3_rmt_edge ch=0 enabled=1 level=1 ns=4444374590
esp32s3_rmt_edge ch=0 enabled=1 level=0 ns=4453374590
esp32s3_rmt_edge ch=0 enabled=1 level=1 ns=4457874590
esp32s3_rmt_edge ch=0 enabled=1 level=0 ns=4458434590
esp32s3_rmt_edge ch=0 enabled=1 level=1 ns=4458994590
esp32s3_rmt_edge ch=0 enabled=1 level=0 ns=4459554590
esp32s3_rmt_edge ch=0 enabled=1 level=1 ns=4460114590
esp32s3_rmt_edge ch=0 enabled=1 level=0 ns=4460674590
esp32s3_rmt_edge ch=0 enabled=1 level=1 ns=4462364590
esp32s3_rmt_edge ch=0 enabled=1 level=0 ns=4462924590
esp32s3_rmt_edge ch=0 enabled=1 level=1 ns=4463484590
esp32s3_rmt_edge ch=0 enabled=1 level=0 ns=4464044590
esp32s3_rmt_edge ch=0 enabled=1 level=1 ns=4465734590
esp32s3_rmt_edge ch=0 enabled=1 level=0 ns=4466294590
esp32s3_rmt_edge ch=0 enabled=1 level=1 ns=4467984590
esp32s3_rmt_edge ch=0 enabled=1 level=0 ns=4468544590
esp32s3_rmt_edge ch=0 enabled=1 level=1 ns=4469104590
esp32s3_rmt_edge ch=0 enabled=1 level=0 ns=4469664590
esp32s3_rmt_edge ch=0 enabled=1 level=1 ns=4470224590
esp32s3_rmt_edge ch=0 enabled=1 level=0 ns=4470784590
esp32s3_rmt_edge ch=0 enabled=1 level=1 ns=4472474590
esp32s3_rmt_edge ch=0 enabled=1 level=0 ns=4473034590
esp32s3_rmt_edge ch=0 enabled=1 level=1 ns=4474724590
esp32s3_rmt_edge ch=0 enabled=1 level=0 ns=4475284590
esp32s3_rmt_edge ch=0 enabled=1 level=1 ns=4475844590
esp32s3_rmt_edge ch=0 enabled=1 level=0 ns=4476404590
esp32s3_rmt_edge ch=0 enabled=1 level=1 ns=4478094590
esp32s3_rmt_edge ch=0 enabled=1 level=0 ns=4478654590
esp32s3_rmt_edge ch=0 enabled=1 level=1 ns=4479214590
esp32s3_rmt_edge ch=0 enabled=1 level=0 ns=4479774590
esp32s3_rmt_edge ch=0 enabled=1 level=1 ns=4480334590
esp32s3_rmt_edge ch=0 enabled=1 level=0 ns=4480894590
esp32s3_rmt_edge ch=0 enabled=1 level=1 ns=4482584590
esp32s3_rmt_edge ch=0 enabled=1 level=0 ns=4483144590
esp32s3_rmt_edge ch=0 enabled=1 level=1 ns=4484834590
esp32s3_rmt_edge ch=0 enabled=1 level=0 ns=4485394590
esp32s3_rmt_edge ch=0 enabled=1 level=1 ns=4487084590
esp32s3_rmt_edge ch=0 enabled=1 level=0 ns=4487644590
esp32s3_rmt_edge ch=0 enabled=1 level=1 ns=4489334590
esp32s3_rmt_edge ch=0 enabled=1 level=0 ns=4489894590
esp32s3_rmt_edge ch=0 enabled=1 level=1 ns=4491584590
esp32s3_rmt_edge ch=0 enabled=1 level=0 ns=4492144590
esp32s3_rmt_edge ch=0 enabled=1 level=1 ns=4492704590
esp32s3_rmt_edge ch=0 enabled=1 level=0 ns=4493264590
esp32s3_rmt_edge ch=0 enabled=1 level=1 ns=4493824590
esp32s3_rmt_edge ch=0 enabled=1 level=0 ns=4494384590
esp32s3_rmt_edge ch=0 enabled=1 level=1 ns=4496074590
esp32s3_rmt_edge ch=0 enabled=1 level=0 ns=4496634590
esp32s3_rmt_edge ch=0 enabled=1 level=1 ns=4497194590
esp32s3_rmt_edge ch=0 enabled=1 level=0 ns=4497754590
esp32s3_rmt_edge ch=0 enabled=1 level=1 ns=4499444590
esp32s3_rmt_edge ch=0 enabled=1 level=0 ns=4500004590
esp32s3_rmt_edge ch=0 enabled=1 level=1 ns=4500564590
esp32s3_rmt_edge ch=0 enabled=1 level=0 ns=4501124590
esp32s3_rmt_edge ch=0 enabled=1 level=1 ns=4501684590
esp32s3_rmt_edge ch=0 enabled=1 level=0 ns=4502244590
esp32s3_rmt_edge ch=0 enabled=1 level=1 ns=4502804590
esp32s3_rmt_edge ch=0 enabled=1 level=0 ns=4503364590
esp32s3_rmt_edge ch=0 enabled=1 level=1 ns=4505054590
esp32s3_rmt_edge ch=0 enabled=1 level=0 ns=4505614590
esp32s3_rmt_edge ch=0 enabled=1 level=1 ns=4507304590
esp32s3_rmt_edge ch=0 enabled=1 level=0 ns=4507864590
esp32s3_rmt_edge ch=0 enabled=1 level=1 ns=4508424590
esp32s3_rmt_edge ch=0 enabled=1 level=0 ns=4508984590
esp32s3_rmt_edge ch=0 enabled=1 level=1 ns=4510674590
esp32s3_rmt_edge ch=0 enabled=1 level=0 ns=4511234590
esp32s3_rmt_edge ch=0 enabled=1 level=1 ns=4511794590
esp32s3_rmt_edge ch=0 enabled=1 level=0 ns=4512354590
esp32s3_rmt_tx_stop ch=0 ns=4513354590
esp32s3_rmt_edge ch=0 enabled=1 level=0 ns=4513354590
esp32s3_rmt_edge ch=0 enabled=0 level=0 ns=4682219779
esp32s3_rmt_edge ch=1 enabled=0 level=0 ns=4682219779
esp32s3_rmt_edge ch=2 enabled=0 level=0 ns=4682219779
esp32s3_rmt_edge ch=3 enabled=0 level=0 ns=4682219779
esp32s3_rmt_edge ch=0 enabled=1 level=0 ns=4829335486
esp32s3_rmt_tx_start ch=0 ns=4829335492
esp32s3_rmt_edge ch=0 enabled=1 level=1 ns=4829335492
esp32s3_rmt_edge ch=0 enabled=1 level=0 ns=4829350992
esp32s3_rmt_edge ch=0 enabled=1 level=1 ns=4829372492
esp32s3_rmt_edge ch=0 enabled=1 level=0 ns=4829396492
esp32s3_rmt_edge ch=0 enabled=1 level=1 ns=4829424492
esp32s3_rmt_edge ch=0 enabled=1 level=0 ns=4829456992
esp32s3_rmt_edge ch=0 enabled=1 level=1 ns=4829491492
esp32s3_rmt_edge ch=0 enabled=1 level=0 ns=4829532492
esp32s3_rmt_edge ch=0 enabled=1 level=1 ns=4829573492
esp32s3_rmt_edge ch=0 enabled=1 level=0 ns=4829622992
esp32s3_rmt_edge ch=0 enabled=1 level=1 ns=4829670492
esp32s3_rmt_edge ch=0 enabled=1 level=0 ns=4829692992
esp32s3_rmt_edge ch=0 enabled=1 level=1 ns=4829746992
esp32s3_rmt_edge ch=0 enabled=1 level=0 ns=4829777992
esp32s3_rmt_edge ch=0 enabled=1 level=1 ns=4829838492
esp32s3_rmt_edge ch=0 enabled=1 level=0 ns=4829877992
esp32s3_rmt_edge ch=0 enabled=1 level=1 ns=4829903492
esp32s3_rmt_edge ch=0 enabled=1 level=0 ns=4829921992
esp32s3_rmt_tx_stop ch=0 ns=4829927492
esp32s3_rmt_edge ch=0 enabled=1 level=0 ns=4829927492
esp32s3_rmt_edge ch=0 enabled=0 level=0 ns=5023955480
esp32s3_rmt_edge ch=1 enabled=0 level=0 ns=5023955480
esp32s3_rmt_edge ch=2 enabled=0 level=0 ns=5023955480
esp32s3_rmt_edge ch=3 enabled=0 level=0 ns=5023955480
esp32s3_rmt_edge ch=0 enabled=1 level=0 ns=5173414696
esp32s3_rmt_tx_start ch=0 ns=5173414702
esp32s3_rmt_edge ch=0 enabled=1 level=1 ns=5173414702
esp32s3_rmt_edge ch=0 enabled=1 level=0 ns=5173476702
esp32s3_rmt_edge ch=0 enabled=1 level=1 ns=5173562702
esp32s3_rmt_edge ch=0 enabled=1 level=0 ns=5173658702
esp32s3_rmt_edge ch=0 enabled=1 level=1 ns=5173770702
esp32s3_rmt_edge ch=0 enabled=1 level=0 ns=5173900702
esp32s3_rmt_edge ch=0 enabled=1 level=1 ns=5174038702
esp32s3_rmt_edge ch=0 enabled=1 level=0 ns=5174202702
esp32s3_rmt_edge ch=0 enabled=1 level=1 ns=5174366702
esp32s3_rmt_edge ch=0 enabled=1 level=0 ns=5174564702
esp32s3_rmt_edge ch=0 enabled=1 level=1 ns=5174754702
esp32s3_rmt_edge ch=0 enabled=1 level=0 ns=5174844702
esp32s3_rmt_edge ch=0 enabled=1 level=1 ns=5175060702
esp32s3_rmt_edge ch=0 enabled=1 level=0 ns=5175184702
esp32s3_rmt_edge ch=0 enabled=1 level=1 ns=5175426702
esp32s3_rmt_edge ch=0 enabled=1 level=0 ns=5175584702
esp32s3_rmt_edge ch=0 enabled=1 level=1 ns=5175686702
esp32s3_rmt_edge ch=0 enabled=1 level=0 ns=5175760702
esp32s3_rmt_tx_stop ch=0 ns=5175782702
esp32s3_rmt_edge ch=0 enabled=1 level=0 ns=5175782702
esp32s3_rmt_edge ch=0 enabled=0 level=0 ns=5368997034
esp32s3_rmt_edge ch=1 enabled=0 level=0 ns=5368997034
esp32s3_rmt_edge ch=2 enabled=0 level=0 ns=5368997034
esp32s3_rmt_edge ch=3 enabled=0 level=0 ns=5368997034
esp32s3_rmt_edge ch=0 enabled=1 level=0 ns=5470197283
esp32s3_rmt_tx_start ch=0 ns=5470197289
esp32s3_rmt_edge ch=0 enabled=1 level=1 ns=5470197289
esp32s3_rmt_edge ch=0 enabled=1 level=0 ns=5470197689
esp32s3_rmt_edge ch=0 enabled=1 level=1 ns=5470198539
esp32s3_rmt_edge ch=0 enabled=1 level=0 ns=5470198939
esp32s3_rmt_edge ch=0 enabled=1 level=1 ns=5470199789
esp32s3_rmt_edge ch=0 enabled=1 level=0 ns=5470200189
esp32s3_rmt_edge ch=0 enabled=1 level=1 ns=5470201039
esp32s3_rmt_edge ch=0 enabled=1 level=0 ns=5470201839
esp32s3_rmt_edge ch=0 enabled=1 level=1 ns=5470202289
esp32s3_rmt_edge ch=0 enabled=1 level=0 ns=5470202689
esp32s3_rmt_edge ch=0 enabled=1 level=1 ns=5470203539
esp32s3_rmt_edge ch=0 enabled=1 level=0 ns=5470203939
esp32s3_rmt_edge ch=0 enabled=1 level=1 ns=5470204789
esp32s3_rmt_edge ch=0 enabled=1 level=0 ns=5470205589
esp32s3_rmt_edge ch=0 enabled=1 level=1 ns=5470206039
esp32s3_rmt_edge ch=0 enabled=1 level=0 ns=5470206439
esp32s3_rmt_edge ch=0 enabled=1 level=1 ns=5470207289
esp32s3_rmt_edge ch=0 enabled=1 level=0 ns=5470207689
esp32s3_rmt_edge ch=0 enabled=1 level=1 ns=5470208539
esp32s3_rmt_edge ch=0 enabled=1 level=0 ns=5470208939
esp32s3_rmt_edge ch=0 enabled=1 level=1 ns=5470209789
esp32s3_rmt_edge ch=0 enabled=1 level=0 ns=5470210589
esp32s3_rmt_edge ch=0 enabled=1 level=1 ns=5470211039
esp32s3_rmt_edge ch=0 enabled=1 level=0 ns=5470211839
esp32s3_rmt_edge ch=0 enabled=1 level=1 ns=5470212289
esp32s3_rmt_edge ch=0 enabled=1 level=0 ns=5470212689
esp32s3_rmt_edge ch=0 enabled=1 level=1 ns=5470213539
esp32s3_rmt_edge ch=0 enabled=1 level=0 ns=5470214339
esp32s3_rmt_edge ch=0 enabled=1 level=1 ns=5470214789
esp32s3_rmt_edge ch=0 enabled=1 level=0 ns=5470215189
esp32s3_rmt_edge ch=0 enabled=1 level=1 ns=5470216039
esp32s3_rmt_edge ch=0 enabled=1 level=0 ns=5470216439
esp32s3_rmt_edge ch=0 enabled=1 level=1 ns=5470217289
esp32s3_rmt_edge ch=0 enabled=1 level=0 ns=5470217689
esp32s3_rmt_edge ch=0 enabled=1 level=1 ns=5470218539
esp32s3_rmt_edge ch=0 enabled=1 level=0 ns=5470219339
esp32s3_rmt_edge ch=0 enabled=1 level=1 ns=5470219789
esp32s3_rmt_edge ch=0 enabled=1 level=0 ns=5470220189
esp32s3_rmt_edge ch=0 enabled=1 level=1 ns=5470221039
esp32s3_rmt_edge ch=0 enabled=1 level=0 ns=5470221839
esp32s3_rmt_edge ch=0 enabled=1 level=1 ns=5470222289
esp32s3_rmt_edge ch=0 enabled=1 level=0 ns=5470222689
esp32s3_rmt_edge ch=0 enabled=1 level=1 ns=5470223539
esp32s3_rmt_edge ch=0 enabled=1 level=0 ns=5470224339
esp32s3_rmt_edge ch=0 enabled=1 level=1 ns=5470224789
esp32s3_rmt_edge ch=0 enabled=1 level=0 ns=5470225589
esp32s3_rmt_edge ch=0 enabled=1 level=1 ns=5470226039
esp32s3_rmt_edge ch=0 enabled=1 level=0 ns=5470226439
esp32s3_rmt_edge ch=0 enabled=1 level=1 ns=5470227289
esp32s3_rmt_edge ch=0 enabled=1 level=0 ns=5470228089
esp32s3_rmt_edge ch=0 enabled=1 level=1 ns=5470228539
esp32s3_rmt_edge ch=0 enabled=1 level=0 ns=5470228939
esp32s3_rmt_edge ch=0 enabled=1 level=1 ns=5470229789
esp32s3_rmt_edge ch=0 enabled=1 level=0 ns=5470230189
esp32s3_rmt_edge ch=0 enabled=1 level=1 ns=5470231039
esp32s3_rmt_edge ch=0 enabled=1 level=0 ns=5470231439
esp32s3_rmt_edge ch=0 enabled=1 level=1 ns=5470232289
esp32s3_rmt_edge ch=0 enabled=1 level=0 ns=5470232689
esp32s3_rmt_edge ch=0 enabled=1 level=1 ns=5470233539
esp32s3_rmt_edge ch=0 enabled=1 level=0 ns=5470233939
esp32s3_rmt_edge ch=0 enabled=1 level=1 ns=5470234789
esp32s3_rmt_edge ch=0 enabled=1 level=0 ns=5470235189
esp32s3_rmt_edge ch=0 enabled=1 level=1 ns=5470236039
esp32s3_rmt_edge ch=0 enabled=1 level=0 ns=5470236439
esp32s3_rmt_edge ch=0 enabled=1 level=1 ns=5470237289
esp32s3_rmt_edge ch=0 enabled=1 level=0 ns=5470237689
esp32s3_rmt_edge ch=0 enabled=1 level=1 ns=5470238539
esp32s3_rmt_edge ch=0 enabled=1 level=0 ns=5470238939
esp32s3_rmt_edge ch=0 enabled=1 level=1 ns=5470239789
esp32s3_rmt_edge ch=0 enabled=1 level=0 ns=5470240189
esp32s3_rmt_edge ch=0 enabled=1 level=1 ns=5470241039
esp32s3_rmt_edge ch=0 enabled=1 level=0 ns=5470241439
esp32s3_rmt_edge ch=0 enabled=1 level=1 ns=5470242289
esp32s3_rmt_edge ch=0 enabled=1 level=0 ns=5470242689
esp32s3_rmt_edge ch=0 enabled=1 level=1 ns=5470243539
esp32s3_rmt_edge ch=0 enabled=1 level=0 ns=5470243939
esp32s3_rmt_edge ch=0 enabled=1 level=1 ns=5470244789
esp32s3_rmt_edge ch=0 enabled=1 level=0 ns=5470245189
esp32s3_rmt_edge ch=0 enabled=1 level=1 ns=5470246039
esp32s3_rmt_edge ch=0 enabled=1 level=0 ns=5470246839
esp32s3_rmt_edge ch=0 enabled=1 level=1 ns=5470247289
esp32s3_rmt_edge ch=0 enabled=1 level=0 ns=5470248089
esp32s3_rmt_edge ch=0 enabled=1 level=1 ns=5470248539
esp32s3_rmt_edge ch=0 enabled=1 level=0 ns=5470249339
esp32s3_rmt_edge ch=0 enabled=1 level=1 ns=5470249789
esp32s3_rmt_edge ch=0 enabled=1 level=0 ns=5470250589
esp32s3_rmt_edge ch=0 enabled=1 level=1 ns=5470251039
esp32s3_rmt_edge ch=0 enabled=1 level=0 ns=5470251839
esp32s3_rmt_edge ch=0 enabled=1 level=1 ns=5470252289
esp32s3_rmt_edge ch=0 enabled=1 level=0 ns=5470253089
esp32s3_rmt_edge ch=0 enabled=1 level=1 ns=5470253539
esp32s3_rmt_edge ch=0 enabled=1 level=0 ns=5470254339
esp32s3_rmt_edge ch=0 enabled=1 level=1 ns=5470254789
esp32s3_rmt_edge ch=0 enabled=1 level=0 ns=5470255589
esp32s3_rmt_edge ch=0 enabled=1 level=1 ns=5470256039
esp32s3_rmt_edge ch=0 enabled=1 level=0 ns=5470256439
esp32s3_rmt_edge ch=0 enabled=1 level=1 ns=5470257289
esp32s3_rmt_edge ch=0 enabled=1 level=0 ns=5470258089
esp32s3_rmt_edge ch=0 enabled=1 level=1 ns=5470258539
esp32s3_rmt_edge ch=0 enabled=1 level=0 ns=5470259339
esp32s3_rmt_edge ch=0 enabled=1 level=1 ns=5470259789
esp32s3_rmt_edge ch=0 enabled=1 level=0 ns=5470260589
esp32s3_rmt_edge ch=0 enabled=1 level=1 ns=5470261039
esp32s3_rmt_edge ch=0 enabled=1 level=0 ns=5470261839
esp32s3_rmt_edge ch=0 enabled=1 level=1 ns=5470262289
esp32s3_rmt_edge ch=0 enabled=1 level=0 ns=5470263089
esp32s3_rmt_edge ch=0 enabled=1 level=1 ns=5470263539
esp32s3_rmt_edge ch=0 enabled=1 level=0 ns=5470264339
esp32s3_rmt_edge ch=0 enabled=1 level=1 ns=5470264789
esp32s3_rmt_edge ch=0 enabled=1 level=0 ns=5470265589
esp32s3_rmt_edge ch=0 enabled=1 level=1 ns=5470266039
esp32s3_rmt_edge ch=0 enabled=1 level=0 ns=5470266839
esp32s3_rmt_edge ch=0 enabled=1 level=1 ns=5470267289
esp32s3_rmt_edge ch=0 enabled=1 level=0 ns=5470267689
esp32s3_rmt_edge ch=0 enabled=1 level=1 ns=5470268539
esp32s3_rmt_edge ch=0 enabled=1 level=0 ns=5470268939
esp32s3_rmt_edge ch=0 enabled=1 level=1 ns=5470269789
esp32s3_rmt_edge ch=0 enabled=1 level=0 ns=5470270189
esp32s3_rmt_edge ch=0 enabled=1 level=1 ns=5470271039
esp32s3_rmt_edge ch=0 enabled=1 level=0 ns=5470271439
esp32s3_rmt_edge ch=0 enabled=1 level=1 ns=5470272289
esp32s3_rmt_edge ch=0 enabled=1 level=0 ns=5470272689
esp32s3_rmt_edge ch=0 enabled=1 level=1 ns=5470273539
esp32s3_rmt_edge ch=0 enabled=1 level=0 ns=5470273939
esp32s3_rmt_edge ch=0 enabled=1 level=1 ns=5470274789
esp32s3_rmt_edge ch=0 enabled=1 level=0 ns=5470275189
esp32s3_rmt_edge ch=0 enabled=1 level=1 ns=5470276039
esp32s3_rmt_edge ch=0 enabled=1 level=0 ns=5470276439
esp32s3_rmt_edge ch=0 enabled=1 level=1 ns=5470277289
esp32s3_rmt_edge ch=0 enabled=1 level=0 ns=5470277689
esp32s3_rmt_edge ch=0 enabled=1 level=1 ns=5470278539
esp32s3_rmt_edge ch=0 enabled=1 level=0 ns=5470279339
esp32s3_rmt_edge ch=0 enabled=1 level=1 ns=5470279789
esp32s3_rmt_edge ch=0 enabled=1 level=0 ns=5470280589
esp32s3_rmt_edge ch=0 enabled=1 level=1 ns=5470281039
esp32s3_rmt_edge ch=0 enabled=1 level=0 ns=5470281839
esp32s3_rmt_edge ch=0 enabled=1 level=1 ns=5470282289
esp32s3_rmt_edge ch=0 enabled=1 level=0 ns=5470283089
esp32s3_rmt_edge ch=0 enabled=1 level=1 ns=5470283539
esp32s3_rmt_edge ch=0 enabled=1 level=0 ns=5470284339
esp32s3_rmt_edge ch=0 enabled=1 level=1 ns=5470284789
esp32s3_rmt_edge ch=0 enabled=1 level=0 ns=5470285589
esp32s3_rmt_edge ch=0 enabled=1 level=1 ns=5470286039
esp32s3_rmt_edge ch=0 enabled=1 level=0 ns=5470286839
esp32s3_rmt_tx_stop ch=0 ns=5470287289
esp32s3_rmt_edge ch=0 enabled=1 level=0 ns=5470287289
esp32s3_rmt_edge ch=0 enabled=0 level=0 ns=5665997022
esp32s3_rmt_edge ch=1 enabled=0 level=0 ns=5665997022
esp32s3_rmt_edge ch=2 enabled=0 level=0 ns=5665997022
esp32s3_rmt_edge ch=3 enabled=0 level=0 ns=5665997022
esp32s3_rmt_input ch=3 valid=1 level=0 ns=5677592407
esp32s3_rmt_edge ch=3 enabled=1 level=0 ns=6617983746
esp32s3_rmt_tx_start ch=3 ns=6617983752
esp32s3_rmt_edge ch=3 enabled=1 level=1 ns=6617983752
esp32s3_rmt_edge ch=3 enabled=1 level=0 ns=6618014752
esp32s3_rmt_edge ch=3 enabled=1 level=1 ns=6618057752
esp32s3_rmt_edge ch=3 enabled=1 level=0 ns=6618105752
esp32s3_rmt_edge ch=3 enabled=1 level=1 ns=6618161752
esp32s3_rmt_edge ch=3 enabled=1 level=0 ns=6618226752
esp32s3_rmt_edge ch=3 enabled=1 level=1 ns=6618295752
esp32s3_rmt_edge ch=3 enabled=1 level=0 ns=6618377752
esp32s3_rmt_edge ch=3 enabled=1 level=1 ns=6618459752
esp32s3_rmt_edge ch=3 enabled=1 level=0 ns=6618558752
esp32s3_rmt_edge ch=3 enabled=1 level=1 ns=6618653752
esp32s3_rmt_edge ch=3 enabled=1 level=0 ns=6618698752
esp32s3_rmt_edge ch=3 enabled=1 level=1 ns=6618806752
esp32s3_rmt_edge ch=3 enabled=1 level=0 ns=6618868752
esp32s3_rmt_edge ch=3 enabled=1 level=1 ns=6618989752
esp32s3_rmt_edge ch=3 enabled=1 level=0 ns=6619068752
esp32s3_rmt_edge ch=3 enabled=1 level=1 ns=6619119752
esp32s3_rmt_edge ch=3 enabled=1 level=0 ns=6619215752
esp32s3_rmt_edge ch=3 enabled=1 level=1 ns=6619279752
esp32s3_rmt_edge ch=3 enabled=1 level=0 ns=6619321752
esp32s3_rmt_edge ch=3 enabled=1 level=1 ns=6619398752
esp32s3_rmt_edge ch=3 enabled=1 level=0 ns=6619457752
esp32s3_rmt_edge ch=3 enabled=1 level=1 ns=6619547752
esp32s3_rmt_edge ch=3 enabled=1 level=0 ns=6619623752
esp32s3_rmt_edge ch=3 enabled=1 level=1 ns=6619726752
esp32s3_rmt_edge ch=3 enabled=1 level=0 ns=6619819752
esp32s3_rmt_edge ch=3 enabled=1 level=1 ns=6619935752
esp32s3_rmt_edge ch=3 enabled=1 level=0 ns=6619974752
esp32s3_rmt_edge ch=3 enabled=1 level=1 ns=6620020752
esp32s3_rmt_edge ch=3 enabled=1 level=0 ns=6620076752
esp32s3_rmt_edge ch=3 enabled=1 level=1 ns=6620135752
esp32s3_rmt_edge ch=3 enabled=1 level=0 ns=6620208752
esp32s3_rmt_edge ch=3 enabled=1 level=1 ns=6620280752
esp32s3_rmt_edge ch=3 enabled=1 level=0 ns=6620370752
esp32s3_rmt_edge ch=3 enabled=1 level=1 ns=6620455752
esp32s3_rmt_edge ch=3 enabled=1 level=0 ns=6620491752
esp32s3_rmt_edge ch=3 enabled=1 level=1 ns=6620589752
esp32s3_rmt_edge ch=3 enabled=1 level=0 ns=6620642752
esp32s3_rmt_edge ch=3 enabled=1 level=1 ns=6620753752
esp32s3_rmt_edge ch=3 enabled=1 level=0 ns=6620823752
esp32s3_rmt_edge ch=3 enabled=1 level=1 ns=6620947752
esp32s3_rmt_edge ch=3 enabled=1 level=0 ns=6621034752
esp32s3_rmt_edge ch=3 enabled=1 level=1 ns=6621088752
esp32s3_rmt_edge ch=3 enabled=1 level=0 ns=6621121752
esp32s3_rmt_edge ch=3 enabled=1 level=1 ns=6621188752
esp32s3_rmt_edge ch=3 enabled=1 level=0 ns=6621238752
esp32s3_rmt_edge ch=3 enabled=1 level=1 ns=6621318752
esp32s3_rmt_edge ch=3 enabled=1 level=0 ns=6621385752
esp32s3_rmt_edge ch=3 enabled=1 level=1 ns=6621478752
esp32s3_rmt_edge ch=3 enabled=1 level=0 ns=6621562752
esp32s3_rmt_edge ch=3 enabled=1 level=1 ns=6621668752
esp32s3_rmt_edge ch=3 enabled=1 level=0 ns=6621769752
esp32s3_rmt_edge ch=3 enabled=1 level=1 ns=6621888752
esp32s3_rmt_edge ch=3 enabled=1 level=0 ns=6621935752
esp32s3_rmt_edge ch=3 enabled=1 level=1 ns=6621984752
esp32s3_rmt_edge ch=3 enabled=1 level=0 ns=6622048752
esp32s3_rmt_edge ch=3 enabled=1 level=1 ns=6622110752
esp32s3_rmt_edge ch=3 enabled=1 level=0 ns=6622191752
esp32s3_rmt_edge ch=3 enabled=1 level=1 ns=6622266752
esp32s3_rmt_edge ch=3 enabled=1 level=0 ns=6622364752
esp32s3_rmt_edge ch=3 enabled=1 level=1 ns=6622452752
esp32s3_rmt_edge ch=3 enabled=1 level=0 ns=6622496752
esp32s3_rmt_edge ch=3 enabled=1 level=1 ns=6622597752
esp32s3_rmt_edge ch=3 enabled=1 level=0 ns=6622658752
esp32s3_rmt_edge ch=3 enabled=1 level=1 ns=6622772752
esp32s3_rmt_edge ch=3 enabled=1 level=0 ns=6622850752
esp32s3_rmt_edge ch=3 enabled=1 level=1 ns=6622894752
esp32s3_rmt_edge ch=3 enabled=1 level=0 ns=6622989752
esp32s3_rmt_edge ch=3 enabled=1 level=1 ns=6623046752
esp32s3_rmt_edge ch=3 enabled=1 level=0 ns=6623087752
esp32s3_rmt_edge ch=3 enabled=1 level=1 ns=6623157752
esp32s3_rmt_edge ch=3 enabled=1 level=0 ns=6623215752
esp32s3_rmt_edge ch=3 enabled=1 level=1 ns=6623298752
esp32s3_rmt_edge ch=3 enabled=1 level=0 ns=6623373752
esp32s3_rmt_edge ch=3 enabled=1 level=1 ns=6623469752
esp32s3_rmt_edge ch=3 enabled=1 level=0 ns=6623561752
esp32s3_rmt_edge ch=3 enabled=1 level=1 ns=6623670752
esp32s3_rmt_edge ch=3 enabled=1 level=0 ns=6623708752
esp32s3_rmt_edge ch=3 enabled=1 level=1 ns=6623830752
esp32s3_rmt_edge ch=3 enabled=1 level=0 ns=6623885752
esp32s3_rmt_edge ch=3 enabled=1 level=1 ns=6623937752
esp32s3_rmt_edge ch=3 enabled=1 level=0 ns=6624009752
esp32s3_rmt_edge ch=3 enabled=1 level=1 ns=6624074752
esp32s3_rmt_edge ch=3 enabled=1 level=0 ns=6624163752
esp32s3_rmt_edge ch=3 enabled=1 level=1 ns=6624241752
esp32s3_rmt_edge ch=3 enabled=1 level=0 ns=6624276752
esp32s3_rmt_edge ch=3 enabled=1 level=1 ns=6624367752
esp32s3_rmt_edge ch=3 enabled=1 level=0 ns=6624419752
esp32s3_rmt_edge ch=3 enabled=1 level=1 ns=6624523752
esp32s3_rmt_edge ch=3 enabled=1 level=0 ns=6624592752
esp32s3_rmt_edge ch=3 enabled=1 level=1 ns=6624709752
esp32s3_rmt_edge ch=3 enabled=1 level=0 ns=6624795752
esp32s3_rmt_edge ch=3 enabled=1 level=1 ns=6624842752
esp32s3_rmt_edge ch=3 enabled=1 level=0 ns=6624874752
esp32s3_rmt_edge ch=3 enabled=1 level=1 ns=6624934752
esp32s3_rmt_edge ch=3 enabled=1 level=0 ns=6624983752
esp32s3_rmt_edge ch=3 enabled=1 level=1 ns=6625056752
esp32s3_rmt_edge ch=3 enabled=1 level=0 ns=6625122752
esp32s3_rmt_edge ch=3 enabled=1 level=1 ns=6625208752
esp32s3_rmt_edge ch=3 enabled=1 level=0 ns=6625291752
esp32s3_rmt_edge ch=3 enabled=1 level=1 ns=6625390752
esp32s3_rmt_edge ch=3 enabled=1 level=0 ns=6625490752
esp32s3_rmt_edge ch=3 enabled=1 level=1 ns=6625602752
esp32s3_rmt_edge ch=3 enabled=1 level=0 ns=6625648752
esp32s3_rmt_edge ch=3 enabled=1 level=1 ns=6625773752
esp32s3_rmt_edge ch=3 enabled=1 level=0 ns=6625836752
esp32s3_rmt_edge ch=3 enabled=1 level=1 ns=6625891752
esp32s3_rmt_edge ch=3 enabled=1 level=0 ns=6625971752
esp32s3_rmt_edge ch=3 enabled=1 level=1 ns=6626039752
esp32s3_rmt_edge ch=3 enabled=1 level=0 ns=6626136752
esp32s3_rmt_edge ch=3 enabled=1 level=1 ns=6626217752
esp32s3_rmt_edge ch=3 enabled=1 level=0 ns=6626260752
esp32s3_rmt_edge ch=3 enabled=1 level=1 ns=6626354752
esp32s3_rmt_edge ch=3 enabled=1 level=0 ns=6626414752
esp32s3_rmt_edge ch=3 enabled=1 level=1 ns=6626521752
esp32s3_rmt_edge ch=3 enabled=1 level=0 ns=6626598752
esp32s3_rmt_edge ch=3 enabled=1 level=1 ns=6626718752
esp32s3_rmt_edge ch=3 enabled=1 level=0 ns=6626812752
esp32s3_rmt_edge ch=3 enabled=1 level=1 ns=6626862752
esp32s3_rmt_edge ch=3 enabled=1 level=0 ns=6626902752
esp32s3_rmt_edge ch=3 enabled=1 level=1 ns=6626965752
esp32s3_rmt_edge ch=3 enabled=1 level=0 ns=6627022752
esp32s3_rmt_edge ch=3 enabled=1 level=1 ns=6627098752
esp32s3_rmt_edge ch=3 enabled=1 level=0 ns=6627172752
esp32s3_rmt_edge ch=3 enabled=1 level=1 ns=6627261752
esp32s3_rmt_edge ch=3 enabled=1 level=0 ns=6627352752
esp32s3_rmt_edge ch=3 enabled=1 level=1 ns=6627454752
esp32s3_rmt_edge ch=3 enabled=1 level=0 ns=6627491752
esp32s3_rmt_edge ch=3 enabled=1 level=1 ns=6627606752
esp32s3_rmt_edge ch=3 enabled=1 level=0 ns=6627660752
esp32s3_rmt_edge ch=3 enabled=1 level=1 ns=6627705752
esp32s3_rmt_edge ch=3 enabled=1 level=0 ns=6627776752
esp32s3_rmt_edge ch=3 enabled=1 level=1 ns=6627834752
esp32s3_rmt_edge ch=3 enabled=1 level=0 ns=6627922752
esp32s3_rmt_edge ch=3 enabled=1 level=1 ns=6627993752
esp32s3_rmt_edge ch=3 enabled=1 level=0 ns=6628027752
esp32s3_rmt_edge ch=3 enabled=1 level=1 ns=6628111752
esp32s3_rmt_edge ch=3 enabled=1 level=0 ns=6628162752
esp32s3_rmt_edge ch=3 enabled=1 level=1 ns=6628259752
esp32s3_rmt_edge ch=3 enabled=1 level=0 ns=6628327752
esp32s3_rmt_edge ch=3 enabled=1 level=1 ns=6628437752
esp32s3_rmt_edge ch=3 enabled=1 level=0 ns=6628522752
esp32s3_rmt_edge ch=3 enabled=1 level=1 ns=6628645752
esp32s3_rmt_edge ch=3 enabled=1 level=0 ns=6628676752
esp32s3_rmt_edge ch=3 enabled=1 level=1 ns=6628729752
esp32s3_rmt_edge ch=3 enabled=1 level=0 ns=6628777752
esp32s3_rmt_edge ch=3 enabled=1 level=1 ns=6628843752
esp32s3_rmt_edge ch=3 enabled=1 level=0 ns=6628908752
esp32s3_rmt_edge ch=3 enabled=1 level=1 ns=6628987752
esp32s3_rmt_edge ch=3 enabled=1 level=0 ns=6629069752
esp32s3_rmt_edge ch=3 enabled=1 level=1 ns=6629161752
esp32s3_rmt_edge ch=3 enabled=1 level=0 ns=6629260752
esp32s3_rmt_edge ch=3 enabled=1 level=1 ns=6629365752
esp32s3_rmt_edge ch=3 enabled=1 level=0 ns=6629410752
esp32s3_rmt_edge ch=3 enabled=1 level=1 ns=6629528752
esp32s3_rmt_edge ch=3 enabled=1 level=0 ns=6629590752
esp32s3_rmt_edge ch=3 enabled=1 level=1 ns=6629638752
esp32s3_rmt_edge ch=3 enabled=1 level=0 ns=6629717752
esp32s3_rmt_edge ch=3 enabled=1 level=1 ns=6629778752
esp32s3_rmt_edge ch=3 enabled=1 level=0 ns=6629874752
esp32s3_rmt_edge ch=3 enabled=1 level=1 ns=6629948752
esp32s3_rmt_edge ch=3 enabled=1 level=0 ns=6629990752
esp32s3_rmt_edge ch=3 enabled=1 level=1 ns=6630077752
esp32s3_rmt_edge ch=3 enabled=1 level=0 ns=6630136752
esp32s3_rmt_edge ch=3 enabled=1 level=1 ns=6630236752
esp32s3_rmt_edge ch=3 enabled=1 level=0 ns=6630312752
esp32s3_rmt_edge ch=3 enabled=1 level=1 ns=6630425752
esp32s3_rmt_edge ch=3 enabled=1 level=0 ns=6630518752
esp32s3_rmt_edge ch=3 enabled=1 level=1 ns=6630561752
esp32s3_rmt_edge ch=3 enabled=1 level=0 ns=6630600752
esp32s3_rmt_edge ch=3 enabled=1 level=1 ns=6630656752
esp32s3_rmt_edge ch=3 enabled=1 level=0 ns=6630712752
esp32s3_rmt_edge ch=3 enabled=1 level=1 ns=6630781752
esp32s3_rmt_edge ch=3 enabled=1 level=0 ns=6630854752
esp32s3_rmt_edge ch=3 enabled=1 level=1 ns=6630936752
esp32s3_rmt_edge ch=3 enabled=1 level=0 ns=6631026752
esp32s3_rmt_edge ch=3 enabled=1 level=1 ns=6631121752
esp32s3_rmt_edge ch=3 enabled=1 level=0 ns=6631157752
esp32s3_rmt_edge ch=3 enabled=1 level=1 ns=6631265752
esp32s3_rmt_edge ch=3 enabled=1 level=0 ns=6631318752
esp32s3_rmt_edge ch=3 enabled=1 level=1 ns=6631439752
esp32s3_rmt_edge ch=3 enabled=1 level=0 ns=6631509752
esp32s3_rmt_edge ch=3 enabled=1 level=1 ns=6631560752
esp32s3_rmt_edge ch=3 enabled=1 level=0 ns=6631647752
esp32s3_rmt_edge ch=3 enabled=1 level=1 ns=6631711752
esp32s3_rmt_edge ch=3 enabled=1 level=0 ns=6631744752
esp32s3_rmt_edge ch=3 enabled=1 level=1 ns=6631821752
esp32s3_rmt_edge ch=3 enabled=1 level=0 ns=6631871752
esp32s3_rmt_edge ch=3 enabled=1 level=1 ns=6631961752
esp32s3_rmt_edge ch=3 enabled=1 level=0 ns=6632028752
esp32s3_rmt_edge ch=3 enabled=1 level=1 ns=6632131752
esp32s3_rmt_edge ch=3 enabled=1 level=0 ns=6632215752
esp32s3_rmt_edge ch=3 enabled=1 level=1 ns=6632331752
esp32s3_rmt_edge ch=3 enabled=1 level=0 ns=6632432752
esp32s3_rmt_edge ch=3 enabled=1 level=1 ns=6632478752
esp32s3_rmt_edge ch=3 enabled=1 level=0 ns=6632525752
esp32s3_rmt_edge ch=3 enabled=1 level=1 ns=6632584752
esp32s3_rmt_edge ch=3 enabled=1 level=0 ns=6632648752
esp32s3_rmt_edge ch=3 enabled=1 level=1 ns=6632720752
esp32s3_rmt_edge ch=3 enabled=1 level=0 ns=6632801752
esp32s3_rmt_edge ch=3 enabled=1 level=1 ns=6632886752
esp32s3_rmt_edge ch=3 enabled=1 level=0 ns=6632984752
esp32s3_rmt_edge ch=3 enabled=1 level=1 ns=6633082752
esp32s3_rmt_edge ch=3 enabled=1 level=0 ns=6633126752
esp32s3_rmt_edge ch=3 enabled=1 level=1 ns=6633237752
esp32s3_rmt_edge ch=3 enabled=1 level=0 ns=6633298752
esp32s3_rmt_edge ch=3 enabled=1 level=1 ns=6633422752
esp32s3_rmt_edge ch=3 enabled=1 level=0 ns=6633500752
esp32s3_rmt_edge ch=3 enabled=1 level=1 ns=6633554752
esp32s3_rmt_edge ch=3 enabled=1 level=0 ns=6633649752
esp32s3_rmt_edge ch=3 enabled=1 level=1 ns=6633716752
esp32s3_rmt_edge ch=3 enabled=1 level=0 ns=6633757752
esp32s3_rmt_edge ch=3 enabled=1 level=1 ns=6633837752
esp32s3_rmt_edge ch=3 enabled=1 level=0 ns=6633895752
esp32s3_rmt_edge ch=3 enabled=1 level=1 ns=6633988752
esp32s3_rmt_edge ch=3 enabled=1 level=0 ns=6634063752
esp32s3_rmt_edge ch=3 enabled=1 level=1 ns=6634169752
esp32s3_rmt_edge ch=3 enabled=1 level=0 ns=6634261752
esp32s3_rmt_edge ch=3 enabled=1 level=1 ns=6634380752
esp32s3_rmt_edge ch=3 enabled=1 level=0 ns=6634418752
esp32s3_rmt_edge ch=3 enabled=1 level=1 ns=6634467752
esp32s3_rmt_edge ch=3 enabled=1 level=0 ns=6634522752
esp32s3_rmt_edge ch=3 enabled=1 level=1 ns=6634584752
esp32s3_rmt_edge ch=3 enabled=1 level=0 ns=6634656752
esp32s3_rmt_edge ch=3 enabled=1 level=1 ns=6634731752
esp32s3_rmt_edge ch=3 enabled=1 level=0 ns=6634820752
esp32s3_rmt_edge ch=3 enabled=1 level=1 ns=6634908752
esp32s3_rmt_edge ch=3 enabled=1 level=0 ns=6634943752
esp32s3_rmt_edge ch=3 enabled=1 level=1 ns=6635044752
esp32s3_rmt_edge ch=3 enabled=1 level=0 ns=6635096752
esp32s3_rmt_edge ch=3 enabled=1 level=1 ns=6635210752
esp32s3_rmt_edge ch=3 enabled=1 level=0 ns=6635279752
esp32s3_rmt_edge ch=3 enabled=1 level=1 ns=6635323752
esp32s3_rmt_edge ch=3 enabled=1 level=0 ns=6635409752
esp32s3_rmt_edge ch=3 enabled=1 level=1 ns=6635466752
esp32s3_rmt_edge ch=3 enabled=1 level=0 ns=6635498752
esp32s3_rmt_edge ch=3 enabled=1 level=1 ns=6635568752
esp32s3_rmt_edge ch=3 enabled=1 level=0 ns=6635617752
esp32s3_rmt_edge ch=3 enabled=1 level=1 ns=6635700752
esp32s3_rmt_edge ch=3 enabled=1 level=0 ns=6635766752
esp32s3_rmt_edge ch=3 enabled=1 level=1 ns=6635862752
esp32s3_rmt_edge ch=3 enabled=1 level=0 ns=6635899752
esp32s3_rmt_tx_stop ch=3 ns=6635910752
esp32s3_rmt_edge ch=3 enabled=1 level=0 ns=6635910752
