TAP version 13
# random seed: R02S4641e302a6c204c627a422d0ab9e5aa0
1..5
# Start of xtensa tests
# Start of esp32s3 tests
# Start of ledc tests
# starting QEMU: exec /home/polar/.cache/esp32s3vm/qemu-uart-40edccac4156-db51ea5bc6c48ecf/build-wsl/qemu-system-xtensa -qtest unix:/tmp/qtest-190962.sock -qtest-log /dev/null -chardev socket,path=/tmp/qtest-190962.qmp,id=char0 -mon chardev=char0,mode=control -display none -audio none -machine esp32s3 -S -L pc-bios -global driver=esp32s3.gpio,property=strap_mode,value=0x00 -accel qtest
# starting QEMU: exec /home/polar/.cache/esp32s3vm/qemu-uart-40edccac4156-db51ea5bc6c48ecf/build-wsl/qemu-system-xtensa -qtest unix:/tmp/qtest-190962.sock -qtest-log /dev/null -chardev socket,path=/tmp/qtest-190962.qmp,id=char0 -mon chardev=char0,mode=control -display none -audio none -machine esp32s3 -S -L pc-bios -global driver=esp32s3.gpio,property=strap_mode,value=0x00 -accel qtest
# starting QEMU: exec /home/polar/.cache/esp32s3vm/qemu-uart-40edccac4156-db51ea5bc6c48ecf/build-wsl/qemu-system-xtensa -qtest unix:/tmp/qtest-190962.sock -qtest-log /dev/null -chardev socket,path=/tmp/qtest-190962.qmp,id=char0 -mon chardev=char0,mode=control -display none -audio none -machine esp32s3 -S -L pc-bios -global driver=esp32s3.gpio,property=strap_mode,value=0x00 -accel qtest
# starting QEMU: exec /home/polar/.cache/esp32s3vm/qemu-uart-40edccac4156-db51ea5bc6c48ecf/build-wsl/qemu-system-xtensa -qtest unix:/tmp/qtest-190962.sock -qtest-log /dev/null -chardev socket,path=/tmp/qtest-190962.qmp,id=char0 -mon chardev=char0,mode=control -display none -audio none -machine esp32s3 -S -L pc-bios -global driver=esp32s3.gpio,property=strap_mode,value=0x00 -accel qtest
# starting QEMU: exec /home/polar/.cache/esp32s3vm/qemu-uart-40edccac4156-db51ea5bc6c48ecf/build-wsl/qemu-system-xtensa -qtest unix:/tmp/qtest-190962.sock -qtest-log /dev/null -chardev socket,path=/tmp/qtest-190962.qmp,id=char0 -mon chardev=char0,mode=control -display none -audio none -machine esp32s3 -S -L pc-bios -global driver=esp32s3.gpio,property=strap_mode,value=0x00 -accel qtest
# starting QEMU: exec /home/polar/.cache/esp32s3vm/qemu-uart-40edccac4156-db51ea5bc6c48ecf/build-wsl/qemu-system-xtensa -qtest unix:/tmp/qtest-190962.sock -qtest-log /dev/null -chardev socket,path=/tmp/qtest-190962.qmp,id=char0 -mon chardev=char0,mode=control -display none -audio none -machine esp32s3 -S -L pc-bios -global driver=esp32s3.gpio,property=strap_mode,value=0x00 -accel qtest
# starting QEMU: exec /home/polar/.cache/esp32s3vm/qemu-uart-40edccac4156-db51ea5bc6c48ecf/build-wsl/qemu-system-xtensa -qtest unix:/tmp/qtest-190962.sock -qtest-log /dev/null -chardev socket,path=/tmp/qtest-190962.qmp,id=char0 -mon chardev=char0,mode=control -display none -audio none -machine esp32s3 -S -L pc-bios -global driver=esp32s3.gpio,property=strap_mode,value=0x00 -accel qtest
# starting QEMU: exec /home/polar/.cache/esp32s3vm/qemu-uart-40edccac4156-db51ea5bc6c48ecf/build-wsl/qemu-system-xtensa -qtest unix:/tmp/qtest-190962.sock -qtest-log /dev/null -chardev socket,path=/tmp/qtest-190962.qmp,id=char0 -mon chardev=char0,mode=control -display none -audio none -machine esp32s3 -S -L pc-bios -global driver=esp32s3.gpio,property=strap_mode,value=0x00 -accel qtest
ok 1 /xtensa/esp32s3/ledc/channels-timers-physical
# slow test /xtensa/esp32s3/ledc/channels-timers-physical executed in 2.15 secs
# starting QEMU: exec /home/polar/.cache/esp32s3vm/qemu-uart-40edccac4156-db51ea5bc6c48ecf/build-wsl/qemu-system-xtensa -qtest unix:/tmp/qtest-190962.sock -qtest-log /dev/null -chardev socket,path=/tmp/qtest-190962.qmp,id=char0 -mon chardev=char0,mode=control -display none -audio none -machine esp32s3 -S -L pc-bios -global driver=esp32s3.gpio,property=strap_mode,value=0x00 -accel qtest
ok 2 /xtensa/esp32s3/ledc/shadow-pause-gate-idle-reset
# starting QEMU: exec /home/polar/.cache/esp32s3vm/qemu-uart-40edccac4156-db51ea5bc6c48ecf/build-wsl/qemu-system-xtensa -qtest unix:/tmp/qtest-190962.sock -qtest-log /dev/null -chardev socket,path=/tmp/qtest-190962.qmp,id=char0 -mon chardev=char0,mode=control -display none -audio none -machine esp32s3 -S -L pc-bios -global driver=esp32s3.gpio,property=strap_mode,value=0x00 -accel qtest
ok 3 /xtensa/esp32s3/ledc/fade-overflow-irq
# starting QEMU: exec /home/polar/.cache/esp32s3vm/qemu-uart-40edccac4156-db51ea5bc6c48ecf/build-wsl/qemu-system-xtensa -qtest unix:/tmp/qtest-190962.sock -qtest-log /dev/null -chardev socket,path=/tmp/qtest-190962.qmp,id=char0 -mon chardev=char0,mode=control -display none -audio none -machine esp32s3 -S -L pc-bios -global driver=esp32s3.gpio,property=strap_mode,value=0x00 -accel qtest
ok 4 /xtensa/esp32s3/ledc/fractional-divider-duty-carry
# starting QEMU: exec /home/polar/.cache/esp32s3vm/qemu-uart-40edccac4156-db51ea5bc6c48ecf/build-wsl/qemu-system-xtensa -qtest unix:/tmp/qtest-190962.sock -qtest-log /dev/null -chardev socket,path=/tmp/qtest-190962.qmp,id=char0 -mon chardev=char0,mode=control -display none -audio none -machine esp32s3 -S -L pc-bios -global driver=esp32s3.gpio,property=strap_mode,value=0x00 -accel qtest
# starting QEMU: exec /home/polar/.cache/esp32s3vm/qemu-uart-40edccac4156-db51ea5bc6c48ecf/build-wsl/qemu-system-xtensa -qtest unix:/tmp/qtest-190962.sock -qtest-log /dev/null -chardev socket,path=/tmp/qtest-190962.qmp,id=char0 -mon chardev=char0,mode=control -display none -audio none -machine esp32s3 -S -L pc-bios -global driver=esp32s3.gpio,property=strap_mode,value=0x00 -accel qtest
# starting QEMU: exec /home/polar/.cache/esp32s3vm/qemu-uart-40edccac4156-db51ea5bc6c48ecf/build-wsl/qemu-system-xtensa -qtest unix:/tmp/qtest-190962.sock -qtest-log /dev/null -chardev socket,path=/tmp/qtest-190962.qmp,id=char0 -mon chardev=char0,mode=control -display none -audio none -machine esp32s3 -S -L pc-bios -global driver=esp32s3.gpio,property=strap_mode,value=0x00 -accel qtest
# starting QEMU: exec /home/polar/.cache/esp32s3vm/qemu-uart-40edccac4156-db51ea5bc6c48ecf/build-wsl/qemu-system-xtensa -qtest unix:/tmp/qtest-190962.sock -qtest-log /dev/null -chardev socket,path=/tmp/qtest-190962.qmp,id=char0 -mon chardev=char0,mode=control -display none -audio none -machine esp32s3 -S -L pc-bios -global driver=esp32s3.gpio,property=strap_mode,value=0x00 -accel qtest
# starting QEMU: exec /home/polar/.cache/esp32s3vm/qemu-uart-40edccac4156-db51ea5bc6c48ecf/build-wsl/qemu-system-xtensa -qtest unix:/tmp/qtest-190962.sock -qtest-log /dev/null -chardev socket,path=/tmp/qtest-190962.qmp,id=char0 -mon chardev=char0,mode=control -display none -audio none -machine esp32s3 -S -L pc-bios -global driver=esp32s3.gpio,property=strap_mode,value=0x00 -accel qtest
# starting QEMU: exec /home/polar/.cache/esp32s3vm/qemu-uart-40edccac4156-db51ea5bc6c48ecf/build-wsl/qemu-system-xtensa -qtest unix:/tmp/qtest-190962.sock -qtest-log /dev/null -chardev socket,path=/tmp/qtest-190962.qmp,id=char0 -mon chardev=char0,mode=control -display none -audio none -machine esp32s3 -S -L pc-bios -global driver=esp32s3.gpio,property=strap_mode,value=0x00 -accel qtest
# starting QEMU: exec /home/polar/.cache/esp32s3vm/qemu-uart-40edccac4156-db51ea5bc6c48ecf/build-wsl/qemu-system-xtensa -qtest unix:/tmp/qtest-190962.sock -qtest-log /dev/null -chardev socket,path=/tmp/qtest-190962.qmp,id=char0 -mon chardev=char0,mode=control -display none -audio none -machine esp32s3 -S -L pc-bios -global driver=esp32s3.gpio,property=strap_mode,value=0x00 -accel qtest
# starting QEMU: exec /home/polar/.cache/esp32s3vm/qemu-uart-40edccac4156-db51ea5bc6c48ecf/build-wsl/qemu-system-xtensa -qtest unix:/tmp/qtest-190962.sock -qtest-log /dev/null -chardev socket,path=/tmp/qtest-190962.qmp,id=char0 -mon chardev=char0,mode=control -display none -audio none -machine esp32s3 -S -L pc-bios -global driver=esp32s3.gpio,property=strap_mode,value=0x00 -accel qtest
ok 5 /xtensa/esp32s3/ledc/timer-rebind-coincident-overflow
# slow test /xtensa/esp32s3/ledc/timer-rebind-coincident-overflow executed in 2.10 secs
# End of ledc tests
# End of esp32s3 tests
# End of xtensa tests
