TAP version 13
# random seed: R02S6954af6209f1d016f2f87655575a2799
1..16
# Start of xtensa tests
# Start of esp32s3 tests
# Start of mcpwm tests
# starting QEMU: exec /home/polar/.cache/esp32s3vm/qemu-uart-40edccac4156-db51ea5bc6c48ecf/build-wsl/qemu-system-xtensa -qtest unix:/tmp/qtest-191332.sock -qtest-log /dev/null -chardev socket,path=/tmp/qtest-191332.qmp,id=char0 -mon chardev=char0,mode=control -display none -audio none -machine esp32s3 -S -L pc-bios -global driver=esp32s3.gpio,property=strap_mode,value=0x00 -accel qtest
# starting QEMU: exec /home/polar/.cache/esp32s3vm/qemu-uart-40edccac4156-db51ea5bc6c48ecf/build-wsl/qemu-system-xtensa -qtest unix:/tmp/qtest-191332.sock -qtest-log /dev/null -chardev socket,path=/tmp/qtest-191332.qmp,id=char0 -mon chardev=char0,mode=control -display none -audio none -machine esp32s3 -S -L pc-bios -global driver=esp32s3.gpio,property=strap_mode,value=0x00 -accel qtest
ok 1 /xtensa/esp32s3/mcpwm/both-groups-six-generators
# starting QEMU: exec /home/polar/.cache/esp32s3vm/qemu-uart-40edccac4156-db51ea5bc6c48ecf/build-wsl/qemu-system-xtensa -qtest unix:/tmp/qtest-191332.sock -qtest-log /dev/null -chardev socket,path=/tmp/qtest-191332.qmp,id=char0 -mon chardev=char0,mode=control -display none -audio none -machine esp32s3 -S -L pc-bios -global driver=esp32s3.gpio,property=strap_mode,value=0x00 -accel qtest
ok 2 /xtensa/esp32s3/mcpwm/shadow-stop-single-cycle
# starting QEMU: exec /home/polar/.cache/esp32s3vm/qemu-uart-40edccac4156-db51ea5bc6c48ecf/build-wsl/qemu-system-xtensa -qtest unix:/tmp/qtest-191332.sock -qtest-log /dev/null -chardev socket,path=/tmp/qtest-191332.qmp,id=char0 -mon chardev=char0,mode=control -display none -audio none -machine esp32s3 -S -L pc-bios -global driver=esp32s3.gpio,property=strap_mode,value=0x00 -accel qtest
ok 3 /xtensa/esp32s3/mcpwm/updown-sync-capture
# starting QEMU: exec /home/polar/.cache/esp32s3vm/qemu-uart-40edccac4156-db51ea5bc6c48ecf/build-wsl/qemu-system-xtensa -qtest unix:/tmp/qtest-191332.sock -qtest-log /dev/null -chardev socket,path=/tmp/qtest-191332.qmp,id=char0 -mon chardev=char0,mode=control -display none -audio none -machine esp32s3 -S -L pc-bios -global driver=esp32s3.gpio,property=strap_mode,value=0x00 -accel qtest
ok 4 /xtensa/esp32s3/mcpwm/deadtime-force-carrier
# starting QEMU: exec /home/polar/.cache/esp32s3vm/qemu-uart-40edccac4156-db51ea5bc6c48ecf/build-wsl/qemu-system-xtensa -qtest unix:/tmp/qtest-191332.sock -qtest-log /dev/null -chardev socket,path=/tmp/qtest-191332.qmp,id=char0 -mon chardev=char0,mode=control -display none -audio none -machine esp32s3 -S -L pc-bios -global driver=esp32s3.gpio,property=strap_mode,value=0x00 -accel qtest
ok 5 /xtensa/esp32s3/mcpwm/fault-cbc-ost-priority
# starting QEMU: exec /home/polar/.cache/esp32s3vm/qemu-uart-40edccac4156-db51ea5bc6c48ecf/build-wsl/qemu-system-xtensa -qtest unix:/tmp/qtest-191332.sock -qtest-log /dev/null -chardev socket,path=/tmp/qtest-191332.qmp,id=char0 -mon chardev=char0,mode=control -display none -audio none -machine esp32s3 -S -L pc-bios -global driver=esp32s3.gpio,property=strap_mode,value=0x00 -accel qtest
ok 6 /xtensa/esp32s3/mcpwm/gate-reset-phase
# starting QEMU: exec /home/polar/.cache/esp32s3vm/qemu-uart-40edccac4156-db51ea5bc6c48ecf/build-wsl/qemu-system-xtensa -qtest unix:/tmp/qtest-191332.sock -qtest-log /dev/null -chardev socket,path=/tmp/qtest-191332.qmp,id=char0 -mon chardev=char0,mode=control -display none -audio none -machine esp32s3 -S -L pc-bios -global driver=esp32s3.gpio,property=strap_mode,value=0x00 -accel qtest
ok 7 /xtensa/esp32s3/mcpwm/down-fractional-divider
# starting QEMU: exec /home/polar/.cache/esp32s3vm/qemu-uart-40edccac4156-db51ea5bc6c48ecf/build-wsl/qemu-system-xtensa -qtest unix:/tmp/qtest-191332.sock -qtest-log /dev/null -chardev socket,path=/tmp/qtest-191332.qmp,id=char0 -mon chardev=char0,mode=control -display none -audio none -machine esp32s3 -S -L pc-bios -global driver=esp32s3.gpio,property=strap_mode,value=0x00 -accel qtest
ok 8 /xtensa/esp32s3/mcpwm/internal-sync-capture-prescale
# starting QEMU: exec /home/polar/.cache/esp32s3vm/qemu-uart-40edccac4156-db51ea5bc6c48ecf/build-wsl/qemu-system-xtensa -qtest unix:/tmp/qtest-191332.sock -qtest-log /dev/null -chardev socket,path=/tmp/qtest-191332.qmp,id=char0 -mon chardev=char0,mode=control -display none -audio none -machine esp32s3 -S -L pc-bios -global driver=esp32s3.gpio,property=strap_mode,value=0x00 -accel qtest
# starting QEMU: exec /home/polar/.cache/esp32s3vm/qemu-uart-40edccac4156-db51ea5bc6c48ecf/build-wsl/qemu-system-xtensa -qtest unix:/tmp/qtest-191332.sock -qtest-log /dev/null -chardev socket,path=/tmp/qtest-191332.qmp,id=char0 -mon chardev=char0,mode=control -display none -audio none -machine esp32s3 -S -L pc-bios -global driver=esp32s3.gpio,property=strap_mode,value=0x00 -accel qtest
# starting QEMU: exec /home/polar/.cache/esp32s3vm/qemu-uart-40edccac4156-db51ea5bc6c48ecf/build-wsl/qemu-system-xtensa -qtest unix:/tmp/qtest-191332.sock -qtest-log /dev/null -chardev socket,path=/tmp/qtest-191332.qmp,id=char0 -mon chardev=char0,mode=control -display none -audio none -machine esp32s3 -S -L pc-bios -global driver=esp32s3.gpio,property=strap_mode,value=0x00 -accel qtest
ok 9 /xtensa/esp32s3/mcpwm/negative-physical-inputs
# slow test /xtensa/esp32s3/mcpwm/negative-physical-inputs executed in 0.73 secs
# starting QEMU: exec /home/polar/.cache/esp32s3vm/qemu-uart-40edccac4156-db51ea5bc6c48ecf/build-wsl/qemu-system-xtensa -qtest unix:/tmp/qtest-191332.sock -qtest-log /dev/null -chardev socket,path=/tmp/qtest-191332.qmp,id=char0 -mon chardev=char0,mode=control -display none -audio none -machine esp32s3 -S -L pc-bios -global driver=esp32s3.gpio,property=strap_mode,value=0x00 -accel qtest
ok 10 /xtensa/esp32s3/mcpwm/ost-clear-active-fault
# starting QEMU: exec /home/polar/.cache/esp32s3vm/qemu-uart-40edccac4156-db51ea5bc6c48ecf/build-wsl/qemu-system-xtensa -qtest unix:/tmp/qtest-191332.sock -qtest-log /dev/null -chardev socket,path=/tmp/qtest-191332.qmp,id=char0 -mon chardev=char0,mode=control -display none -audio none -machine esp32s3 -S -L pc-bios -global driver=esp32s3.gpio,property=strap_mode,value=0x00 -accel qtest
ok 11 /xtensa/esp32s3/mcpwm/nci-next-event-toggle
# starting QEMU: exec /home/polar/.cache/esp32s3vm/qemu-uart-40edccac4156-db51ea5bc6c48ecf/build-wsl/qemu-system-xtensa -qtest unix:/tmp/qtest-191332.sock -qtest-log /dev/null -chardev socket,path=/tmp/qtest-191332.qmp,id=char0 -mon chardev=char0,mode=control -display none -audio none -machine esp32s3 -S -L pc-bios -global driver=esp32s3.gpio,property=strap_mode,value=0x00 -accel qtest
# starting QEMU: exec /home/polar/.cache/esp32s3vm/qemu-uart-40edccac4156-db51ea5bc6c48ecf/build-wsl/qemu-system-xtensa -qtest unix:/tmp/qtest-191332.sock -qtest-log /dev/null -chardev socket,path=/tmp/qtest-191332.qmp,id=char0 -mon chardev=char0,mode=control -display none -audio none -machine esp32s3 -S -L pc-bios -global driver=esp32s3.gpio,property=strap_mode,value=0x00 -accel qtest
# starting QEMU: exec /home/polar/.cache/esp32s3vm/qemu-uart-40edccac4156-db51ea5bc6c48ecf/build-wsl/qemu-system-xtensa -qtest unix:/tmp/qtest-191332.sock -qtest-log /dev/null -chardev socket,path=/tmp/qtest-191332.qmp,id=char0 -mon chardev=char0,mode=control -display none -audio none -machine esp32s3 -S -L pc-bios -global driver=esp32s3.gpio,property=strap_mode,value=0x00 -accel qtest
# starting QEMU: exec /home/polar/.cache/esp32s3vm/qemu-uart-40edccac4156-db51ea5bc6c48ecf/build-wsl/qemu-system-xtensa -qtest unix:/tmp/qtest-191332.sock -qtest-log /dev/null -chardev socket,path=/tmp/qtest-191332.qmp,id=char0 -mon chardev=char0,mode=control -display none -audio none -machine esp32s3 -S -L pc-bios -global driver=esp32s3.gpio,property=strap_mode,value=0x00 -accel qtest
# starting QEMU: exec /home/polar/.cache/esp32s3vm/qemu-uart-40edccac4156-db51ea5bc6c48ecf/build-wsl/qemu-system-xtensa -qtest unix:/tmp/qtest-191332.sock -qtest-log /dev/null -chardev socket,path=/tmp/qtest-191332.qmp,id=char0 -mon chardev=char0,mode=control -display none -audio none -machine esp32s3 -S -L pc-bios -global driver=esp32s3.gpio,property=strap_mode,value=0x00 -accel qtest
# starting QEMU: exec /home/polar/.cache/esp32s3vm/qemu-uart-40edccac4156-db51ea5bc6c48ecf/build-wsl/qemu-system-xtensa -qtest unix:/tmp/qtest-191332.sock -qtest-log /dev/null -chardev socket,path=/tmp/qtest-191332.qmp,id=char0 -mon chardev=char0,mode=control -display none -audio none -machine esp32s3 -S -L pc-bios -global driver=esp32s3.gpio,property=strap_mode,value=0x00 -accel qtest
# starting QEMU: exec /home/polar/.cache/esp32s3vm/qemu-uart-40edccac4156-db51ea5bc6c48ecf/build-wsl/qemu-system-xtensa -qtest unix:/tmp/qtest-191332.sock -qtest-log /dev/null -chardev socket,path=/tmp/qtest-191332.qmp,id=char0 -mon chardev=char0,mode=control -display none -audio none -machine esp32s3 -S -L pc-bios -global driver=esp32s3.gpio,property=strap_mode,value=0x00 -accel qtest
# starting QEMU: exec /home/polar/.cache/esp32s3vm/qemu-uart-40edccac4156-db51ea5bc6c48ecf/build-wsl/qemu-system-xtensa -qtest unix:/tmp/qtest-191332.sock -qtest-log /dev/null -chardev socket,path=/tmp/qtest-191332.qmp,id=char0 -mon chardev=char0,mode=control -display none -audio none -machine esp32s3 -S -L pc-bios -global driver=esp32s3.gpio,property=strap_mode,value=0x00 -accel qtest
# starting QEMU: exec /home/polar/.cache/esp32s3vm/qemu-uart-40edccac4156-db51ea5bc6c48ecf/build-wsl/qemu-system-xtensa -qtest unix:/tmp/qtest-191332.sock -qtest-log /dev/null -chardev socket,path=/tmp/qtest-191332.qmp,id=char0 -mon chardev=char0,mode=control -display none -audio none -machine esp32s3 -S -L pc-bios -global driver=esp32s3.gpio,property=strap_mode,value=0x00 -accel qtest
# starting QEMU: exec /home/polar/.cache/esp32s3vm/qemu-uart-40edccac4156-db51ea5bc6c48ecf/build-wsl/qemu-system-xtensa -qtest unix:/tmp/qtest-191332.sock -qtest-log /dev/null -chardev socket,path=/tmp/qtest-191332.qmp,id=char0 -mon chardev=char0,mode=control -display none -audio none -machine esp32s3 -S -L pc-bios -global driver=esp32s3.gpio,property=strap_mode,value=0x00 -accel qtest
# starting QEMU: exec /home/polar/.cache/esp32s3vm/qemu-uart-40edccac4156-db51ea5bc6c48ecf/build-wsl/qemu-system-xtensa -qtest unix:/tmp/qtest-191332.sock -qtest-log /dev/null -chardev socket,path=/tmp/qtest-191332.qmp,id=char0 -mon chardev=char0,mode=control -display none -audio none -machine esp32s3 -S -L pc-bios -global driver=esp32s3.gpio,property=strap_mode,value=0x00 -accel qtest
# starting QEMU: exec /home/polar/.cache/esp32s3vm/qemu-uart-40edccac4156-db51ea5bc6c48ecf/build-wsl/qemu-system-xtensa -qtest unix:/tmp/qtest-191332.sock -qtest-log /dev/null -chardev socket,path=/tmp/qtest-191332.qmp,id=char0 -mon chardev=char0,mode=control -display none -audio none -machine esp32s3 -S -L pc-bios -global driver=esp32s3.gpio,property=strap_mode,value=0x00 -accel qtest
# starting QEMU: exec /home/polar/.cache/esp32s3vm/qemu-uart-40edccac4156-db51ea5bc6c48ecf/build-wsl/qemu-system-xtensa -qtest unix:/tmp/qtest-191332.sock -qtest-log /dev/null -chardev socket,path=/tmp/qtest-191332.qmp,id=char0 -mon chardev=char0,mode=control -display none -audio none -machine esp32s3 -S -L pc-bios -global driver=esp32s3.gpio,property=strap_mode,value=0x00 -accel qtest
# starting QEMU: exec /home/polar/.cache/esp32s3vm/qemu-uart-40edccac4156-db51ea5bc6c48ecf/build-wsl/qemu-system-xtensa -qtest unix:/tmp/qtest-191332.sock -qtest-log /dev/null -chardev socket,path=/tmp/qtest-191332.qmp,id=char0 -mon chardev=char0,mode=control -display none -audio none -machine esp32s3 -S -L pc-bios -global driver=esp32s3.gpio,property=strap_mode,value=0x00 -accel qtest
# starting QEMU: exec /home/polar/.cache/esp32s3vm/qemu-uart-40edccac4156-db51ea5bc6c48ecf/build-wsl/qemu-system-xtensa -qtest unix:/tmp/qtest-191332.sock -qtest-log /dev/null -chardev socket,path=/tmp/qtest-191332.qmp,id=char0 -mon chardev=char0,mode=control -display none -audio none -machine esp32s3 -S -L pc-bios -global driver=esp32s3.gpio,property=strap_mode,value=0x00 -accel qtest
# starting QEMU: exec /home/polar/.cache/esp32s3vm/qemu-uart-40edccac4156-db51ea5bc6c48ecf/build-wsl/qemu-system-xtensa -qtest unix:/tmp/qtest-191332.sock -qtest-log /dev/null -chardev socket,path=/tmp/qtest-191332.qmp,id=char0 -mon chardev=char0,mode=control -display none -audio none -machine esp32s3 -S -L pc-bios -global driver=esp32s3.gpio,property=strap_mode,value=0x00 -accel qtest
# starting QEMU: exec /home/polar/.cache/esp32s3vm/qemu-uart-40edccac4156-db51ea5bc6c48ecf/build-wsl/qemu-system-xtensa -qtest unix:/tmp/qtest-191332.sock -qtest-log /dev/null -chardev socket,path=/tmp/qtest-191332.qmp,id=char0 -mon chardev=char0,mode=control -display none -audio none -machine esp32s3 -S -L pc-bios -global driver=esp32s3.gpio,property=strap_mode,value=0x00 -accel qtest
# starting QEMU: exec /home/polar/.cache/esp32s3vm/qemu-uart-40edccac4156-db51ea5bc6c48ecf/build-wsl/qemu-system-xtensa -qtest unix:/tmp/qtest-191332.sock -qtest-log /dev/null -chardev socket,path=/tmp/qtest-191332.qmp,id=char0 -mon chardev=char0,mode=control -display none -audio none -machine esp32s3 -S -L pc-bios -global driver=esp32s3.gpio,property=strap_mode,value=0x00 -accel qtest
# starting QEMU: exec /home/polar/.cache/esp32s3vm/qemu-uart-40edccac4156-db51ea5bc6c48ecf/build-wsl/qemu-system-xtensa -qtest unix:/tmp/qtest-191332.sock -qtest-log /dev/null -chardev socket,path=/tmp/qtest-191332.qmp,id=char0 -mon chardev=char0,mode=control -display none -audio none -machine esp32s3 -S -L pc-bios -global driver=esp32s3.gpio,property=strap_mode,value=0x00 -accel qtest
# starting QEMU: exec /home/polar/.cache/esp32s3vm/qemu-uart-40edccac4156-db51ea5bc6c48ecf/build-wsl/qemu-system-xtensa -qtest unix:/tmp/qtest-191332.sock -qtest-log /dev/null -chardev socket,path=/tmp/qtest-191332.qmp,id=char0 -mon chardev=char0,mode=control -display none -audio none -machine esp32s3 -S -L pc-bios -global driver=esp32s3.gpio,property=strap_mode,value=0x00 -accel qtest
# starting QEMU: exec /home/polar/.cache/esp32s3vm/qemu-uart-40edccac4156-db51ea5bc6c48ecf/build-wsl/qemu-system-xtensa -qtest unix:/tmp/qtest-191332.sock -qtest-log /dev/null -chardev socket,path=/tmp/qtest-191332.qmp,id=char0 -mon chardev=char0,mode=control -display none -audio none -machine esp32s3 -S -L pc-bios -global driver=esp32s3.gpio,property=strap_mode,value=0x00 -accel qtest
# starting QEMU: exec /home/polar/.cache/esp32s3vm/qemu-uart-40edccac4156-db51ea5bc6c48ecf/build-wsl/qemu-system-xtensa -qtest unix:/tmp/qtest-191332.sock -qtest-log /dev/null -chardev socket,path=/tmp/qtest-191332.qmp,id=char0 -mon chardev=char0,mode=control -display none -audio none -machine esp32s3 -S -L pc-bios -global driver=esp32s3.gpio,property=strap_mode,value=0x00 -accel qtest
# starting QEMU: exec /home/polar/.cache/esp32s3vm/qemu-uart-40edccac4156-db51ea5bc6c48ecf/build-wsl/qemu-system-xtensa -qtest unix:/tmp/qtest-191332.sock -qtest-log /dev/null -chardev socket,path=/tmp/qtest-191332.qmp,id=char0 -mon chardev=char0,mode=control -display none -audio none -machine esp32s3 -S -L pc-bios -global driver=esp32s3.gpio,property=strap_mode,value=0x00 -accel qtest
# starting QEMU: exec /home/polar/.cache/esp32s3vm/qemu-uart-40edccac4156-db51ea5bc6c48ecf/build-wsl/qemu-system-xtensa -qtest unix:/tmp/qtest-191332.sock -qtest-log /dev/null -chardev socket,path=/tmp/qtest-191332.qmp,id=char0 -mon chardev=char0,mode=control -display none -audio none -machine esp32s3 -S -L pc-bios -global driver=esp32s3.gpio,property=strap_mode,value=0x00 -accel qtest
ok 12 /xtensa/esp32s3/mcpwm/period-shadow-field-width
# slow test /xtensa/esp32s3/mcpwm/period-shadow-field-width executed in 5.87 secs
# starting QEMU: exec /home/polar/.cache/esp32s3vm/qemu-uart-40edccac4156-db51ea5bc6c48ecf/build-wsl/qemu-system-xtensa -qtest unix:/tmp/qtest-191332.sock -qtest-log /dev/null -chardev socket,path=/tmp/qtest-191332.qmp,id=char0 -mon chardev=char0,mode=control -display none -audio none -machine esp32s3 -S -L pc-bios -global driver=esp32s3.gpio,property=strap_mode,value=0x00 -accel qtest
# starting QEMU: exec /home/polar/.cache/esp32s3vm/qemu-uart-40edccac4156-db51ea5bc6c48ecf/build-wsl/qemu-system-xtensa -qtest unix:/tmp/qtest-191332.sock -qtest-log /dev/null -chardev socket,path=/tmp/qtest-191332.qmp,id=char0 -mon chardev=char0,mode=control -display none -audio none -machine esp32s3 -S -L pc-bios -global driver=esp32s3.gpio,property=strap_mode,value=0x00 -accel qtest
# starting QEMU: exec /home/polar/.cache/esp32s3vm/qemu-uart-40edccac4156-db51ea5bc6c48ecf/build-wsl/qemu-system-xtensa -qtest unix:/tmp/qtest-191332.sock -qtest-log /dev/null -chardev socket,path=/tmp/qtest-191332.qmp,id=char0 -mon chardev=char0,mode=control -display none -audio none -machine esp32s3 -S -L pc-bios -global driver=esp32s3.gpio,property=strap_mode,value=0x00 -accel qtest
# starting QEMU: exec /home/polar/.cache/esp32s3vm/qemu-uart-40edccac4156-db51ea5bc6c48ecf/build-wsl/qemu-system-xtensa -qtest unix:/tmp/qtest-191332.sock -qtest-log /dev/null -chardev socket,path=/tmp/qtest-191332.qmp,id=char0 -mon chardev=char0,mode=control -display none -audio none -machine esp32s3 -S -L pc-bios -global driver=esp32s3.gpio,property=strap_mode,value=0x00 -accel qtest
# starting QEMU: exec /home/polar/.cache/esp32s3vm/qemu-uart-40edccac4156-db51ea5bc6c48ecf/build-wsl/qemu-system-xtensa -qtest unix:/tmp/qtest-191332.sock -qtest-log /dev/null -chardev socket,path=/tmp/qtest-191332.qmp,id=char0 -mon chardev=char0,mode=control -display none -audio none -machine esp32s3 -S -L pc-bios -global driver=esp32s3.gpio,property=strap_mode,value=0x00 -accel qtest
# starting QEMU: exec /home/polar/.cache/esp32s3vm/qemu-uart-40edccac4156-db51ea5bc6c48ecf/build-wsl/qemu-system-xtensa -qtest unix:/tmp/qtest-191332.sock -qtest-log /dev/null -chardev socket,path=/tmp/qtest-191332.qmp,id=char0 -mon chardev=char0,mode=control -display none -audio none -machine esp32s3 -S -L pc-bios -global driver=esp32s3.gpio,property=strap_mode,value=0x00 -accel qtest
ok 13 /xtensa/esp32s3/mcpwm/sync-direction-field-width
# slow test /xtensa/esp32s3/mcpwm/sync-direction-field-width executed in 1.50 secs
# starting QEMU: exec /home/polar/.cache/esp32s3vm/qemu-uart-40edccac4156-db51ea5bc6c48ecf/build-wsl/qemu-system-xtensa -qtest unix:/tmp/qtest-191332.sock -qtest-log /dev/null -chardev socket,path=/tmp/qtest-191332.qmp,id=char0 -mon chardev=char0,mode=control -display none -audio none -machine esp32s3 -S -L pc-bios -global driver=esp32s3.gpio,property=strap_mode,value=0x00 -accel qtest
# starting QEMU: exec /home/polar/.cache/esp32s3vm/qemu-uart-40edccac4156-db51ea5bc6c48ecf/build-wsl/qemu-system-xtensa -qtest unix:/tmp/qtest-191332.sock -qtest-log /dev/null -chardev socket,path=/tmp/qtest-191332.qmp,id=char0 -mon chardev=char0,mode=control -display none -audio none -machine esp32s3 -S -L pc-bios -global driver=esp32s3.gpio,property=strap_mode,value=0x00 -accel qtest
ok 14 /xtensa/esp32s3/mcpwm/sync-above-period-wrap
# slow test /xtensa/esp32s3/mcpwm/sync-above-period-wrap executed in 0.51 secs
# starting QEMU: exec /home/polar/.cache/esp32s3vm/qemu-uart-40edccac4156-db51ea5bc6c48ecf/build-wsl/qemu-system-xtensa -qtest unix:/tmp/qtest-191332.sock -qtest-log /dev/null -chardev socket,path=/tmp/qtest-191332.qmp,id=char0 -mon chardev=char0,mode=control -display none -audio none -machine esp32s3 -S -L pc-bios -global driver=esp32s3.gpio,property=strap_mode,value=0x00 -accel qtest
# starting QEMU: exec /home/polar/.cache/esp32s3vm/qemu-uart-40edccac4156-db51ea5bc6c48ecf/build-wsl/qemu-system-xtensa -qtest unix:/tmp/qtest-191332.sock -qtest-log /dev/null -chardev socket,path=/tmp/qtest-191332.qmp,id=char0 -mon chardev=char0,mode=control -display none -audio none -machine esp32s3 -S -L pc-bios -global driver=esp32s3.gpio,property=strap_mode,value=0x00 -accel qtest
# starting QEMU: exec /home/polar/.cache/esp32s3vm/qemu-uart-40edccac4156-db51ea5bc6c48ecf/build-wsl/qemu-system-xtensa -qtest unix:/tmp/qtest-191332.sock -qtest-log /dev/null -chardev socket,path=/tmp/qtest-191332.qmp,id=char0 -mon chardev=char0,mode=control -display none -audio none -machine esp32s3 -S -L pc-bios -global driver=esp32s3.gpio,property=strap_mode,value=0x00 -accel qtest
# starting QEMU: exec /home/polar/.cache/esp32s3vm/qemu-uart-40edccac4156-db51ea5bc6c48ecf/build-wsl/qemu-system-xtensa -qtest unix:/tmp/qtest-191332.sock -qtest-log /dev/null -chardev socket,path=/tmp/qtest-191332.qmp,id=char0 -mon chardev=char0,mode=control -display none -audio none -machine esp32s3 -S -L pc-bios -global driver=esp32s3.gpio,property=strap_mode,value=0x00 -accel qtest
# starting QEMU: exec /home/polar/.cache/esp32s3vm/qemu-uart-40edccac4156-db51ea5bc6c48ecf/build-wsl/qemu-system-xtensa -qtest unix:/tmp/qtest-191332.sock -qtest-log /dev/null -chardev socket,path=/tmp/qtest-191332.qmp,id=char0 -mon chardev=char0,mode=control -display none -audio none -machine esp32s3 -S -L pc-bios -global driver=esp32s3.gpio,property=strap_mode,value=0x00 -accel qtest
# starting QEMU: exec /home/polar/.cache/esp32s3vm/qemu-uart-40edccac4156-db51ea5bc6c48ecf/build-wsl/qemu-system-xtensa -qtest unix:/tmp/qtest-191332.sock -qtest-log /dev/null -chardev socket,path=/tmp/qtest-191332.qmp,id=char0 -mon chardev=char0,mode=control -display none -audio none -machine esp32s3 -S -L pc-bios -global driver=esp32s3.gpio,property=strap_mode,value=0x00 -accel qtest
ok 15 /xtensa/esp32s3/mcpwm/gate-external-edge-baseline
# slow test /xtensa/esp32s3/mcpwm/gate-external-edge-baseline executed in 2.93 secs
# starting QEMU: exec /home/polar/.cache/esp32s3vm/qemu-uart-40edccac4156-db51ea5bc6c48ecf/build-wsl/qemu-system-xtensa -qtest unix:/tmp/qtest-191332.sock -qtest-log /dev/null -chardev socket,path=/tmp/qtest-191332.qmp,id=char0 -mon chardev=char0,mode=control -display none -audio none -machine esp32s3 -S -L pc-bios -global driver=esp32s3.gpio,property=strap_mode,value=0x00 -accel qtest
# starting QEMU: exec /home/polar/.cache/esp32s3vm/qemu-uart-40edccac4156-db51ea5bc6c48ecf/build-wsl/qemu-system-xtensa -qtest unix:/tmp/qtest-191332.sock -qtest-log /dev/null -chardev socket,path=/tmp/qtest-191332.qmp,id=char0 -mon chardev=char0,mode=control -display none -audio none -machine esp32s3 -S -L pc-bios -global driver=esp32s3.gpio,property=strap_mode,value=0x00 -accel qtest
# starting QEMU: exec /home/polar/.cache/esp32s3vm/qemu-uart-40edccac4156-db51ea5bc6c48ecf/build-wsl/qemu-system-xtensa -qtest unix:/tmp/qtest-191332.sock -qtest-log /dev/null -chardev socket,path=/tmp/qtest-191332.qmp,id=char0 -mon chardev=char0,mode=control -display none -audio none -machine esp32s3 -S -L pc-bios -global driver=esp32s3.gpio,property=strap_mode,value=0x00 -accel qtest
# starting QEMU: exec /home/polar/.cache/esp32s3vm/qemu-uart-40edccac4156-db51ea5bc6c48ecf/build-wsl/qemu-system-xtensa -qtest unix:/tmp/qtest-191332.sock -qtest-log /dev/null -chardev socket,path=/tmp/qtest-191332.qmp,id=char0 -mon chardev=char0,mode=control -display none -audio none -machine esp32s3 -S -L pc-bios -global driver=esp32s3.gpio,property=strap_mode,value=0x00 -accel qtest
# starting QEMU: exec /home/polar/.cache/esp32s3vm/qemu-uart-40edccac4156-db51ea5bc6c48ecf/build-wsl/qemu-system-xtensa -qtest unix:/tmp/qtest-191332.sock -qtest-log /dev/null -chardev socket,path=/tmp/qtest-191332.qmp,id=char0 -mon chardev=char0,mode=control -display none -audio none -machine esp32s3 -S -L pc-bios -global driver=esp32s3.gpio,property=strap_mode,value=0x00 -accel qtest
# starting QEMU: exec /home/polar/.cache/esp32s3vm/qemu-uart-40edccac4156-db51ea5bc6c48ecf/build-wsl/qemu-system-xtensa -qtest unix:/tmp/qtest-191332.sock -qtest-log /dev/null -chardev socket,path=/tmp/qtest-191332.qmp,id=char0 -mon chardev=char0,mode=control -display none -audio none -machine esp32s3 -S -L pc-bios -global driver=esp32s3.gpio,property=strap_mode,value=0x00 -accel qtest
ok 16 /xtensa/esp32s3/mcpwm/ost-deasserted-status-recovery
# slow test /xtensa/esp32s3/mcpwm/ost-deasserted-status-recovery executed in 3.24 secs
# End of mcpwm tests
# End of esp32s3 tests
# End of xtensa tests
